Component: ARM Compiler 5.06 update 6 (build 750) Tool: armlink [4d35ed]

==============================================================================

Section Cross References

    startup_stm32f103xb.o(STACK) refers (Special) to heapauxi.o(.text) for __use_two_region_memory
    startup_stm32f103xb.o(HEAP) refers (Special) to heapauxi.o(.text) for __use_two_region_memory
    startup_stm32f103xb.o(RESET) refers (Special) to heapauxi.o(.text) for __use_two_region_memory
    startup_stm32f103xb.o(RESET) refers to startup_stm32f103xb.o(STACK) for __initial_sp
    startup_stm32f103xb.o(RESET) refers to startup_stm32f103xb.o(.text) for Reset_Handler
    startup_stm32f103xb.o(RESET) refers to stm32f1xx_it.o(i.NMI_Handler) for NMI_Handler
    startup_stm32f103xb.o(RESET) refers to stm32f1xx_it.o(i.HardFault_Handler) for HardFault_Handler
    startup_stm32f103xb.o(RESET) refers to stm32f1xx_it.o(i.MemManage_Handler) for MemManage_Handler
    startup_stm32f103xb.o(RESET) refers to stm32f1xx_it.o(i.BusFault_Handler) for BusFault_Handler
    startup_stm32f103xb.o(RESET) refers to stm32f1xx_it.o(i.UsageFault_Handler) for UsageFault_Handler
    startup_stm32f103xb.o(RESET) refers to stm32f1xx_it.o(i.SVC_Handler) for SVC_Handler
    startup_stm32f103xb.o(RESET) refers to stm32f1xx_it.o(i.DebugMon_Handler) for DebugMon_Handler
    startup_stm32f103xb.o(RESET) refers to stm32f1xx_it.o(i.PendSV_Handler) for PendSV_Handler
    startup_stm32f103xb.o(RESET) refers to stm32f1xx_it.o(i.SysTick_Handler) for SysTick_Handler
    startup_stm32f103xb.o(RESET) refers to stm32f1xx_it.o(i.DMA1_Channel1_IRQHandler) for DMA1_Channel1_IRQHandler
    startup_stm32f103xb.o(RESET) refers to stm32f1xx_it.o(i.USB_HP_CAN1_TX_IRQHandler) for USB_HP_CAN1_TX_IRQHandler
    startup_stm32f103xb.o(RESET) refers to stm32f1xx_it.o(i.USB_LP_CAN1_RX0_IRQHandler) for USB_LP_CAN1_RX0_IRQHandler
    startup_stm32f103xb.o(RESET) refers to stm32f1xx_it.o(i.I2C2_EV_IRQHandler) for I2C2_EV_IRQHandler
    startup_stm32f103xb.o(RESET) refers to stm32f1xx_it.o(i.I2C2_ER_IRQHandler) for I2C2_ER_IRQHandler
    startup_stm32f103xb.o(.text) refers (Special) to heapauxi.o(.text) for __use_two_region_memory
    startup_stm32f103xb.o(.text) refers to system_stm32f1xx.o(i.SystemInit) for SystemInit
    startup_stm32f103xb.o(.text) refers to __main.o(!!!main) for __main
    startup_stm32f103xb.o(.text) refers to startup_stm32f103xb.o(HEAP) for Heap_Mem
    startup_stm32f103xb.o(.text) refers to startup_stm32f103xb.o(STACK) for Stack_Mem
    main.o(i.Check_adc_threshold) refers to main.o(.bss) for .bss
    main.o(i.Check_adc_threshold) refers to main.o(.data) for .data
    main.o(i.HID_VolumeControl) refers to main.o(i.Check_adc_threshold) for Check_adc_threshold
    main.o(i.HID_VolumeControl) refers to usbd_hid.o(i.USBD_HID_SendReport) for USBD_HID_SendReport
    main.o(i.HID_VolumeControl) refers to stm32f1xx_hal.o(i.HAL_Delay) for HAL_Delay
    main.o(i.HID_VolumeControl) refers to main.o(.bss) for .bss
    main.o(i.HID_VolumeControl) refers to usb_device.o(.bss) for hUsbDeviceFS
    main.o(i.KB_Scan) refers to stm32f1xx_hal_gpio.o(i.HAL_GPIO_WritePin) for HAL_GPIO_WritePin
    main.o(i.KB_Scan) refers to stm32f1xx_hal_gpio.o(i.HAL_GPIO_ReadPin) for HAL_GPIO_ReadPin
    main.o(i.Keyboard_Handle) refers to main.o(i.KB_Scan) for KB_Scan
    main.o(i.Keyboard_Handle) refers to main.o(i.Send_key) for Send_key
    main.o(i.Keyboard_Handle) refers to main.o(i.Send_consumer) for Send_consumer
    main.o(i.MX_ADC1_Init) refers to stm32f1xx_hal_adc.o(i.HAL_ADC_Init) for HAL_ADC_Init
    main.o(i.MX_ADC1_Init) refers to stm32f1xx_hal_adc.o(i.HAL_ADC_ConfigChannel) for HAL_ADC_ConfigChannel
    main.o(i.MX_ADC1_Init) refers to main.o(.bss) for .bss
    main.o(i.MX_GPIO_Init) refers to stm32f1xx_hal_gpio.o(i.HAL_GPIO_WritePin) for HAL_GPIO_WritePin
    main.o(i.MX_GPIO_Init) refers to stm32f1xx_hal_gpio.o(i.HAL_GPIO_Init) for HAL_GPIO_Init
    main.o(i.Oled_display) refers to _printf_pad.o(.text) for _printf_pre_padding
    main.o(i.Oled_display) refers to _printf_percent.o(.ARM.Collect$$_printf_percent$$00000000) for _printf_percent
    main.o(i.Oled_display) refers to _printf_d.o(.ARM.Collect$$_printf_percent$$00000009) for _printf_d
    main.o(i.Oled_display) refers to _printf_dec.o(.text) for _printf_int_dec
    main.o(i.Oled_display) refers to _printf_s.o(.ARM.Collect$$_printf_percent$$00000014) for _printf_s
    main.o(i.Oled_display) refers to _printf_str.o(.text) for _printf_str
    main.o(i.Oled_display) refers to ds1307.o(i.DS1307_read) for DS1307_read
    main.o(i.Oled_display) refers to noretval__2sprintf.o(.text) for __2sprintf
    main.o(i.Oled_display) refers to ssd1306.o(i.SSD1306_GotoXY) for SSD1306_GotoXY
    main.o(i.Oled_display) refers to ssd1306.o(i.SSD1306_Puts) for SSD1306_Puts
    main.o(i.Oled_display) refers to ds1307.o(i.DS1307_get_day_of_week) for DS1307_get_day_of_week
[...]
    i.USBD_LL_SetUSBAddress                  0x08005022   Section        0  usbd_conf.o(i.USBD_LL_SetUSBAddress)
    i.USBD_LL_SetupStage                     0x08005034   Section        0  usbd_core.o(i.USBD_LL_SetupStage)
    i.USBD_LL_StallEP                        0x0800508e   Section        0  usbd_conf.o(i.USBD_LL_StallEP)
    i.USBD_LL_Start                          0x080050a0   Section        0  usbd_conf.o(i.USBD_LL_Start)
    i.USBD_LL_Suspend                        0x080050b2   Section        0  usbd_core.o(i.USBD_LL_Suspend)
    i.USBD_LL_Transmit                       0x080050c4   Section        0  usbd_conf.o(i.USBD_LL_Transmit)
    i.USBD_ParseSetupRequest                 0x080050d6   Section        0  usbd_ctlreq.o(i.USBD_ParseSetupRequest)
    i.USBD_RegisterClass                     0x080050fe   Section        0  usbd_core.o(i.USBD_RegisterClass)
    i.USBD_SetClassConfig                    0x0800510e   Section        0  usbd_core.o(i.USBD_SetClassConfig)
    i.USBD_SetConfig                         0x08005124   Section        0  usbd_ctlreq.o(i.USBD_SetConfig)
    USBD_SetConfig                           0x08005125   Thumb Code   128  usbd_ctlreq.o(i.USBD_SetConfig)
    i.USBD_Start                             0x080051a8   Section        0  usbd_core.o(i.USBD_Start)
    i.USBD_StdDevReq                         0x080051b2   Section        0  usbd_ctlreq.o(i.USBD_StdDevReq)
    i.USBD_StdEPReq                          0x080052c4   Section        0  usbd_ctlreq.o(i.USBD_StdEPReq)
    i.USBD_StdItfReq                         0x08005414   Section        0  usbd_ctlreq.o(i.USBD_StdItfReq)
    i.USBD_static_free                       0x08005462   Section        0  usbd_conf.o(i.USBD_static_free)
    i.USBD_static_malloc                     0x08005464   Section        0  usbd_conf.o(i.USBD_static_malloc)
    i.USB_ActivateEndpoint                   0x0800546c   Section        0  stm32f1xx_ll_usb.o(i.USB_ActivateEndpoint)
    i.USB_CoreInit                           0x08005708   Section        0  stm32f1xx_ll_usb.o(i.USB_CoreInit)
    i.USB_DeactivateEndpoint                 0x0800570c   Section        0  stm32f1xx_ll_usb.o(i.USB_DeactivateEndpoint)
    i.USB_DevConnect                         0x0800581a   Section        0  stm32f1xx_ll_usb.o(i.USB_DevConnect)
    i.USB_DevDisconnect                      0x0800581e   Section        0  stm32f1xx_ll_usb.o(i.USB_DevDisconnect)
    i.USB_DevInit                            0x08005822   Section        0  stm32f1xx_ll_usb.o(i.USB_DevInit)
    i.USB_DisableGlobalInt                   0x08005834   Section        0  stm32f1xx_ll_usb.o(i.USB_DisableGlobalInt)
    i.USB_EP0_OutStart                       0x08005842   Section        0  stm32f1xx_ll_usb.o(i.USB_EP0_OutStart)
    i.USB_EPClearStall                       0x08005846   Section        0  stm32f1xx_ll_usb.o(i.USB_EPClearStall)
    i.USB_EPSetStall                         0x080058be   Section        0  stm32f1xx_ll_usb.o(i.USB_EPSetStall)
    i.USB_EPStartXfer                        0x080058f0   Section        0  stm32f1xx_ll_usb.o(i.USB_EPStartXfer)
    i.USB_EnableGlobalInt                    0x08005dd2   Section        0  stm32f1xx_ll_usb.o(i.USB_EnableGlobalInt)
    i.USB_HP_CAN1_TX_IRQHandler              0x08005de4   Section        0  stm32f1xx_it.o(i.USB_HP_CAN1_TX_IRQHandler)
    i.USB_LP_CAN1_RX0_IRQHandler             0x08005df0   Section        0  stm32f1xx_it.o(i.USB_LP_CAN1_RX0_IRQHandler)
    i.USB_ReadInterrupts                     0x08005dfc   Section        0  stm32f1xx_ll_usb.o(i.USB_ReadInterrupts)
    i.USB_ReadPMA                            0x08005e04   Section        0  stm32f1xx_ll_usb.o(i.USB_ReadPMA)
    i.USB_SetCurrentMode                     0x08005e30   Section        0  stm32f1xx_ll_usb.o(i.USB_SetCurrentMode)
    i.USB_SetDevAddress                      0x08005e34   Section        0  stm32f1xx_ll_usb.o(i.USB_SetDevAddress)
    i.USB_WritePMA                           0x08005e40   Section        0  stm32f1xx_ll_usb.o(i.USB_WritePMA)
    i.UsageFault_Handler                     0x08005e66   Section        0  stm32f1xx_it.o(i.UsageFault_Handler)
    i.__NVIC_SetPriority                     0x08005e68   Section        0  stm32f1xx_hal_cortex.o(i.__NVIC_SetPriority)
    __NVIC_SetPriority                       0x08005e69   Thumb Code    32  stm32f1xx_hal_cortex.o(i.__NVIC_SetPriority)
    i._is_digit                              0x08005e88   Section        0  __printf_wp.o(i._is_digit)
    i.main                                   0x08005e98   Section        0  main.o(i.main)
    i.ssd1306_I2C_Init                       0x08005fd8   Section        0  ssd1306.o(i.ssd1306_I2C_Init)
    i.ssd1306_I2C_Write                      0x08005fe4   Section        0  ssd1306.o(i.ssd1306_I2C_Write)
    i.ssd1306_I2C_WriteMulti                 0x08006004   Section        0  ssd1306.o(i.ssd1306_I2C_WriteMulti)
    .constdata                               0x0800603c   Section       70  main.o(.constdata)
    .constdata                               0x08006082   Section       18  stm32f1xx_hal_rcc.o(.constdata)
    aPredivFactorTable                       0x08006082   Data           2  stm32f1xx_hal_rcc.o(.constdata)
    aPLLMULFactorTable                       0x08006084   Data          16  stm32f1xx_hal_rcc.o(.constdata)
    .constdata                               0x08006094   Section       18  stm32f1xx_hal_rcc_ex.o(.constdata)
    aPredivFactorTable                       0x08006094   Data           2  stm32f1xx_hal_rcc_ex.o(.constdata)
    aPLLMULFactorTable                       0x08006096   Data          16  stm32f1xx_hal_rcc_ex.o(.constdata)
    .constdata                               0x080060a6   Section       16  system_stm32f1xx.o(.constdata)
    .constdata                               0x080060b6   Section        8  system_stm32f1xx.o(.constdata)
    .constdata                               0x080060be   Section     1900  fonts.o(.constdata)
    .constdata                               0x0800682a   Section       17  __printf_flags_wp.o(.constdata)
    maptable                                 0x0800682a   Data          17  __printf_flags_wp.o(.constdata)
    .data                                    0x20000000   Section       28  main.o(.data)
    is_first_run                             0x20000002   Data           2  main.o(.data)
    prev_adc_val                             0x20000004   Data           2  main.o(.data)
    time                                     0x20000008   Data           4  main.o(.data)
    .data                                    0x2000001c   Section       12  stm32f1xx_hal.o(.data)
    .data                                    0x20000028   Section        4  system_stm32f1xx.o(.data)
    .data                                    0x2000002c   Section        8  fonts.o(.data)
    .data                                    0x20000034   Section        6  ssd1306.o(.data)
    SSD1306                                  0x20000034   Data           6  ssd1306.o(.data)
    .data                                    0x2000003c   Section        4  ds1307.o(.data)
    .data                                    0x20000040   Section       28  usbd_desc.o(.data)
    .data                                    0x2000005c   Section       50  usbd_desc.o(.data)
    .data                                    0x2000008e   Section        1  usbd_ctlreq.o(.data)
    cfgidx                                   0x2000008e   Data           1  usbd_ctlreq.o(.data)
    .data                                    0x20000090   Section       56  usbd_hid.o(.data)
    .data                                    0x200000c8   Section      234  usbd_hid.o(.data)
    USBD_HID_CfgFSDesc                       0x200000c8   Data          34  usbd_hid.o(.data)
    USBD_HID_CfgHSDesc                       0x200000ec   Data          34  usbd_hid.o(.data)
    USBD_HID_OtherSpeedCfgDesc               0x20000110   Data          34  usbd_hid.o(.data)
    USBD_HID_Desc                            0x20000134   Data           9  usbd_hid.o(.data)
    USBD_HID_DeviceQualifierDesc             0x20000140   Data          10  usbd_hid.o(.data)
    HID_MOUSE_ReportDesc                     0x2000014c   Data         102  usbd_hid.o(.data)
    .bss                                     0x200001b4   Section      392  main.o(.bss)
    .bss                                     0x2000033c   Section       68  main.o(.bss)
    .bss                                     0x20000380   Section     1024  ssd1306.o(.bss)
    SSD1306_Buffer                           0x20000380   Data        1024  ssd1306.o(.bss)
    .bss                                     0x20000780   Section      708  usb_device.o(.bss)
    .bss                                     0x20000a44   Section      512  usbd_desc.o(.bss)
    .bss                                     0x20000c44   Section      748  usbd_conf.o(.bss)
    mem                                      0x20000c44   Data          20  usbd_conf.o(.bss)
    .bss                                     0x20000f30   Section       96  libspace.o(.bss)
    HEAP                                     0x20000f90   Section      512  startup_stm32f103xb.o(HEAP)
    Heap_Mem                                 0x20000f90   Data         512  startup_stm32f103xb.o(HEAP)
    STACK                                    0x20001190   Section     1024  startup_stm32f103xb.o(STACK)
    Stack_Mem                                0x20001190   Data        1024  startup_stm32f103xb.o(STACK)
    __initial_sp                             0x20001590   Data           0  startup_stm32f103xb.o(STACK)

    Global Symbols

    Symbol Name                              Value     Ov Type        Size  Object(Section)

    BuildAttributes$$THM_ISAv4$P$D$K$B$S$PE$A:L22UL41UL21$X:L11$S22US41US21$IEEE1$IW$USESV6$~STKCKD$USESV7$~SHL$OSPACE$ROPI$EBA8$UX$STANDARDLIB$REQ8$PRES8$EABIv2 0x00000000   Number         0  anon$$obj.o ABSOLUTE
    __ARM_use_no_argv                        0x00000000   Number         0  main.o ABSOLUTE
    _printf_flags                            0x00000000   Number         0  printf_stubs.o ABSOLUTE
    _printf_return_value                     0x00000000   Number         0  printf_stubs.o ABSOLUTE
    _printf_sizespec                         0x00000000   Number         0  printf_stubs.o ABSOLUTE
    _printf_widthprec                        0x00000000   Number         0  printf_stubs.o ABSOLUTE
    __ARM_exceptions_init                     - Undefined Weak Reference
    __alloca_initialize                       - Undefined Weak Reference
    __arm_preinit_                            - Undefined Weak Reference
    __cpp_initialize__aeabi_                  - Undefined Weak Reference
    __cxa_finalize                            - Undefined Weak Reference
    __rt_locale                               - Undefined Weak Reference
    __sigvec_lookup                           - Undefined Weak Reference
    _atexit_init                              - Undefined Weak Reference
    _call_atexit_fns                          - Undefined Weak Reference
    _clock_init                               - Undefined Weak Reference
    _fp_trap_init                             - Undefined Weak Reference
    _fp_trap_shutdown                         - Undefined Weak Reference
    _get_lc_collate                           - Undefined Weak Reference
    _get_lc_ctype                             - Undefined Weak Reference
    _get_lc_monetary                          - Undefined Weak Reference
    _get_lc_numeric                           - Undefined Weak Reference
    _get_lc_time                              - Undefined Weak Reference
    _getenv_init                              - Undefined Weak Reference
    _handle_redirection                       - Undefined Weak Reference
    _init_alloc                               - Undefined Weak Reference
    _init_user_alloc                          - Undefined Weak Reference
    _initio                                   - Undefined Weak Reference
    _printf_mbtowc                            - Undefined Weak Reference
    _printf_truncate_signed                   - Undefined Weak Reference
    _printf_truncate_unsigned                 - Undefined Weak Reference
    _rand_init                                - Undefined Weak Reference
    _signal_finish                            - Undefined Weak Reference
    _signal_init                              - Undefined Weak Reference
    _terminate_alloc                          - Undefined Weak Reference
    _terminate_user_alloc                     - Undefined Weak Reference
    _terminateio                              - Undefined Weak Reference
    __Vectors_Size                           0x000000ec   Number         0  startup_stm32f103xb.o ABSOLUTE
    __Vectors                                0x08000000   Data           4  startup_stm32f103xb.o(RESET)
    __Vectors_End                            0x080000ec   Data           0  startup_stm32f103xb.o(RESET)
    __main                                   0x080000ed   Thumb Code     8  __main.o(!!!main)
    __scatterload                            0x080000f5   Thumb Code     0  __scatter.o(!!!scatter)
    __scatterload_rt2                        0x080000f5   Thumb Code    44  __scatter.o(!!!scatter)
    __scatterload_rt2_thumb_only             0x080000f5   Thumb Code     0  __scatter.o(!!!scatter)
    __scatterload_null                       0x08000103   Thumb Code     0  __scatter.o(!!!scatter)
    __decompress                             0x08000129   Thumb Code    90  __dczerorl2.o(!!dczerorl2)
    __decompress1                            0x08000129   Thumb Code     0  __dczerorl2.o(!!dczerorl2)
    __scatterload_zeroinit                   0x08000185   Thumb Code    28  __scatter_zi.o(!!handler_zi)
    _printf_d                                0x080001a1   Thumb Code     0  _printf_d.o(.ARM.Collect$$_printf_percent$$00000009)
    _printf_percent                          0x080001a1   Thumb Code     0  _printf_percent.o(.ARM.Collect$$_printf_percent$$00000000)
    _printf_s                                0x080001a7   Thumb Code     0  _printf_s.o(.ARM.Collect$$_printf_percent$$00000014)
    _printf_percent_end                      0x080001ad   Thumb Code     0  _printf_percent_end.o(.ARM.Collect$$_printf_percent$$00000017)
    __rt_lib_init                            0x080001b1   Thumb Code     0  libinit.o(.ARM.Collect$$libinit$$00000000)
    __rt_lib_init_alloca_1                   0x080001b3   Thumb Code     0  libinit2.o(.ARM.Collect$$libinit$$0000002E)
    __rt_lib_init_argv_1                     0x080001b3   Thumb Code     0  libinit2.o(.ARM.Collect$$libinit$$0000002C)
    __rt_lib_init_atexit_1                   0x080001b3   Thumb Code     0  libinit2.o(.ARM.Collect$$libinit$$0000001B)
    __rt_lib_init_clock_1                    0x080001b3   Thumb Code     0  libinit2.o(.ARM.Collect$$libinit$$00000021)
    __rt_lib_init_cpp_1                      0x080001b3   Thumb Code     0  libinit2.o(.ARM.Collect$$libinit$$00000032)
    __rt_lib_init_exceptions_1               0x080001b3   Thumb Code     0  libinit2.o(.ARM.Collect$$libinit$$00000030)
    __rt_lib_init_fp_1                       0x080001b3   Thumb Code     0  libinit2.o(.ARM.Collect$$libinit$$00000002)
    __rt_lib_init_fp_trap_1                  0x080001b3   Thumb Code     0  libinit2.o(.ARM.Collect$$libinit$$0000001F)
    __rt_lib_init_getenv_1                   0x080001b3   Thumb Code     0  libinit2.o(.ARM.Collect$$libinit$$00000023)
    __rt_lib_init_heap_1                     0x080001b3   Thumb Code     0  libinit2.o(.ARM.Collect$$libinit$$0000000A)
    __rt_lib_init_lc_collate_1               0x080001b3   Thumb Code     0  libinit2.o(.ARM.Collect$$libinit$$00000011)
    __rt_lib_init_lc_ctype_1                 0x080001b3   Thumb Code     0  libinit2.o(.ARM.Collect$$libinit$$00000013)
    __rt_lib_init_lc_monetary_1              0x080001b3   Thumb Code     0  libinit2.o(.ARM.Collect$$libinit$$00000015)
    __rt_lib_init_lc_numeric_1               0x080001b3   Thumb Code     0  libinit2.o(.ARM.Collect$$libinit$$00000017)
    __rt_lib_init_lc_time_1                  0x080001b3   Thumb Code     0  libinit2.o(.ARM.Collect$$libinit$$00000019)
    __rt_lib_init_preinit_1                  0x080001b3   Thumb Code     0  libinit2.o(.ARM.Collect$$libinit$$00000004)
    __rt_lib_init_rand_1                     0x080001b3   Thumb Code     0  libinit2.o(.ARM.Collect$$libinit$$0000000E)
    __rt_lib_init_return                     0x080001b3   Thumb Code     0  libinit2.o(.ARM.Collect$$libinit$$00000033)
    __rt_lib_init_signal_1                   0x080001b3   Thumb Code     0  libinit2.o(.ARM.Collect$$libinit$$0000001D)
    __rt_lib_init_stdio_1                    0x080001b3   Thumb Code     0  libinit2.o(.ARM.Collect$$libinit$$00000025)
    __rt_lib_init_user_alloc_1               0x080001b3   Thumb Code     0  libinit2.o(.ARM.Collect$$libinit$$0000000C)
    __rt_lib_shutdown                        0x080001b5   Thumb Code     0  libshutdown.o(.ARM.Collect$$libshutdown$$00000000)
    __rt_lib_shutdown_cpp_1                  0x080001b7   Thumb Code     0  libshutdown2.o(.ARM.Collect$$libshutdown$$00000002)
    __rt_lib_shutdown_fp_trap_1              0x080001b7   Thumb Code     0  libshutdown2.o(.ARM.Collect$$libshutdown$$00000007)
    __rt_lib_shutdown_heap_1                 0x080001b7   Thumb Code     0  libshutdown2.o(.ARM.Collect$$libshutdown$$0000000F)
    __rt_lib_shutdown_return                 0x080001b7   Thumb Code     0  libshutdown2.o(.ARM.Collect$$libshutdown$$00000010)
    __rt_lib_shutdown_signal_1               0x080001b7   Thumb Code     0  libshutdown2.o(.ARM.Collect$$libshutdown$$0000000A)
    __rt_lib_shutdown_stdio_1                0x080001b7   Thumb Code     0  libshutdown2.o(.ARM.Collect$$libshutdown$$00000004)
    __rt_lib_shutdown_user_alloc_1           0x080001b7   Thumb Code     0  libshutdown2.o(.ARM.Collect$$libshutdown$$0000000C)
    __rt_entry                               0x080001b9   Thumb Code     0  __rtentry.o(.ARM.Collect$$rtentry$$00000000)
    __rt_entry_presh_1                       0x080001b9   Thumb Code     0  __rtentry2.o(.ARM.Collect$$rtentry$$00000002)
    __rt_entry_sh                            0x080001b9   Thumb Code     0  __rtentry4.o(.ARM.Collect$$rtentry$$00000004)
    __rt_entry_li                            0x080001bf   Thumb Code     0  __rtentry2.o(.ARM.Collect$$rtentry$$0000000A)
    __rt_entry_postsh_1                      0x080001bf   Thumb Code     0  __rtentry2.o(.ARM.Collect$$rtentry$$00000009)
    __rt_entry_main                          0x080001c3   Thumb Code     0  __rtentry2.o(.ARM.Collect$$rtentry$$0000000D)
    __rt_entry_postli_1                      0x080001c3   Thumb Code     0  __rtentry2.o(.ARM.Collect$$rtentry$$0000000C)
    __rt_exit                                0x080001cb   Thumb Code     0  rtexit.o(.ARM.Collect$$rtexit$$00000000)
    __rt_exit_ls                             0x080001cd   Thumb Code     0  rtexit2.o(.ARM.Collect$$rtexit$$00000003)
    __rt_exit_prels_1                        0x080001cd   Thumb Code     0  rtexit2.o(.ARM.Collect$$rtexit$$00000002)
    __rt_exit_exit                           0x080001d1   Thumb Code     0  rtexit2.o(.ARM.Collect$$rtexit$$00000004)
    Reset_Handler                            0x080001d9   Thumb Code     8  startup_stm32f103xb.o(.text)
    ADC1_2_IRQHandler                        0x080001f3   Thumb Code     0  startup_stm32f103xb.o(.text)
    CAN1_RX1_IRQHandler                      0x080001f3   Thumb Code     0  startup_stm32f103xb.o(.text)
    CAN1_SCE_IRQHandler                      0x080001f3   Thumb Code     0  startup_stm32f103xb.o(.text)
    DMA1_Channel2_IRQHandler                 0x080001f3   Thumb Code     0  startup_stm32f103xb.o(.text)
    DMA1_Channel3_IRQHandler                 0x080001f3   Thumb Code     0  startup_stm32f103xb.o(.text)
    DMA1_Channel4_IRQHandler                 0x080001f3   Thumb Code     0  startup_stm32f103xb.o(.text)
    DMA1_Channel5_IRQHandler                 0x080001f3   Thumb Code     0  startup_stm32f103xb.o(.text)
    DMA1_Channel6_IRQHandler                 0x080001f3   Thumb Code     0  startup_stm32f103xb.o(.text)
    DMA1_Channel7_IRQHandler                 0x080001f3   Thumb Code     0  startup_stm32f103xb.o(.text)
    EXTI0_IRQHandler                         0x080001f3   Thumb Code     0  startup_stm32f103xb.o(.text)
    EXTI15_10_IRQHandler                     0x080001f3   Thumb Code     0  startup_stm32f103xb.o(.text)
    EXTI1_IRQHandler                         0x080001f3   Thumb Code     0  startup_stm32f103xb.o(.text)
    EXTI2_IRQHandler                         0x080001f3   Thumb Code     0  startup_stm32f103xb.o(.text)
    EXTI3_IRQHandler                         0x080001f3   Thumb Code     0  startup_stm32f103xb.o(.text)
    EXTI4_IRQHandler                         0x080001f3   Thumb Code     0  startup_stm32f103xb.o(.text)
    EXTI9_5_IRQHandler                       0x080001f3   Thumb Code     0  startup_stm32f103xb.o(.text)
    FLASH_IRQHandler                         0x080001f3   Thumb Code     0  startup_stm32f103xb.o(.text)
    I2C1_ER_IRQHandler                       0x080001f3   Thumb Code     0  startup_stm32f103xb.o(.text)
    I2C1_EV_IRQHandler                       0x080001f3   Thumb Code     0  startup_stm32f103xb.o(.text)
    PVD_IRQHandler                           0x080001f3   Thumb Code     0  startup_stm32f103xb.o(.text)
    RCC_IRQHandler                           0x080001f3   Thumb Code     0  startup_stm32f103xb.o(.text)
    RTC_Alarm_IRQHandler                     0x080001f3   Thumb Code     0  startup_stm32f103xb.o(.text)
    RTC_IRQHandler                           0x080001f3   Thumb Code     0  startup_stm32f103xb.o(.text)
    SPI1_IRQHandler                          0x080001f3   Thumb Code     0  startup_stm32f103xb.o(.text)
    SPI2_IRQHandler                          0x080001f3   Thumb Code     0  startup_stm32f103xb.o(.text)
    TAMPER_IRQHandler                        0x080001f3   Thumb Code     0  startup_stm32f103xb.o(.text)
    TIM1_BRK_IRQHandler                      0x080001f3   Thumb Code     0  startup_stm32f103xb.o(.text)
    TIM1_CC_IRQHandler                       0x080001f3   Thumb Code     0  startup_stm32f103xb.o(.text)
    TIM1_TRG_COM_IRQHandler                  0x080001f3   Thumb Code     0  startup_stm32f103xb.o(.text)
    TIM1_UP_IRQHandler                       0x080001f3   Thumb Code     0  startup_stm32f103xb.o(.text)
    TIM2_IRQHandler                          0x080001f3   Thumb Code     0  startup_stm32f103xb.o(.text)
    TIM3_IRQHandler                          0x080001f3   Thumb Code     0  startup_stm32f103xb.o(.text)
    TIM4_IRQHandler                          0x080001f3   Thumb Code     0  startup_stm32f103xb.o(.text)
    USART1_IRQHandler                        0x080001f3   Thumb Code     0  startup_stm32f103xb.o(.text)
    USART2_IRQHandler                        0x080001f3   Thumb Code     0  startup_stm32f103xb.o(.text)
    USART3_IRQHandler                        0x080001f3   Thumb Code     0  startup_stm32f103xb.o(.text)
    USBWakeUp_IRQHandler                     0x080001f3   Thumb Code     0  startup_stm32f103xb.o(.text)
    WWDG_IRQHandler                          0x080001f3   Thumb Code     0  startup_stm32f103xb.o(.text)
    __user_initial_stackheap                 0x080001f5   Thumb Code     0  startup_stm32f103xb.o(.text)
    __2sprintf                               0x08000219   Thumb Code    34  noretval__2sprintf.o(.text)
    _printf_pre_padding                      0x08000241   Thumb Code    44  _printf_pad.o(.text)
    _printf_post_padding                     0x0800026d   Thumb Code    34  _printf_pad.o(.text)
    _printf_str                              0x0800028f   Thumb Code    82  _printf_str.o(.text)
    _printf_int_dec                          0x080002e1   Thumb Code   104  _printf_dec.o(.text)
    __printf                                 0x08000359   Thumb Code   308  __printf_flags_wp.o(.text)
    __aeabi_memset                           0x08000491   Thumb Code    16  aeabi_memset.o(.text)
    __aeabi_memclr4                          0x080004a1   Thumb Code     0  rt_memclr_w.o(.text)
    __aeabi_memclr8                          0x080004a1   Thumb Code     0  rt_memclr_w.o(.text)
    __rt_memclr_w                            0x080004a1   Thumb Code    78  rt_memclr_w.o(.text)
    _memset_w                                0x080004a5   Thumb Code     0  rt_memclr_w.o(.text)
    __use_two_region_memory                  0x080004ef   Thumb Code     2  heapauxi.o(.text)
    __rt_heap_escrow$2region                 0x080004f1   Thumb Code     2  heapauxi.o(.text)
    __rt_heap_expand$2region                 0x080004f3   Thumb Code     2  heapauxi.o(.text)
    _printf_int_common                       0x080004f5   Thumb Code   178  _printf_intcommon.o(.text)
    _printf_char_common                      0x080005b3   Thumb Code    32  _printf_char_common.o(.text)
    _sputc                                   0x080005d9   Thumb Code    10  _sputc.o(.text)
    _printf_cs_common                        0x080005e3   Thumb Code    20  _printf_char.o(.text)
    _printf_char                             0x080005f7   Thumb Code    16  _printf_char.o(.text)
    _printf_string                           0x08000607   Thumb Code     8  _printf_char.o(.text)
    __aeabi_memclr                           0x0800060f   Thumb Code     0  rt_memclr.o(.text)
    __rt_memclr                              0x0800060f   Thumb Code    68  rt_memclr.o(.text)
    _memset                                  0x08000613   Thumb Code     0  rt_memclr.o(.text)
    __user_setup_stackheap                   0x08000653   Thumb Code    74  sys_stackheap_outer.o(.text)
    exit                                     0x0800069d   Thumb Code    18  exit.o(.text)
    __user_libspace                          0x080006b1   Thumb Code     8  libspace.o(.text)
    __user_perproc_libspace                  0x080006b1   Thumb Code     0  libspace.o(.text)
    __user_perthread_libspace                0x080006b1   Thumb Code     0  libspace.o(.text)
    _sys_exit                                0x080006b9   Thumb Code     8  sys_exit.o(.text)
    __I$use$semihosting                      0x080006c5   Thumb Code     0  use_no_semi.o(.text)
    __use_no_semihosting_swi                 0x080006c5   Thumb Code     2  use_no_semi.o(.text)
    __semihosting_library_function           0x080006c7   Thumb Code     0  indicate_semi.o(.text)
    ADC_ConversionStop_Disable               0x080006c9   Thumb Code    86  stm32f1xx_hal_adc.o(i.ADC_ConversionStop_Disable)
    ADC_DMAConvCplt                          0x0800071f   Thumb Code    78  stm32f1xx_hal_adc.o(i.ADC_DMAConvCplt)
    ADC_DMAError                             0x0800076d   Thumb Code    26  stm32f1xx_hal_adc.o(i.ADC_DMAError)
    ADC_DMAHalfConvCplt                      0x08000787   Thumb Code    10  stm32f1xx_hal_adc.o(i.ADC_DMAHalfConvCplt)
    ADC_Enable                               0x08000791   Thumb Code   114  stm32f1xx_hal_adc.o(i.ADC_Enable)
    BCD_to_Dec                               0x0800080d   Thumb Code    18  ds1307.o(i.BCD_to_Dec)
    BusFault_Handler                         0x0800081f   Thumb Code     2  stm32f1xx_it.o(i.BusFault_Handler)
    Check_adc_threshold                      0x08000821   Thumb Code    56  main.o(i.Check_adc_threshold)
    DMA1_Channel1_IRQHandler                 0x08000861   Thumb Code     6  stm32f1xx_it.o(i.DMA1_Channel1_IRQHandler)
    DS1307_Init                              0x08000899   Thumb Code     6  ds1307.o(i.DS1307_Init)
    DS1307_get_day_of_week                   0x080008a5   Thumb Code    94  ds1307.o(i.DS1307_get_day_of_week)
    DS1307_read                              0x08000905   Thumb Code   114  ds1307.o(i.DS1307_read)
    DebugMon_Handler                         0x0800097d   Thumb Code     2  stm32f1xx_it.o(i.DebugMon_Handler)
    Error_Handler                            0x0800097f   Thumb Code     4  main.o(i.Error_Handler)
    HAL_ADCEx_Calibration_Start              0x08000985   Thumb Code   210  stm32f1xx_hal_adc_ex.o(i.HAL_ADCEx_Calibration_Start)
    HAL_ADC_ConfigChannel                    0x08000a5d   Thumb Code   240  stm32f1xx_hal_adc.o(i.HAL_ADC_ConfigChannel)
    HAL_ADC_ConvCpltCallback                 0x08000b59   Thumb Code     2  stm32f1xx_hal_adc.o(i.HAL_ADC_ConvCpltCallback)
    HAL_ADC_ConvHalfCpltCallback             0x08000b5b   Thumb Code     2  stm32f1xx_hal_adc.o(i.HAL_ADC_ConvHalfCpltCallback)
    HAL_ADC_ErrorCallback                    0x08000b5d   Thumb Code     2  stm32f1xx_hal_adc.o(i.HAL_ADC_ErrorCallback)
    HAL_ADC_Init                             0x08000b61   Thumb Code   272  stm32f1xx_hal_adc.o(i.HAL_ADC_Init)
    HAL_ADC_MspInit                          0x08000c7d   Thumb Code   120  stm32f1xx_hal_msp.o(i.HAL_ADC_MspInit)
    HAL_ADC_Start_DMA                        0x08000d09   Thumb Code   246  stm32f1xx_hal_adc.o(i.HAL_ADC_Start_DMA)
    HAL_DMA_Abort_IT                         0x08000e15   Thumb Code   148  stm32f1xx_hal_dma.o(i.HAL_DMA_Abort_IT)
    HAL_DMA_GetState                         0x08000ead   Thumb Code     6  stm32f1xx_hal_dma.o(i.HAL_DMA_GetState)
    HAL_DMA_IRQHandler                       0x08000eb5   Thumb Code   316  stm32f1xx_hal_dma.o(i.HAL_DMA_IRQHandler)
    HAL_DMA_Init                             0x08001009   Thumb Code    84  stm32f1xx_hal_dma.o(i.HAL_DMA_Init)
    HAL_DMA_Start_IT                         0x08001065   Thumb Code   112  stm32f1xx_hal_dma.o(i.HAL_DMA_Start_IT)
    HAL_Delay                                0x080010d5   Thumb Code    32  stm32f1xx_hal.o(i.HAL_Delay)
    HAL_GPIO_Init                            0x080010f9   Thumb Code   446  stm32f1xx_hal_gpio.o(i.HAL_GPIO_Init)
    HAL_GPIO_ReadPin                         0x080012d9   Thumb Code    10  stm32f1xx_hal_gpio.o(i.HAL_GPIO_ReadPin)
    HAL_GPIO_WritePin                        0x080012e3   Thumb Code    10  stm32f1xx_hal_gpio.o(i.HAL_GPIO_WritePin)
    HAL_GetTick                              0x080012ed   Thumb Code     6  stm32f1xx_hal.o(i.HAL_GetTick)
    HAL_I2C_AbortCpltCallback                0x080012f9   Thumb Code     2  stm32f1xx_hal_i2c.o(i.HAL_I2C_AbortCpltCallback)
    HAL_I2C_AddrCallback                     0x080012fb   Thumb Code     2  stm32f1xx_hal_i2c.o(i.HAL_I2C_AddrCallback)
    HAL_I2C_ER_IRQHandler                    0x080012fd   Thumb Code   196  stm32f1xx_hal_i2c.o(i.HAL_I2C_ER_IRQHandler)
    HAL_I2C_EV_IRQHandler                    0x080013c1   Thumb Code   560  stm32f1xx_hal_i2c.o(i.HAL_I2C_EV_IRQHandler)
    HAL_I2C_ErrorCallback                    0x080015f1   Thumb Code     2  stm32f1xx_hal_i2c.o(i.HAL_I2C_ErrorCallback)
    HAL_I2C_Init                             0x080015f5   Thumb Code   376  stm32f1xx_hal_i2c.o(i.HAL_I2C_Init)
    HAL_I2C_IsDeviceReady                    0x0800177d   Thumb Code   354  stm32f1xx_hal_i2c.o(i.HAL_I2C_IsDeviceReady)
    HAL_I2C_ListenCpltCallback               0x080018e9   Thumb Code     2  stm32f1xx_hal_i2c.o(i.HAL_I2C_ListenCpltCallback)
    HAL_I2C_MasterRxCpltCallback             0x080018eb   Thumb Code     2  stm32f1xx_hal_i2c.o(i.HAL_I2C_MasterRxCpltCallback)
    HAL_I2C_MasterTxCpltCallback             0x080018ed   Thumb Code     2  stm32f1xx_hal_i2c.o(i.HAL_I2C_MasterTxCpltCallback)
    HAL_I2C_Master_Receive                   0x080018f1   Thumb Code   576  stm32f1xx_hal_i2c.o(i.HAL_I2C_Master_Receive)
    HAL_I2C_Master_Transmit                  0x08001b41   Thumb Code   290  stm32f1xx_hal_i2c.o(i.HAL_I2C_Master_Transmit)
    HAL_I2C_MemRxCpltCallback                0x08001c6d   Thumb Code     2  stm32f1xx_hal_i2c.o(i.HAL_I2C_MemRxCpltCallback)
    HAL_I2C_MemTxCpltCallback                0x08001c6f   Thumb Code     2  stm32f1xx_hal_i2c.o(i.HAL_I2C_MemTxCpltCallback)
    HAL_I2C_MspInit                          0x08001c71   Thumb Code   168  stm32f1xx_hal_msp.o(i.HAL_I2C_MspInit)
    HAL_I2C_SlaveRxCpltCallback              0x08001d29   Thumb Code     2  stm32f1xx_hal_i2c.o(i.HAL_I2C_SlaveRxCpltCallback)
    HAL_I2C_SlaveTxCpltCallback              0x08001d2b   Thumb Code     2  stm32f1xx_hal_i2c.o(i.HAL_I2C_SlaveTxCpltCallback)
    HAL_IncTick                              0x08001d2d   Thumb Code    12  stm32f1xx_hal.o(i.HAL_IncTick)
    HAL_Init                                 0x08001d3d   Thumb Code    32  stm32f1xx_hal.o(i.HAL_Init)
    HAL_InitTick                             0x08001d61   Thumb Code    54  stm32f1xx_hal.o(i.HAL_InitTick)
    HAL_MspInit                              0x08001da1   Thumb Code    52  stm32f1xx_hal_msp.o(i.HAL_MspInit)
    HAL_NVIC_EnableIRQ                       0x08001ddd   Thumb Code    26  stm32f1xx_hal_cortex.o(i.HAL_NVIC_EnableIRQ)
    HAL_NVIC_SetPriority                     0x08001df9   Thumb Code    60  stm32f1xx_hal_cortex.o(i.HAL_NVIC_SetPriority)
    HAL_NVIC_SetPriorityGrouping             0x08001e39   Thumb Code    26  stm32f1xx_hal_cortex.o(i.HAL_NVIC_SetPriorityGrouping)
    HAL_PCDEx_PMAConfig                      0x08001e5d   Thumb Code    60  stm32f1xx_hal_pcd_ex.o(i.HAL_PCDEx_PMAConfig)
    HAL_PCDEx_SetConnectionState             0x08001e99   Thumb Code     2  usbd_conf.o(i.HAL_PCDEx_SetConnectionState)
    HAL_PCD_DataInStageCallback              0x08001e9b   Thumb Code    18  usbd_conf.o(i.HAL_PCD_DataInStageCallback)
    HAL_PCD_DataOutStageCallback             0x08001ead   Thumb Code    20  usbd_conf.o(i.HAL_PCD_DataOutStageCallback)
    HAL_PCD_EP_Close                         0x08001ec1   Thumb Code    74  stm32f1xx_hal_pcd.o(i.HAL_PCD_EP_Close)
    HAL_PCD_EP_ClrStall                      0x08001f0b   Thumb Code    90  stm32f1xx_hal_pcd.o(i.HAL_PCD_EP_ClrStall)
    HAL_PCD_EP_Open                          0x08002383   Thumb Code    88  stm32f1xx_hal_pcd.o(i.HAL_PCD_EP_Open)
    HAL_PCD_EP_Receive                       0x080023db   Thumb Code    46  stm32f1xx_hal_pcd.o(i.HAL_PCD_EP_Receive)
    HAL_PCD_EP_SetStall                      0x08002409   Thumb Code   112  stm32f1xx_hal_pcd.o(i.HAL_PCD_EP_SetStall)
    HAL_PCD_EP_Transmit                      0x08002479   Thumb Code    46  stm32f1xx_hal_pcd.o(i.HAL_PCD_EP_Transmit)
    HAL_PCD_IRQHandler                       0x080024a9   Thumb Code   308  stm32f1xx_hal_pcd.o(i.HAL_PCD_IRQHandler)
    HAL_PCD_Init                             0x080025dd   Thumb Code   186  stm32f1xx_hal_pcd.o(i.HAL_PCD_Init)
    HAL_PCD_MspInit                          0x08002699   Thumb Code    66  usbd_conf.o(i.HAL_PCD_MspInit)
    HAL_PCD_ResetCallback                    0x080026e5   Thumb Code    38  usbd_conf.o(i.HAL_PCD_ResetCallback)
    HAL_PCD_ResumeCallback                   0x0800270b   Thumb Code     8  usbd_conf.o(i.HAL_PCD_ResumeCallback)
    HAL_PCD_SOFCallback                      0x08002713   Thumb Code     8  usbd_conf.o(i.HAL_PCD_SOFCallback)
    HAL_PCD_SetAddress                       0x0800271b   Thumb Code    38  stm32f1xx_hal_pcd.o(i.HAL_PCD_SetAddress)
    HAL_PCD_SetupStageCallback               0x08002741   Thumb Code    14  usbd_conf.o(i.HAL_PCD_SetupStageCallback)
    HAL_PCD_Start                            0x0800274f   Thumb Code    50  stm32f1xx_hal_pcd.o(i.HAL_PCD_Start)
    HAL_PCD_SuspendCallback                  0x08002781   Thumb Code    30  usbd_conf.o(i.HAL_PCD_SuspendCallback)
    HAL_RCCEx_GetPeriphCLKFreq               0x080027a5   Thumb Code   148  stm32f1xx_hal_rcc_ex.o(i.HAL_RCCEx_GetPeriphCLKFreq)
    HAL_RCCEx_PeriphCLKConfig                0x08002849   Thumb Code   224  stm32f1xx_hal_rcc_ex.o(i.HAL_RCCEx_PeriphCLKConfig)
    HAL_RCC_ClockConfig                      0x08002935   Thumb Code   280  stm32f1xx_hal_rcc.o(i.HAL_RCC_ClockConfig)
    HAL_RCC_GetPCLK1Freq                     0x08002a61   Thumb Code    20  stm32f1xx_hal_rcc.o(i.HAL_RCC_GetPCLK1Freq)
    HAL_RCC_GetPCLK2Freq                     0x08002a81   Thumb Code    20  stm32f1xx_hal_rcc.o(i.HAL_RCC_GetPCLK2Freq)
    HAL_RCC_GetSysClockFreq                  0x08002aa1   Thumb Code    58  stm32f1xx_hal_rcc.o(i.HAL_RCC_GetSysClockFreq)
    HAL_RCC_OscConfig                        0x08002aed   Thumb Code   778  stm32f1xx_hal_rcc.o(i.HAL_RCC_OscConfig)
    HAL_SYSTICK_Config                       0x08002e0d   Thumb Code    40  stm32f1xx_hal_cortex.o(i.HAL_SYSTICK_Config)
    HAL_UART_Init                            0x08002e35   Thumb Code   100  stm32f1xx_hal_uart.o(i.HAL_UART_Init)
    HAL_UART_MspInit                         0x08002e99   Thumb Code   100  stm32f1xx_hal_msp.o(i.HAL_UART_MspInit)
    HID_VolumeControl                        0x08002f09   Thumb Code   100  main.o(i.HID_VolumeControl)
    HardFault_Handler                        0x08002f75   Thumb Code     2  stm32f1xx_it.o(i.HardFault_Handler)
    I2C2_ER_IRQHandler                       0x08002f79   Thumb Code     6  stm32f1xx_it.o(i.I2C2_ER_IRQHandler)
    I2C2_EV_IRQHandler                       0x08002f85   Thumb Code     6  stm32f1xx_it.o(i.I2C2_EV_IRQHandler)
    KB_Scan                                  0x08003dd9   Thumb Code   220  main.o(i.KB_Scan)
    Keyboard_Handle                          0x08003ebd   Thumb Code    58  main.o(i.Keyboard_Handle)
    MX_USB_DEVICE_Init                       0x08003fd9   Thumb Code    52  usb_device.o(i.MX_USB_DEVICE_Init)
    MemManage_Handler                        0x08004019   Thumb Code     2  stm32f1xx_it.o(i.MemManage_Handler)
    NMI_Handler                              0x0800401b   Thumb Code     2  stm32f1xx_it.o(i.NMI_Handler)
    Oled_display                             0x0800401d   Thumb Code   150  main.o(i.Oled_display)
    PendSV_Handler                           0x0800449b   Thumb Code     2  stm32f1xx_it.o(i.PendSV_Handler)
    SSD1306_DrawPixel                        0x0800449d   Thumb Code    54  ssd1306.o(i.SSD1306_DrawPixel)
    SSD1306_Fill                             0x080044dd   Thumb Code    18  ssd1306.o(i.SSD1306_Fill)
    SSD1306_GotoXY                           0x080044f5   Thumb Code     8  ssd1306.o(i.SSD1306_GotoXY)
    SSD1306_Init                             0x08004501   Thumb Code   350  ssd1306.o(i.SSD1306_Init)
    SSD1306_Putc                             0x08004669   Thumb Code   156  ssd1306.o(i.SSD1306_Putc)
    SSD1306_Puts                             0x08004709   Thumb Code    40  ssd1306.o(i.SSD1306_Puts)
    SSD1306_UpdateScreen                     0x08004731   Thumb Code    66  ssd1306.o(i.SSD1306_UpdateScreen)
    SVC_Handler                              0x08004779   Thumb Code     2  stm32f1xx_it.o(i.SVC_Handler)
    Send_consumer                            0x0800477d   Thumb Code    52  main.o(i.Send_consumer)
    Send_key                                 0x080047b9   Thumb Code    50  main.o(i.Send_key)
    SysTick_Handler                          0x080047f5   Thumb Code     4  stm32f1xx_it.o(i.SysTick_Handler)
    SystemClock_Config                       0x080047f9   Thumb Code   124  main.o(i.SystemClock_Config)
    SystemInit                               0x08004875   Thumb Code     2  system_stm32f1xx.o(i.SystemInit)
    USBD_ClrClassConfig                      0x08004931   Thumb Code    14  usbd_core.o(i.USBD_ClrClassConfig)
    USBD_CtlContinueRx                       0x0800493f   Thumb Code    16  usbd_ioreq.o(i.USBD_CtlContinueRx)
    USBD_CtlContinueSendData                 0x0800494f   Thumb Code    16  usbd_ioreq.o(i.USBD_CtlContinueSendData)
    USBD_CtlError                            0x0800495f   Thumb Code    22  usbd_ctlreq.o(i.USBD_CtlError)
    USBD_CtlReceiveStatus                    0x08004975   Thumb Code    22  usbd_ioreq.o(i.USBD_CtlReceiveStatus)
    USBD_CtlSendData                         0x0800498b   Thumb Code    26  usbd_ioreq.o(i.USBD_CtlSendData)
    USBD_CtlSendStatus                       0x080049a5   Thumb Code    22  usbd_ioreq.o(i.USBD_CtlSendStatus)
    USBD_FS_ConfigStrDescriptor              0x080049bd   Thumb Code    16  usbd_desc.o(i.USBD_FS_ConfigStrDescriptor)
    USBD_FS_DeviceDescriptor                 0x080049dd   Thumb Code     8  usbd_desc.o(i.USBD_FS_DeviceDescriptor)
    USBD_FS_InterfaceStrDescriptor           0x080049e9   Thumb Code    16  usbd_desc.o(i.USBD_FS_InterfaceStrDescriptor)
    USBD_FS_LangIDStrDescriptor              0x08004a0d   Thumb Code     8  usbd_desc.o(i.USBD_FS_LangIDStrDescriptor)
    USBD_FS_ManufacturerStrDescriptor        0x08004a19   Thumb Code    16  usbd_desc.o(i.USBD_FS_ManufacturerStrDescriptor)
    USBD_FS_ProductStrDescriptor             0x08004a41   Thumb Code    16  usbd_desc.o(i.USBD_FS_ProductStrDescriptor)
    USBD_FS_SerialStrDescriptor              0x08004a65   Thumb Code    48  usbd_desc.o(i.USBD_FS_SerialStrDescriptor)
    USBD_GetString                           0x08004b85   Thumb Code    72  usbd_ctlreq.o(i.USBD_GetString)
    USBD_HID_SendReport                      0x08004c6b   Thumb Code    36  usbd_hid.o(i.USBD_HID_SendReport)
    USBD_Init                                0x08004d59   Thumb Code    42  usbd_core.o(i.USBD_Init)
    USBD_LL_ClearStallEP                     0x08004d83   Thumb Code    18  usbd_conf.o(i.USBD_LL_ClearStallEP)
    USBD_LL_CloseEP                          0x08004d95   Thumb Code    18  usbd_conf.o(i.USBD_LL_CloseEP)
    USBD_LL_DataInStage                      0x08004da7   Thumb Code   198  usbd_core.o(i.USBD_LL_DataInStage)
    USBD_LL_DataOutStage                     0x08004e6d   Thumb Code   130  usbd_core.o(i.USBD_LL_DataOutStage)
    USBD_LL_Init                             0x08004ef1   Thumb Code    94  usbd_conf.o(i.USBD_LL_Init)
    USBD_LL_IsStallEP                        0x08004f59   Thumb Code    30  usbd_conf.o(i.USBD_LL_IsStallEP)
    USBD_LL_OpenEP                           0x08004f77   Thumb Code    24  usbd_conf.o(i.USBD_LL_OpenEP)
    USBD_LL_PrepareReceive                   0x08004f8f   Thumb Code    18  usbd_conf.o(i.USBD_LL_PrepareReceive)
    USBD_LL_Reset                            0x08004fa1   Thumb Code    80  usbd_core.o(i.USBD_LL_Reset)
    USBD_LL_Resume                           0x08004ff1   Thumb Code    20  usbd_core.o(i.USBD_LL_Resume)
    USBD_LL_SOF                              0x08005005   Thumb Code    24  usbd_core.o(i.USBD_LL_SOF)
    USBD_LL_SetSpeed                         0x0800501d   Thumb Code     6  usbd_core.o(i.USBD_LL_SetSpeed)
    USBD_LL_SetUSBAddress                    0x08005023   Thumb Code    18  usbd_conf.o(i.USBD_LL_SetUSBAddress)
    USBD_LL_SetupStage                       0x08005035   Thumb Code    90  usbd_core.o(i.USBD_LL_SetupStage)
    USBD_LL_StallEP                          0x0800508f   Thumb Code    18  usbd_conf.o(i.USBD_LL_StallEP)
    USBD_LL_Start                            0x080050a1   Thumb Code    18  usbd_conf.o(i.USBD_LL_Start)
    USBD_LL_Suspend                          0x080050b3   Thumb Code    18  usbd_core.o(i.USBD_LL_Suspend)
    USBD_LL_Transmit                         0x080050c5   Thumb Code    18  usbd_conf.o(i.USBD_LL_Transmit)
    USBD_ParseSetupRequest                   0x080050d7   Thumb Code    40  usbd_ctlreq.o(i.USBD_ParseSetupRequest)
    USBD_RegisterClass                       0x080050ff   Thumb Code    16  usbd_core.o(i.USBD_RegisterClass)
    USBD_SetClassConfig                      0x0800510f   Thumb Code    22  usbd_core.o(i.USBD_SetClassConfig)
    USBD_Start                               0x080051a9   Thumb Code    10  usbd_core.o(i.USBD_Start)
    USBD_StdDevReq                           0x080051b3   Thumb Code   274  usbd_ctlreq.o(i.USBD_StdDevReq)
    USBD_StdEPReq                            0x080052c5   Thumb Code   336  usbd_ctlreq.o(i.USBD_StdEPReq)
    USBD_StdItfReq                           0x08005415   Thumb Code    78  usbd_ctlreq.o(i.USBD_StdItfReq)
    USBD_static_free                         0x08005463   Thumb Code     2  usbd_conf.o(i.USBD_static_free)
    USBD_static_malloc                       0x08005465   Thumb Code     4  usbd_conf.o(i.USBD_static_malloc)
    USB_ActivateEndpoint                     0x0800546d   Thumb Code   668  stm32f1xx_ll_usb.o(i.USB_ActivateEndpoint)
    USB_CoreInit                             0x08005709   Thumb Code     4  stm32f1xx_ll_usb.o(i.USB_CoreInit)
    USB_DeactivateEndpoint                   0x0800570d   Thumb Code   270  stm32f1xx_ll_usb.o(i.USB_DeactivateEndpoint)
    USB_DevConnect                           0x0800581b   Thumb Code     4  stm32f1xx_ll_usb.o(i.USB_DevConnect)
    USB_DevDisconnect                        0x0800581f   Thumb Code     4  stm32f1xx_ll_usb.o(i.USB_DevDisconnect)
    USB_DevInit                              0x08005823   Thumb Code    18  stm32f1xx_ll_usb.o(i.USB_DevInit)
    USB_DisableGlobalInt                     0x08005835   Thumb Code    14  stm32f1xx_ll_usb.o(i.USB_DisableGlobalInt)
    USB_EP0_OutStart                         0x08005843   Thumb Code     4  stm32f1xx_ll_usb.o(i.USB_EP0_OutStart)
    USB_EPClearStall                         0x08005847   Thumb Code   120  stm32f1xx_ll_usb.o(i.USB_EPClearStall)
    USB_EPSetStall                           0x080058bf   Thumb Code    50  stm32f1xx_ll_usb.o(i.USB_EPSetStall)
    USB_EPStartXfer                          0x080058f1   Thumb Code  1250  stm32f1xx_ll_usb.o(i.USB_EPStartXfer)
    USB_EnableGlobalInt                      0x08005dd3   Thumb Code    18  stm32f1xx_ll_usb.o(i.USB_EnableGlobalInt)
    USB_HP_CAN1_TX_IRQHandler                0x08005de5   Thumb Code     6  stm32f1xx_it.o(i.USB_HP_CAN1_TX_IRQHandler)
    USB_LP_CAN1_RX0_IRQHandler               0x08005df1   Thumb Code     6  stm32f1xx_it.o(i.USB_LP_CAN1_RX0_IRQHandler)
    USB_ReadInterrupts                       0x08005dfd   Thumb Code     6  stm32f1xx_ll_usb.o(i.USB_ReadInterrupts)
    USB_ReadPMA                              0x08005e05   Thumb Code    44  stm32f1xx_ll_usb.o(i.USB_ReadPMA)
    USB_SetCurrentMode                       0x08005e31   Thumb Code     4  stm32f1xx_ll_usb.o(i.USB_SetCurrentMode)
    USB_SetDevAddress                        0x08005e35   Thumb Code    12  stm32f1xx_ll_usb.o(i.USB_SetDevAddress)
    USB_WritePMA                             0x08005e41   Thumb Code    38  stm32f1xx_ll_usb.o(i.USB_WritePMA)
    UsageFault_Handler                       0x08005e67   Thumb Code     2  stm32f1xx_it.o(i.UsageFault_Handler)
    _is_digit                                0x08005e89   Thumb Code    14  __printf_wp.o(i._is_digit)
    main                                     0x08005e99   Thumb Code   288  main.o(i.main)
    ssd1306_I2C_Init                         0x08005fd9   Thumb Code     8  ssd1306.o(i.ssd1306_I2C_Init)
    ssd1306_I2C_Write                        0x08005fe5   Thumb Code    28  ssd1306.o(i.ssd1306_I2C_Write)
    ssd1306_I2C_WriteMulti                   0x08006005   Thumb Code    50  ssd1306.o(i.ssd1306_I2C_WriteMulti)
    dow_arr                                  0x0800603c   Data          70  main.o(.constdata)
    AHBPrescTable                            0x080060a6   Data          16  system_stm32f1xx.o(.constdata)
    APBPrescTable                            0x080060b6   Data           8  system_stm32f1xx.o(.constdata)
    Font7x10                                 0x080060be   Data        1900  fonts.o(.constdata)
    Region$$Table$$Base                      0x0800683c   Number         0  anon$$obj.o(Region$$Table)
    Region$$Table$$Limit                     0x0800685c   Number         0  anon$$obj.o(Region$$Table)
    volume_old                               0x20000000   Data           2  main.o(.data)
    volume_now                               0x20000006   Data           2  main.o(.data)
    time_data                                0x2000000c   Data           7  main.o(.data)
    hid_keyboard                             0x20000013   Data           9  main.o(.data)
    uwTickFreq                               0x2000001c   Data           1  stm32f1xx_hal.o(.data)
    uwTickPrio                               0x20000020   Data           4  stm32f1xx_hal.o(.data)
    uwTick                                   0x20000024   Data           4  stm32f1xx_hal.o(.data)
    SystemCoreClock                          0x20000028   Data           4  system_stm32f1xx.o(.data)
    Font_7x10                                0x2000002c   Data           8  fonts.o(.data)
    hi2c                                     0x2000003c   Data           4  ds1307.o(.data)
    FS_Desc                                  0x20000040   Data          28  usbd_desc.o(.data)
    USBD_LangIDDesc                          0x2000005c   Data           4  usbd_desc.o(.data)
    USBD_FS_DeviceDesc                       0x20000060   Data          18  usbd_desc.o(.data)
    USBD_StringSerial                        0x20000074   Data          26  usbd_desc.o(.data)
    USBD_HID                                 0x20000090   Data          56  usbd_hid.o(.data)
    hadc1                                    0x200001b4   Data          48  main.o(.bss)
    hi2c1                                    0x200001e4   Data          84  main.o(.bss)
    hi2c2                                    0x20000238   Data          84  main.o(.bss)
    huart1                                   0x2000028c   Data          72  main.o(.bss)
    adc_val                                  0x200002d4   Data          64  main.o(.bss)
    buff_time                                0x20000314   Data          20  main.o(.bss)
    buff_day                                 0x20000328   Data          20  main.o(.bss)
    hdma_adc1                                0x2000033c   Data          68  main.o(.bss)
    hUsbDeviceFS                             0x20000780   Data         708  usb_device.o(.bss)
    USBD_StrDesc                             0x20000a44   Data         512  usbd_desc.o(.bss)
    hpcd_USB_FS                              0x20000c58   Data         728  usbd_conf.o(.bss)
    __libspace_start                         0x20000f30   Data          96  libspace.o(.bss)
    __temporary_stack_top$libspace           0x20000f90   Data           0  libspace.o(.bss)



==============================================================================

Memory Map of the image

  Image Entry point : 0x080000ed

  Load Region LR_IROM1 (Base: 0x08000000, Size: 0x00006a10, Max: 0x00010000, ABSOLUTE, COMPRESSED[0x00006950])

    Execution Region ER_IROM1 (Exec base: 0x08000000, Load base: 0x08000000, Size: 0x0000685c, Max: 0x00010000, ABSOLUTE)

    Exec Addr    Load Addr    Size         Type   Attr      Idx    E Section Name        Object

    0x08000000   0x08000000   0x000000ec   Data   RO            3    RESET               startup_stm32f103xb.o
    0x080000ec   0x080000ec   0x00000008   Code   RO         4049  * !!!main             c_w.l(__main.o)
    0x080000f4   0x080000f4   0x00000034   Code   RO         4221    !!!scatter          c_w.l(__scatter.o)
    0x08000128   0x08000128   0x0000005a   Code   RO         4219    !!dczerorl2         c_w.l(__dczerorl2.o)
    0x08000182   0x08000182   0x00000002   PAD
    0x08000184   0x08000184   0x0000001c   Code   RO         4223    !!handler_zi        c_w.l(__scatter_zi.o)
    0x080001a0   0x080001a0   0x00000000   Code   RO         4040    .ARM.Collect$$_printf_percent$$00000000  c_w.l(_printf_percent.o)
    0x080001a0   0x080001a0   0x00000006   Code   RO         4039    .ARM.Collect$$_printf_percent$$00000009  c_w.l(_printf_d.o)
    0x080001a6   0x080001a6   0x00000006   Code   RO         4038    .ARM.Collect$$_printf_percent$$00000014  c_w.l(_printf_s.o)
    0x080001ac   0x080001ac   0x00000004   Code   RO         4060    .ARM.Collect$$_printf_percent$$00000017  c_w.l(_printf_percent_end.o)
    0x080001b0   0x080001b0   0x00000002   Code   RO         4089    .ARM.Collect$$libinit$$00000000  c_w.l(libinit.o)
    0x080001b2   0x080001b2   0x00000000   Code   RO         4096    .ARM.Collect$$libinit$$00000002  c_w.l(libinit2.o)
    0x080001b2   0x080001b2   0x00000000   Code   RO         4098    .ARM.Collect$$libinit$$00000004  c_w.l(libinit2.o)
    0x080001b2   0x080001b2   0x00000000   Code   RO         4101    .ARM.Collect$$libinit$$0000000A  c_w.l(libinit2.o)
    0x080001b2   0x080001b2   0x00000000   Code   RO         4103    .ARM.Collect$$libinit$$0000000C  c_w.l(libinit2.o)
    0x080001b2   0x080001b2   0x00000000   Code   RO         4105    .ARM.Collect$$libinit$$0000000E  c_w.l(libinit2.o)
    0x080001b2   0x080001b2   0x00000000   Code   RO         4108    .ARM.Collect$$libinit$$00000011  c_w.l(libinit2.o)
    0x080001b2   0x080001b2   0x00000000   Code   RO         4110    .ARM.Collect$$libinit$$00000013  c_w.l(libinit2.o)
    0x080001b2   0x080001b2   0x00000000   Code   RO         4112    .ARM.Collect$$libinit$$00000015  c_w.l(libinit2.o)
    0x080001b2   0x080001b2   0x00000000   Code   RO         4114    .ARM.Collect$$libinit$$00000017  c_w.l(libinit2.o)
    0x080001b2   0x080001b2   0x00000000   Code   RO         4116    .ARM.Collect$$libinit$$00000019  c_w.l(libinit2.o)
    0x080001b2   0x080001b2   0x00000000   Code   RO         4118    .ARM.Collect$$libinit$$0000001B  c_w.l(libinit2.o)
    0x080001b2   0x080001b2   0x00000000   Code   RO         4120    .ARM.Collect$$libinit$$0000001D  c_w.l(libinit2.o)
    0x080001b2   0x080001b2   0x00000000   Code   RO         4122    .ARM.Collect$$libinit$$0000001F  c_w.l(libinit2.o)
    0x080001b2   0x080001b2   0x00000000   Code   RO         4124    .ARM.Collect$$libinit$$00000021  c_w.l(libinit2.o)
    0x080001b2   0x080001b2   0x00000000   Code   RO         4126    .ARM.Collect$$libinit$$00000023  c_w.l(libinit2.o)
    0x080001b2   0x080001b2   0x00000000   Code   RO         4128    .ARM.Collect$$libinit$$00000025  c_w.l(libinit2.o)
    0x080001b2   0x080001b2   0x00000000   Code   RO         4132    .ARM.Collect$$libinit$$0000002C  c_w.l(libinit2.o)
    0x080001b2   0x080001b2   0x00000000   Code   RO         4134    .ARM.Collect$$libinit$$0000002E  c_w.l(libinit2.o)
    0x080001b2   0x080001b2   0x00000000   Code   RO         4136    .ARM.Collect$$libinit$$00000030  c_w.l(libinit2.o)
    0x080001b2   0x080001b2   0x00000000   Code   RO         4138    .ARM.Collect$$libinit$$00000032  c_w.l(libinit2.o)
    0x080001b2   0x080001b2   0x00000002   Code   RO         4139    .ARM.Collect$$libinit$$00000033  c_w.l(libinit2.o)
    0x080001b4   0x080001b4   0x00000002   Code   RO         4159    .ARM.Collect$$libshutdown$$00000000  c_w.l(libshutdown.o)
    0x080001b6   0x080001b6   0x00000000   Code   RO         4172    .ARM.Collect$$libshutdown$$00000002  c_w.l(libshutdown2.o)
    0x080001b6   0x080001b6   0x00000000   Code   RO         4174    .ARM.Collect$$libshutdown$$00000004  c_w.l(libshutdown2.o)
    0x080001b6   0x080001b6   0x00000000   Code   RO         4177    .ARM.Collect$$libshutdown$$00000007  c_w.l(libshutdown2.o)
    0x080001b6   0x080001b6   0x00000000   Code   RO         4180    .ARM.Collect$$libshutdown$$0000000A  c_w.l(libshutdown2.o)
    0x080001b6   0x080001b6   0x00000000   Code   RO         4182    .ARM.Collect$$libshutdown$$0000000C  c_w.l(libshutdown2.o)
    0x080001b6   0x080001b6   0x00000000   Code   RO         4185    .ARM.Collect$$libshutdown$$0000000F  c_w.l(libshutdown2.o)
    0x080001b6   0x080001b6   0x00000002   Code   RO         4186    .ARM.Collect$$libshutdown$$00000010  c_w.l(libshutdown2.o)
    0x080001b8   0x080001b8   0x00000000   Code   RO         4051    .ARM.Collect$$rtentry$$00000000  c_w.l(__rtentry.o)
    0x080001b8   0x080001b8   0x00000000   Code   RO         4064    .ARM.Collect$$rtentry$$00000002  c_w.l(__rtentry2.o)
    0x080001b8   0x080001b8   0x00000006   Code   RO         4076    .ARM.Collect$$rtentry$$00000004  c_w.l(__rtentry4.o)
    0x080001be   0x080001be   0x00000000   Code   RO         4066    .ARM.Collect$$rtentry$$00000009  c_w.l(__rtentry2.o)
    0x080001be   0x080001be   0x00000004   Code   RO         4067    .ARM.Collect$$rtentry$$0000000A  c_w.l(__rtentry2.o)
    0x080001c2   0x080001c2   0x00000000   Code   RO         4069    .ARM.Collect$$rtentry$$0000000C  c_w.l(__rtentry2.o)
    0x080001c2   0x080001c2   0x00000008   Code   RO         4070    .ARM.Collect$$rtentry$$0000000D  c_w.l(__rtentry2.o)
    0x080001ca   0x080001ca   0x00000002   Code   RO         4093    .ARM.Collect$$rtexit$$00000000  c_w.l(rtexit.o)
    0x080001cc   0x080001cc   0x00000000   Code   RO         4141    .ARM.Collect$$rtexit$$00000002  c_w.l(rtexit2.o)
    0x080001cc   0x080001cc   0x00000004   Code   RO         4142    .ARM.Collect$$rtexit$$00000003  c_w.l(rtexit2.o)
    0x080001d0   0x080001d0   0x00000006   Code   RO         4143    .ARM.Collect$$rtexit$$00000004  c_w.l(rtexit2.o)
    0x080001d6   0x080001d6   0x00000002   PAD
    0x080001d8   0x080001d8   0x00000040   Code   RO            4    .text               startup_stm32f103xb.o
    0x08000218   0x08000218   0x00000028   Code   RO         4008    .text               c_w.l(noretval__2sprintf.o)
    0x08000240   0x08000240   0x0000004e   Code   RO         4012    .text               c_w.l(_printf_pad.o)
    0x0800028e   0x0800028e   0x00000052   Code   RO         4014    .text               c_w.l(_printf_str.o)
    0x080002e0   0x080002e0   0x00000078   Code   RO         4016    .text               c_w.l(_printf_dec.o)
    0x08000358   0x08000358   0x00000138   Code   RO         4030    .text               c_w.l(__printf_flags_wp.o)
    0x08000490   0x08000490   0x00000010   Code   RO         4043    .text               c_w.l(aeabi_memset.o)
    0x080004a0   0x080004a0   0x0000004e   Code   RO         4045    .text               c_w.l(rt_memclr_w.o)
    0x080004ee   0x080004ee   0x00000006   Code   RO         4047    .text               c_w.l(heapauxi.o)
    0x080004f4   0x080004f4   0x000000b2   Code   RO         4052    .text               c_w.l(_printf_intcommon.o)
    0x080005a6   0x080005a6   0x00000002   PAD
    0x080005a8   0x080005a8   0x00000030   Code   RO         4054    .text               c_w.l(_printf_char_common.o)
    0x080005d8   0x080005d8   0x0000000a   Code   RO         4056    .text               c_w.l(_sputc.o)
    0x080005e2   0x080005e2   0x0000002c   Code   RO         4058    .text               c_w.l(_printf_char.o)
    0x0800060e   0x0800060e   0x00000044   Code   RO         4061    .text               c_w.l(rt_memclr.o)
    0x08000652   0x08000652   0x0000004a   Code   RO         4080    .text               c_w.l(sys_stackheap_outer.o)
    0x0800069c   0x0800069c   0x00000012   Code   RO         4082    .text               c_w.l(exit.o)
    0x080006ae   0x080006ae   0x00000002   PAD
    0x080006b0   0x080006b0   0x00000008   Code   RO         4090    .text               c_w.l(libspace.o)
    0x080006b8   0x080006b8   0x0000000c   Code   RO         4151    .text               c_w.l(sys_exit.o)
    0x080006c4   0x080006c4   0x00000002   Code   RO         4162    .text               c_w.l(use_no_semi.o)
    0x080006c6   0x080006c6   0x00000000   Code   RO         4164    .text               c_w.l(indicate_semi.o)
    0x080006c6   0x080006c6   0x00000002   PAD
    0x080006c8   0x080006c8   0x00000056   Code   RO         1899    i.ADC_ConversionStop_Disable  stm32f1xx_hal_adc.o
    0x0800071e   0x0800071e   0x0000004e   Code   RO         1900    i.ADC_DMAConvCplt   stm32f1xx_hal_adc.o
    0x0800076c   0x0800076c   0x0000001a   Code   RO         1901    i.ADC_DMAError      stm32f1xx_hal_adc.o
    0x08000786   0x08000786   0x0000000a   Code   RO         1902    i.ADC_DMAHalfConvCplt  stm32f1xx_hal_adc.o
    0x08000790   0x08000790   0x0000007c   Code   RO         1903    i.ADC_Enable        stm32f1xx_hal_adc.o
    0x0800080c   0x0800080c   0x00000012   Code   RO         3242    i.BCD_to_Dec        ds1307.o
    0x0800081e   0x0800081e   0x00000002   Code   RO          254    i.BusFault_Handler  stm32f1xx_it.o
    0x08000820   0x08000820   0x00000040   Code   RO           13    i.Check_adc_threshold  main.o
    0x08000860   0x08000860   0x0000000c   Code   RO          255    i.DMA1_Channel1_IRQHandler  stm32f1xx_it.o
    0x0800086c   0x0800086c   0x0000002a   Code   RO         1302    i.DMA_SetConfig     stm32f1xx_hal_dma.o
    0x08000896   0x08000896   0x00000002   PAD
    0x08000898   0x08000898   0x0000000c   Code   RO         3243    i.DS1307_Init       ds1307.o
    0x080008a4   0x080008a4   0x0000005e   Code   RO         3246    i.DS1307_get_day_of_week  ds1307.o
    0x08000902   0x08000902   0x00000002   PAD
    0x08000904   0x08000904   0x00000078   Code   RO         3247    i.DS1307_read       ds1307.o
    0x0800097c   0x0800097c   0x00000002   Code   RO          256    i.DebugMon_Handler  stm32f1xx_it.o
    0x0800097e   0x0800097e   0x00000004   Code   RO           14    i.Error_Handler     main.o
    0x08000982   0x08000982   0x00000002   PAD
    0x08000984   0x08000984   0x000000d8   Code   RO         2079    i.HAL_ADCEx_Calibration_Start  stm32f1xx_hal_adc_ex.o
    0x08000a5c   0x08000a5c   0x000000fc   Code   RO         1905    i.HAL_ADC_ConfigChannel  stm32f1xx_hal_adc.o
    0x08000b58   0x08000b58   0x00000002   Code   RO         1906    i.HAL_ADC_ConvCpltCallback  stm32f1xx_hal_adc.o
    0x08000b5a   0x08000b5a   0x00000002   Code   RO         1907    i.HAL_ADC_ConvHalfCpltCallback  stm32f1xx_hal_adc.o
    0x08000b5c   0x08000b5c   0x00000002   Code   RO         1909    i.HAL_ADC_ErrorCallback  stm32f1xx_hal_adc.o
    0x08000b5e   0x08000b5e   0x00000002   PAD
    0x08000b60   0x08000b60   0x0000011c   Code   RO         1914    i.HAL_ADC_Init      stm32f1xx_hal_adc.o
    0x08000c7c   0x08000c7c   0x0000008c   Code   RO          361    i.HAL_ADC_MspInit   stm32f1xx_hal_msp.o
    0x08000d08   0x08000d08   0x0000010c   Code   RO         1921    i.HAL_ADC_Start_DMA  stm32f1xx_hal_adc.o
    0x08000e14   0x08000e14   0x00000098   Code   RO         1304    i.HAL_DMA_Abort_IT  stm32f1xx_hal_dma.o
    0x08000eac   0x08000eac   0x00000006   Code   RO         1307    i.HAL_DMA_GetState  stm32f1xx_hal_dma.o
    0x08000eb2   0x08000eb2   0x00000002   PAD
    0x08000eb4   0x08000eb4   0x00000154   Code   RO         1308    i.HAL_DMA_IRQHandler  stm32f1xx_hal_dma.o
    0x08001008   0x08001008   0x0000005c   Code   RO         1309    i.HAL_DMA_Init      stm32f1xx_hal_dma.o
    0x08001064   0x08001064   0x00000070   Code   RO         1313    i.HAL_DMA_Start_IT  stm32f1xx_hal_dma.o
    0x080010d4   0x080010d4   0x00000024   Code   RO          929    i.HAL_Delay         stm32f1xx_hal.o
    0x080010f8   0x080010f8   0x000001e0   Code   RO         1239    i.HAL_GPIO_Init     stm32f1xx_hal_gpio.o
    0x080012d8   0x080012d8   0x0000000a   Code   RO         1241    i.HAL_GPIO_ReadPin  stm32f1xx_hal_gpio.o
    0x080012e2   0x080012e2   0x0000000a   Code   RO         1243    i.HAL_GPIO_WritePin  stm32f1xx_hal_gpio.o
    0x080012ec   0x080012ec   0x0000000c   Code   RO          933    i.HAL_GetTick       stm32f1xx_hal.o
    0x080012f8   0x080012f8   0x00000002   Code   RO         2175    i.HAL_I2C_AbortCpltCallback  stm32f1xx_hal_i2c.o
    0x080012fa   0x080012fa   0x00000002   Code   RO         2176    i.HAL_I2C_AddrCallback  stm32f1xx_hal_i2c.o
    0x080012fc   0x080012fc   0x000000c4   Code   RO         2179    i.HAL_I2C_ER_IRQHandler  stm32f1xx_hal_i2c.o
    0x080013c0   0x080013c0   0x00000230   Code   RO         2180    i.HAL_I2C_EV_IRQHandler  stm32f1xx_hal_i2c.o
    0x080015f0   0x080015f0   0x00000002   Code   RO         2182    i.HAL_I2C_ErrorCallback  stm32f1xx_hal_i2c.o
    0x080015f2   0x080015f2   0x00000002   PAD
    0x080015f4   0x080015f4   0x00000188   Code   RO         2186    i.HAL_I2C_Init      stm32f1xx_hal_i2c.o
    0x0800177c   0x0800177c   0x0000016c   Code   RO         2187    i.HAL_I2C_IsDeviceReady  stm32f1xx_hal_i2c.o
    0x080018e8   0x080018e8   0x00000002   Code   RO         2188    i.HAL_I2C_ListenCpltCallback  stm32f1xx_hal_i2c.o
    0x080018ea   0x080018ea   0x00000002   Code   RO         2189    i.HAL_I2C_MasterRxCpltCallback  stm32f1xx_hal_i2c.o
    0x080018ec   0x080018ec   0x00000002   Code   RO         2190    i.HAL_I2C_MasterTxCpltCallback  stm32f1xx_hal_i2c.o
    0x080018ee   0x080018ee   0x00000002   PAD
    0x080018f0   0x080018f0   0x00000250   Code   RO         2192    i.HAL_I2C_Master_Receive  stm32f1xx_hal_i2c.o
    0x08001b40   0x08001b40   0x0000012c   Code   RO         2199    i.HAL_I2C_Master_Transmit  stm32f1xx_hal_i2c.o
    0x08001c6c   0x08001c6c   0x00000002   Code   RO         2202    i.HAL_I2C_MemRxCpltCallback  stm32f1xx_hal_i2c.o
    0x08001c6e   0x08001c6e   0x00000002   Code   RO         2203    i.HAL_I2C_MemTxCpltCallback  stm32f1xx_hal_i2c.o
    0x08001c70   0x08001c70   0x000000b8   Code   RO          363    i.HAL_I2C_MspInit   stm32f1xx_hal_msp.o
    0x08001d28   0x08001d28   0x00000002   Code   RO         2212    i.HAL_I2C_SlaveRxCpltCallback  stm32f1xx_hal_i2c.o
    0x08001d2a   0x08001d2a   0x00000002   Code   RO         2213    i.HAL_I2C_SlaveTxCpltCallback  stm32f1xx_hal_i2c.o
    0x08001d2c   0x08001d2c   0x00000010   Code   RO          939    i.HAL_IncTick       stm32f1xx_hal.o
    0x08001d3c   0x08001d3c   0x00000024   Code   RO          940    i.HAL_Init          stm32f1xx_hal.o
    0x08001d60   0x08001d60   0x00000040   Code   RO          941    i.HAL_InitTick      stm32f1xx_hal.o
    0x08001da0   0x08001da0   0x0000003c   Code   RO          364    i.HAL_MspInit       stm32f1xx_hal_msp.o
    0x08001ddc   0x08001ddc   0x0000001a   Code   RO         1399    i.HAL_NVIC_EnableIRQ  stm32f1xx_hal_cortex.o
    0x08001df6   0x08001df6   0x00000002   PAD
    0x08001df8   0x08001df8   0x00000040   Code   RO         1405    i.HAL_NVIC_SetPriority  stm32f1xx_hal_cortex.o
    0x08001e38   0x08001e38   0x00000024   Code   RO         1406    i.HAL_NVIC_SetPriorityGrouping  stm32f1xx_hal_cortex.o
    0x08001e5c   0x08001e5c   0x0000003c   Code   RO          696    i.HAL_PCDEx_PMAConfig  stm32f1xx_hal_pcd_ex.o
    0x08001e98   0x08001e98   0x00000002   Code   RO         3433    i.HAL_PCDEx_SetConnectionState  usbd_conf.o
    0x08001e9a   0x08001e9a   0x00000012   Code   RO         3435    i.HAL_PCD_DataInStageCallback  usbd_conf.o
    0x08001eac   0x08001eac   0x00000014   Code   RO         3436    i.HAL_PCD_DataOutStageCallback  usbd_conf.o
    0x08001ec0   0x08001ec0   0x0000004a   Code   RO          467    i.HAL_PCD_EP_Close  stm32f1xx_hal_pcd.o
    0x08001f0a   0x08001f0a   0x0000005a   Code   RO          468    i.HAL_PCD_EP_ClrStall  stm32f1xx_hal_pcd.o
    0x08001f64   0x08001f64   0x000000e6   Code   RO          469    i.HAL_PCD_EP_DB_Receive  stm32f1xx_hal_pcd.o
    0x0800204a   0x0800204a   0x00000338   Code   RO          470    i.HAL_PCD_EP_DB_Transmit  stm32f1xx_hal_pcd.o
    0x08002382   0x08002382   0x00000058   Code   RO          473    i.HAL_PCD_EP_Open   stm32f1xx_hal_pcd.o
    0x080023da   0x080023da   0x0000002e   Code   RO          474    i.HAL_PCD_EP_Receive  stm32f1xx_hal_pcd.o
    0x08002408   0x08002408   0x00000070   Code   RO          475    i.HAL_PCD_EP_SetStall  stm32f1xx_hal_pcd.o
    0x08002478   0x08002478   0x0000002e   Code   RO          476    i.HAL_PCD_EP_Transmit  stm32f1xx_hal_pcd.o
    0x080024a6   0x080024a6   0x00000002   PAD
    0x080024a8   0x080024a8   0x00000134   Code   RO          478    i.HAL_PCD_IRQHandler  stm32f1xx_hal_pcd.o
    0x080025dc   0x080025dc   0x000000ba   Code   RO          481    i.HAL_PCD_Init      stm32f1xx_hal_pcd.o
    0x08002696   0x08002696   0x00000002   PAD
    0x08002698   0x08002698   0x0000004c   Code   RO         3441    i.HAL_PCD_MspInit   usbd_conf.o
    0x080026e4   0x080026e4   0x00000026   Code   RO         3442    i.HAL_PCD_ResetCallback  usbd_conf.o
    0x0800270a   0x0800270a   0x00000008   Code   RO         3443    i.HAL_PCD_ResumeCallback  usbd_conf.o
    0x08002712   0x08002712   0x00000008   Code   RO         3444    i.HAL_PCD_SOFCallback  usbd_conf.o
    0x0800271a   0x0800271a   0x00000026   Code   RO          487    i.HAL_PCD_SetAddress  stm32f1xx_hal_pcd.o
    0x08002740   0x08002740   0x0000000e   Code   RO         3445    i.HAL_PCD_SetupStageCallback  usbd_conf.o
    0x0800274e   0x0800274e   0x00000032   Code   RO          489    i.HAL_PCD_Start     stm32f1xx_hal_pcd.o
    0x08002780   0x08002780   0x00000024   Code   RO         3446    i.HAL_PCD_SuspendCallback  usbd_conf.o
    0x080027a4   0x080027a4   0x000000a4   Code   RO         1200    i.HAL_RCCEx_GetPeriphCLKFreq  stm32f1xx_hal_rcc_ex.o
    0x08002848   0x08002848   0x000000ec   Code   RO         1201    i.HAL_RCCEx_PeriphCLKConfig  stm32f1xx_hal_rcc_ex.o
    0x08002934   0x08002934   0x0000012c   Code   RO         1097    i.HAL_RCC_ClockConfig  stm32f1xx_hal_rcc.o
    0x08002a60   0x08002a60   0x00000020   Code   RO         1104    i.HAL_RCC_GetPCLK1Freq  stm32f1xx_hal_rcc.o
    0x08002a80   0x08002a80   0x00000020   Code   RO         1105    i.HAL_RCC_GetPCLK2Freq  stm32f1xx_hal_rcc.o
    0x08002aa0   0x08002aa0   0x0000004c   Code   RO         1106    i.HAL_RCC_GetSysClockFreq  stm32f1xx_hal_rcc.o
    0x08002aec   0x08002aec   0x00000320   Code   RO         1109    i.HAL_RCC_OscConfig  stm32f1xx_hal_rcc.o
    0x08002e0c   0x08002e0c   0x00000028   Code   RO         1410    i.HAL_SYSTICK_Config  stm32f1xx_hal_cortex.o
    0x08002e34   0x08002e34   0x00000064   Code   RO         2642    i.HAL_UART_Init     stm32f1xx_hal_uart.o
    0x08002e98   0x08002e98   0x00000070   Code   RO          366    i.HAL_UART_MspInit  stm32f1xx_hal_msp.o
    0x08002f08   0x08002f08   0x0000006c   Code   RO           15    i.HID_VolumeControl  main.o
    0x08002f74   0x08002f74   0x00000002   Code   RO          257    i.HardFault_Handler  stm32f1xx_it.o
    0x08002f76   0x08002f76   0x00000002   PAD
    0x08002f78   0x08002f78   0x0000000c   Code   RO          258    i.I2C2_ER_IRQHandler  stm32f1xx_it.o
    0x08002f84   0x08002f84   0x0000000c   Code   RO          259    i.I2C2_EV_IRQHandler  stm32f1xx_it.o
    0x08002f90   0x08002f90   0x000000bc   Code   RO         2224    i.I2C_DMAAbort      stm32f1xx_hal_i2c.o
    0x0800304c   0x0800304c   0x00000010   Code   RO         2227    i.I2C_Flush_DR      stm32f1xx_hal_i2c.o
    0x0800305c   0x0800305c   0x00000158   Code   RO         2228    i.I2C_ITError       stm32f1xx_hal_i2c.o
    0x080031b4   0x080031b4   0x0000002e   Code   RO         2229    i.I2C_IsAcknowledgeFailed  stm32f1xx_hal_i2c.o
    0x080031e2   0x080031e2   0x000000da   Code   RO         2230    i.I2C_MasterReceive_BTF  stm32f1xx_hal_i2c.o
    0x080032bc   0x080032bc   0x000000f4   Code   RO         2231    i.I2C_MasterReceive_RXNE  stm32f1xx_hal_i2c.o
    0x080033b0   0x080033b0   0x000000ec   Code   RO         2232    i.I2C_MasterRequestRead  stm32f1xx_hal_i2c.o
    0x0800349c   0x0800349c   0x0000009c   Code   RO         2233    i.I2C_MasterRequestWrite  stm32f1xx_hal_i2c.o
    0x08003538   0x08003538   0x00000082   Code   RO         2234    i.I2C_MasterTransmit_BTF  stm32f1xx_hal_i2c.o
    0x080035ba   0x080035ba   0x00000002   PAD
    0x080035bc   0x080035bc   0x000000b6   Code   RO         2235    i.I2C_MasterTransmit_TXE  stm32f1xx_hal_i2c.o
    0x08003672   0x08003672   0x00000002   PAD
    0x08003674   0x08003674   0x00000158   Code   RO         2236    i.I2C_Master_ADDR   stm32f1xx_hal_i2c.o
    0x080037cc   0x080037cc   0x0000008c   Code   RO         2237    i.I2C_Master_SB     stm32f1xx_hal_i2c.o
    0x08003858   0x08003858   0x000000a8   Code   RO         2238    i.I2C_MemoryTransmit_TXE_BTF  stm32f1xx_hal_i2c.o
    0x08003900   0x08003900   0x00000046   Code   RO         2241    i.I2C_Slave_ADDR    stm32f1xx_hal_i2c.o
    0x08003946   0x08003946   0x00000002   PAD
    0x08003948   0x08003948   0x00000090   Code   RO         2242    i.I2C_Slave_AF      stm32f1xx_hal_i2c.o
    0x080039d8   0x080039d8   0x0000015c   Code   RO         2243    i.I2C_Slave_STOPF   stm32f1xx_hal_i2c.o
    0x08003b34   0x08003b34   0x00000056   Code   RO         2244    i.I2C_WaitOnBTFFlagUntilTimeout  stm32f1xx_hal_i2c.o
    0x08003b8a   0x08003b8a   0x00000002   PAD
    0x08003b8c   0x08003b8c   0x00000090   Code   RO         2245    i.I2C_WaitOnFlagUntilTimeout  stm32f1xx_hal_i2c.o
    0x08003c1c   0x08003c1c   0x000000bc   Code   RO         2246    i.I2C_WaitOnMasterAddressFlagUntilTimeout  stm32f1xx_hal_i2c.o
    0x08003cd8   0x08003cd8   0x00000070   Code   RO         2247    i.I2C_WaitOnRXNEFlagUntilTimeout  stm32f1xx_hal_i2c.o
    0x08003d48   0x08003d48   0x00000056   Code   RO         2248    i.I2C_WaitOnTXEFlagUntilTimeout  stm32f1xx_hal_i2c.o
    0x08003d9e   0x08003d9e   0x00000002   PAD
    0x08003da0   0x08003da0   0x00000038   Code   RO         3347    i.IntToUnicode      usbd_desc.o
    0x08003dd8   0x08003dd8   0x000000e4   Code   RO           16    i.KB_Scan           main.o
    0x08003ebc   0x08003ebc   0x0000003a   Code   RO           17    i.Keyboard_Handle   main.o
    0x08003ef6   0x08003ef6   0x00000002   PAD
    0x08003ef8   0x08003ef8   0x00000050   Code   RO           18    i.MX_ADC1_Init      main.o
    0x08003f48   0x08003f48   0x00000090   Code   RO           19    i.MX_GPIO_Init      main.o
    0x08003fd8   0x08003fd8   0x00000040   Code   RO         3312    i.MX_USB_DEVICE_Init  usb_device.o
    0x08004018   0x08004018   0x00000002   Code   RO          260    i.MemManage_Handler  stm32f1xx_it.o
    0x0800401a   0x0800401a   0x00000002   Code   RO          261    i.NMI_Handler       stm32f1xx_it.o
    0x0800401c   0x0800401c   0x000000d8   Code   RO           20    i.Oled_display      main.o
    0x080040f4   0x080040f4   0x000003a6   Code   RO          493    i.PCD_EP_ISR_Handler  stm32f1xx_hal_pcd.o
    0x0800449a   0x0800449a   0x00000002   Code   RO          262    i.PendSV_Handler    stm32f1xx_it.o
    0x0800449c   0x0800449c   0x00000040   Code   RO         3055    i.SSD1306_DrawPixel  ssd1306.o
    0x080044dc   0x080044dc   0x00000018   Code   RO         3058    i.SSD1306_Fill      ssd1306.o
    0x080044f4   0x080044f4   0x0000000c   Code   RO         3059    i.SSD1306_GotoXY    ssd1306.o
    0x08004500   0x08004500   0x00000168   Code   RO         3060    i.SSD1306_Init      ssd1306.o
    0x08004668   0x08004668   0x000000a0   Code   RO         3064    i.SSD1306_Putc      ssd1306.o
    0x08004708   0x08004708   0x00000028   Code   RO         3065    i.SSD1306_Puts      ssd1306.o
    0x08004730   0x08004730   0x00000048   Code   RO         3072    i.SSD1306_UpdateScreen  ssd1306.o
    0x08004778   0x08004778   0x00000002   Code   RO          263    i.SVC_Handler       stm32f1xx_it.o
    0x0800477a   0x0800477a   0x00000002   PAD
    0x0800477c   0x0800477c   0x0000003c   Code   RO           21    i.Send_consumer     main.o
    0x080047b8   0x080047b8   0x0000003c   Code   RO           22    i.Send_key          main.o
    0x080047f4   0x080047f4   0x00000004   Code   RO          264    i.SysTick_Handler   stm32f1xx_it.o
    0x080047f8   0x080047f8   0x0000007c   Code   RO           23    i.SystemClock_Config  main.o
    0x08004874   0x08004874   0x00000002   Code   RO         2976    i.SystemInit        system_stm32f1xx.o
    0x08004876   0x08004876   0x00000002   PAD
    0x08004878   0x08004878   0x000000b8   Code   RO         2668    i.UART_SetConfig    stm32f1xx_hal_uart.o
    0x08004930   0x08004930   0x0000000e   Code   RO         3649    i.USBD_ClrClassConfig  usbd_core.o
    0x0800493e   0x0800493e   0x00000010   Code   RO         3860    i.USBD_CtlContinueRx  usbd_ioreq.o
    0x0800494e   0x0800494e   0x00000010   Code   RO         3861    i.USBD_CtlContinueSendData  usbd_ioreq.o
    0x0800495e   0x0800495e   0x00000016   Code   RO         3791    i.USBD_CtlError     usbd_ctlreq.o
    0x08004974   0x08004974   0x00000016   Code   RO         3863    i.USBD_CtlReceiveStatus  usbd_ioreq.o
    0x0800498a   0x0800498a   0x0000001a   Code   RO         3864    i.USBD_CtlSendData  usbd_ioreq.o
    0x080049a4   0x080049a4   0x00000016   Code   RO         3865    i.USBD_CtlSendStatus  usbd_ioreq.o
    0x080049ba   0x080049ba   0x00000002   PAD
    0x080049bc   0x080049bc   0x00000020   Code   RO         3348    i.USBD_FS_ConfigStrDescriptor  usbd_desc.o
    0x080049dc   0x080049dc   0x0000000c   Code   RO         3349    i.USBD_FS_DeviceDescriptor  usbd_desc.o
    0x080049e8   0x080049e8   0x00000024   Code   RO         3350    i.USBD_FS_InterfaceStrDescriptor  usbd_desc.o
    0x08004a0c   0x08004a0c   0x0000000c   Code   RO         3351    i.USBD_FS_LangIDStrDescriptor  usbd_desc.o
    0x08004a18   0x08004a18   0x00000028   Code   RO         3352    i.USBD_FS_ManufacturerStrDescriptor  usbd_desc.o
    0x08004a40   0x08004a40   0x00000024   Code   RO         3353    i.USBD_FS_ProductStrDescriptor  usbd_desc.o
    0x08004a64   0x08004a64   0x00000038   Code   RO         3354    i.USBD_FS_SerialStrDescriptor  usbd_desc.o
    0x08004a9c   0x08004a9c   0x000000e8   Code   RO         3792    i.USBD_GetDescriptor  usbd_ctlreq.o
    0x08004b84   0x08004b84   0x00000048   Code   RO         3793    i.USBD_GetString    usbd_ctlreq.o
    0x08004bcc   0x08004bcc   0x00000018   Code   RO         3447    i.USBD_Get_USB_Status  usbd_conf.o
    0x08004be4   0x08004be4   0x0000000c   Code   RO         3924    i.USBD_HID_DataIn   usbd_hid.o
    0x08004bf0   0x08004bf0   0x00000020   Code   RO         3925    i.USBD_HID_DeInit   usbd_hid.o
    0x08004c10   0x08004c10   0x0000000c   Code   RO         3926    i.USBD_HID_GetDeviceQualifierDesc  usbd_hid.o
    0x08004c1c   0x08004c1c   0x0000000c   Code   RO         3927    i.USBD_HID_GetFSCfgDesc  usbd_hid.o
    0x08004c28   0x08004c28   0x0000000c   Code   RO         3928    i.USBD_HID_GetHSCfgDesc  usbd_hid.o
    0x08004c34   0x08004c34   0x0000000c   Code   RO         3929    i.USBD_HID_GetOtherSpeedCfgDesc  usbd_hid.o
    0x08004c40   0x08004c40   0x0000002a   Code   RO         3931    i.USBD_HID_Init     usbd_hid.o
    0x08004c6a   0x08004c6a   0x00000024   Code   RO         3932    i.USBD_HID_SendReport  usbd_hid.o
    0x08004c8e   0x08004c8e   0x00000002   PAD
    0x08004c90   0x08004c90   0x000000c8   Code   RO         3933    i.USBD_HID_Setup    usbd_hid.o
    0x08004d58   0x08004d58   0x0000002a   Code   RO         3651    i.USBD_Init         usbd_core.o
    0x08004d82   0x08004d82   0x00000012   Code   RO         3448    i.USBD_LL_ClearStallEP  usbd_conf.o
    0x08004d94   0x08004d94   0x00000012   Code   RO         3449    i.USBD_LL_CloseEP   usbd_conf.o
    0x08004da6   0x08004da6   0x000000c6   Code   RO         3652    i.USBD_LL_DataInStage  usbd_core.o
    0x08004e6c   0x08004e6c   0x00000082   Code   RO         3653    i.USBD_LL_DataOutStage  usbd_core.o
    0x08004eee   0x08004eee   0x00000002   PAD
    0x08004ef0   0x08004ef0   0x00000068   Code   RO         3454    i.USBD_LL_Init      usbd_conf.o
    0x08004f58   0x08004f58   0x0000001e   Code   RO         3455    i.USBD_LL_IsStallEP  usbd_conf.o
    0x08004f76   0x08004f76   0x00000018   Code   RO         3456    i.USBD_LL_OpenEP    usbd_conf.o
    0x08004f8e   0x08004f8e   0x00000012   Code   RO         3457    i.USBD_LL_PrepareReceive  usbd_conf.o
    0x08004fa0   0x08004fa0   0x00000050   Code   RO         3658    i.USBD_LL_Reset     usbd_core.o
    0x08004ff0   0x08004ff0   0x00000014   Code   RO         3659    i.USBD_LL_Resume    usbd_core.o
    0x08005004   0x08005004   0x00000018   Code   RO         3660    i.USBD_LL_SOF       usbd_core.o
    0x0800501c   0x0800501c   0x00000006   Code   RO         3661    i.USBD_LL_SetSpeed  usbd_core.o
    0x08005022   0x08005022   0x00000012   Code   RO         3458    i.USBD_LL_SetUSBAddress  usbd_conf.o
    0x08005034   0x08005034   0x0000005a   Code   RO         3662    i.USBD_LL_SetupStage  usbd_core.o
    0x0800508e   0x0800508e   0x00000012   Code   RO         3459    i.USBD_LL_StallEP   usbd_conf.o
    0x080050a0   0x080050a0   0x00000012   Code   RO         3460    i.USBD_LL_Start     usbd_conf.o
    0x080050b2   0x080050b2   0x00000012   Code   RO         3663    i.USBD_LL_Suspend   usbd_core.o
    0x080050c4   0x080050c4   0x00000012   Code   RO         3462    i.USBD_LL_Transmit  usbd_conf.o
    0x080050d6   0x080050d6   0x00000028   Code   RO         3794    i.USBD_ParseSetupRequest  usbd_ctlreq.o
    0x080050fe   0x080050fe   0x00000010   Code   RO         3664    i.USBD_RegisterClass  usbd_core.o
    0x0800510e   0x0800510e   0x00000016   Code   RO         3666    i.USBD_SetClassConfig  usbd_core.o
    0x08005124   0x08005124   0x00000084   Code   RO         3795    i.USBD_SetConfig    usbd_ctlreq.o
    0x080051a8   0x080051a8   0x0000000a   Code   RO         3667    i.USBD_Start        usbd_core.o
    0x080051b2   0x080051b2   0x00000112   Code   RO         3796    i.USBD_StdDevReq    usbd_ctlreq.o
    0x080052c4   0x080052c4   0x00000150   Code   RO         3797    i.USBD_StdEPReq     usbd_ctlreq.o
    0x08005414   0x08005414   0x0000004e   Code   RO         3798    i.USBD_StdItfReq    usbd_ctlreq.o
    0x08005462   0x08005462   0x00000002   Code   RO         3463    i.USBD_static_free  usbd_conf.o
    0x08005464   0x08005464   0x00000008   Code   RO         3464    i.USBD_static_malloc  usbd_conf.o
    0x0800546c   0x0800546c   0x0000029c   Code   RO          736    i.USB_ActivateEndpoint  stm32f1xx_ll_usb.o
    0x08005708   0x08005708   0x00000004   Code   RO          739    i.USB_CoreInit      stm32f1xx_ll_usb.o
    0x0800570c   0x0800570c   0x0000010e   Code   RO          741    i.USB_DeactivateEndpoint  stm32f1xx_ll_usb.o
    0x0800581a   0x0800581a   0x00000004   Code   RO          742    i.USB_DevConnect    stm32f1xx_ll_usb.o
    0x0800581e   0x0800581e   0x00000004   Code   RO          743    i.USB_DevDisconnect  stm32f1xx_ll_usb.o
    0x08005822   0x08005822   0x00000012   Code   RO          744    i.USB_DevInit       stm32f1xx_ll_usb.o
    0x08005834   0x08005834   0x0000000e   Code   RO          745    i.USB_DisableGlobalInt  stm32f1xx_ll_usb.o
    0x08005842   0x08005842   0x00000004   Code   RO          746    i.USB_EP0_OutStart  stm32f1xx_ll_usb.o
    0x08005846   0x08005846   0x00000078   Code   RO          747    i.USB_EPClearStall  stm32f1xx_ll_usb.o
    0x080058be   0x080058be   0x00000032   Code   RO          748    i.USB_EPSetStall    stm32f1xx_ll_usb.o
    0x080058f0   0x080058f0   0x000004e2   Code   RO          749    i.USB_EPStartXfer   stm32f1xx_ll_usb.o
    0x08005dd2   0x08005dd2   0x00000012   Code   RO          751    i.USB_EnableGlobalInt  stm32f1xx_ll_usb.o
    0x08005de4   0x08005de4   0x0000000c   Code   RO          265    i.USB_HP_CAN1_TX_IRQHandler  stm32f1xx_it.o
    0x08005df0   0x08005df0   0x0000000c   Code   RO          266    i.USB_LP_CAN1_RX0_IRQHandler  stm32f1xx_it.o
    0x08005dfc   0x08005dfc   0x00000006   Code   RO          758    i.USB_ReadInterrupts  stm32f1xx_ll_usb.o
    0x08005e02   0x08005e02   0x00000002   PAD
    0x08005e04   0x08005e04   0x0000002c   Code   RO          759    i.USB_ReadPMA       stm32f1xx_ll_usb.o
    0x08005e30   0x08005e30   0x00000004   Code   RO          760    i.USB_SetCurrentMode  stm32f1xx_ll_usb.o
    0x08005e34   0x08005e34   0x0000000c   Code   RO          761    i.USB_SetDevAddress  stm32f1xx_ll_usb.o
    0x08005e40   0x08005e40   0x00000026   Code   RO          763    i.USB_WritePMA      stm32f1xx_ll_usb.o
    0x08005e66   0x08005e66   0x00000002   Code   RO          267    i.UsageFault_Handler  stm32f1xx_it.o
    0x08005e68   0x08005e68   0x00000020   Code   RO         1412    i.__NVIC_SetPriority  stm32f1xx_hal_cortex.o
    0x08005e88   0x08005e88   0x0000000e   Code   RO         4028    i._is_digit         c_w.l(__printf_wp.o)
    0x08005e96   0x08005e96   0x00000002   PAD
    0x08005e98   0x08005e98   0x00000140   Code   RO           24    i.main              main.o
    0x08005fd8   0x08005fd8   0x0000000c   Code   RO         3073    i.ssd1306_I2C_Init  ssd1306.o
    0x08005fe4   0x08005fe4   0x00000020   Code   RO         3074    i.ssd1306_I2C_Write  ssd1306.o
    0x08006004   0x08006004   0x00000038   Code   RO         3075    i.ssd1306_I2C_WriteMulti  ssd1306.o
    0x0800603c   0x0800603c   0x00000046   Data   RO           27    .constdata          main.o
    0x08006082   0x08006082   0x00000012   Data   RO         1110    .constdata          stm32f1xx_hal_rcc.o
    0x08006094   0x08006094   0x00000012   Data   RO         1202    .constdata          stm32f1xx_hal_rcc_ex.o
    0x080060a6   0x080060a6   0x00000010   Data   RO         2977    .constdata          system_stm32f1xx.o
    0x080060b6   0x080060b6   0x00000008   Data   RO         2978    .constdata          system_stm32f1xx.o
    0x080060be   0x080060be   0x0000076c   Data   RO         3014    .constdata          fonts.o
    0x0800682a   0x0800682a   0x00000011   Data   RO         4031    .constdata          c_w.l(__printf_flags_wp.o)
    0x0800683b   0x0800683b   0x00000001   PAD
    0x0800683c   0x0800683c   0x00000020   Data   RO         4217    Region$$Table       anon$$obj.o


    Execution Region RW_IRAM1 (Exec base: 0x20000000, Load base: 0x0800685c, Size: 0x00001590, Max: 0x00005000, ABSOLUTE, COMPRESSED[0x000000f4])

    Exec Addr    Load Addr    Size         Type   Attr      Idx    E Section Name        Object

    0x20000000   COMPRESSED   0x0000001c   Data   RW           29    .data               main.o
    0x2000001c   COMPRESSED   0x0000000c   Data   RW          947    .data               stm32f1xx_hal.o
    0x20000028   COMPRESSED   0x00000004   Data   RW         2979    .data               system_stm32f1xx.o
    0x2000002c   COMPRESSED   0x00000008   Data   RW         3017    .data               fonts.o
    0x20000034   COMPRESSED   0x00000006   Data   RW         3077    .data               ssd1306.o
    0x2000003a   COMPRESSED   0x00000002   PAD
    0x2000003c   COMPRESSED   0x00000004   Data   RW         3250    .data               ds1307.o
    0x20000040   COMPRESSED   0x0000001c   Data   RW         3356    .data               usbd_desc.o
    0x2000005c   COMPRESSED   0x00000032   Data   RW         3357    .data               usbd_desc.o
    0x2000008e   COMPRESSED   0x00000001   Data   RW         3799    .data               usbd_ctlreq.o
    0x2000008f   COMPRESSED   0x00000001   PAD
    0x20000090   COMPRESSED   0x00000038   Data   RW         3934    .data               usbd_hid.o
    0x200000c8   COMPRESSED   0x000000ea   Data   RW         3935    .data               usbd_hid.o
    0x200001b2   COMPRESSED   0x00000002   PAD
    0x200001b4        -       0x00000188   Zero   RW           25    .bss                main.o
    0x2000033c        -       0x00000044   Zero   RW           26    .bss                main.o
    0x20000380        -       0x00000400   Zero   RW         3076    .bss                ssd1306.o
    0x20000780        -       0x000002c4   Zero   RW         3313    .bss                usb_device.o
    0x20000a44        -       0x00000200   Zero   RW         3355    .bss                usbd_desc.o
    0x20000c44        -       0x000002ec   Zero   RW         3465    .bss                usbd_conf.o
    0x20000f30        -       0x00000060   Zero   RW         4091    .bss                c_w.l(libspace.o)
    0x20000f90        -       0x00000200   Zero   RW            2    HEAP                startup_stm32f103xb.o
    0x20001190        -       0x00000400   Zero   RW            1    STACK               startup_stm32f103xb.o


==============================================================================

Image component sizes


      Code (inc. data)   RO Data    RW Data    ZI Data      Debug   Object Name

       244         12          0          4          0       3227   ds1307.o
         0          0       1900          8          0       1311   fonts.o
      1466        168         70         28        460     450385   main.o
       832         54          0          6       1024       8276   ssd1306.o
        64         26        236          0       1536        792   startup_stm32f103xb.o
       164         28          0         12          0       5873   stm32f1xx_hal.o
      1134         56          0          0          0       8422   stm32f1xx_hal_adc.o
       216          6          0          0          0       1518   stm32f1xx_hal_adc_ex.o
       198         14          0          0          0      28855   stm32f1xx_hal_cortex.o
       744         36          0          0          0       4869   stm32f1xx_hal_dma.o
       500         34          0          0          0       3563   stm32f1xx_hal_gpio.o
      6014        104          0          0          0      32940   stm32f1xx_hal_i2c.o
       496         56          0          0          0       3205   stm32f1xx_hal_msp.o
      3026          0          0          0          0      13505   stm32f1xx_hal_pcd.o
        60          0          0          0          0       1258   stm32f1xx_hal_pcd_ex.o
      1240         84         18          0          0       5120   stm32f1xx_hal_rcc.o
       400         28         18          0          0       2533   stm32f1xx_hal_rcc_ex.o
       284          6          0          0          0       1996   stm32f1xx_hal_uart.o
        80         30          0          0          0       5828   stm32f1xx_it.o
      2528          0          0          0          0      15899   stm32f1xx_ll_usb.o
         2          0         24          4          0       1183   system_stm32f1xx.o
        64         12          0          0        708        744   usb_device.o
       538         30          0          0        748      13325   usbd_conf.o
       670          0          0          0          0       9319   usbd_core.o
      1186         28          0          1          0       7868   usbd_ctlreq.o
       280         96          0         78        512       5853   usbd_desc.o
       370         20          0        290          0       7665   usbd_hid.o
       102          0          0          0          0       3660   usbd_ioreq.o

    ----------------------------------------------------------------------
     22948        928       2298        436       4988     648992   Object Totals
         0          0         32          0          0          0   (incl. Generated)
        46          0          0          5          0          0   (incl. Padding)

    ----------------------------------------------------------------------

      Code (inc. data)   RO Data    RW Data    ZI Data      Debug   Library Member Name

        90          0          0          0          0          0   __dczerorl2.o
         8          0          0          0          0         68   __main.o
       312          4         17          0          0         92   __printf_flags_wp.o
        14          0          0          0          0         68   __printf_wp.o
         0          0          0          0          0          0   __rtentry.o
        12          0          0          0          0          0   __rtentry2.o
         6          0          0          0          0          0   __rtentry4.o
        52          8          0          0          0          0   __scatter.o
        28          0          0          0          0          0   __scatter_zi.o
        44          0          0          0          0        108   _printf_char.o
        48          6          0          0          0         96   _printf_char_common.o
         6          0          0          0          0          0   _printf_d.o
       120         16          0          0          0         92   _printf_dec.o
       178          0          0          0          0         88   _printf_intcommon.o
        78          0          0          0          0        108   _printf_pad.o
         0          0          0          0          0          0   _printf_percent.o
         4          0          0          0          0          0   _printf_percent_end.o
         6          0          0          0          0          0   _printf_s.o
        82          0          0          0          0         80   _printf_str.o
        10          0          0          0          0         68   _sputc.o
        16          0          0          0          0         68   aeabi_memset.o
        18          0          0          0          0         80   exit.o
         6          0          0          0          0        152   heapauxi.o
         0          0          0          0          0          0   indicate_semi.o
         2          0          0          0          0          0   libinit.o
         2          0          0          0          0          0   libinit2.o
         2          0          0          0          0          0   libshutdown.o
         2          0          0          0          0          0   libshutdown2.o
         8          4          0          0         96         68   libspace.o
        40          6          0          0          0         84   noretval__2sprintf.o
        68          0          0          0          0         68   rt_memclr.o
        78          0          0          0          0         80   rt_memclr_w.o
         2          0          0          0          0          0   rtexit.o
        10          0          0          0          0          0   rtexit2.o
        12          4          0          0          0         68   sys_exit.o
        74          0          0          0          0         80   sys_stackheap_outer.o
         2          0          0          0          0         68   use_no_semi.o

    ----------------------------------------------------------------------
      1452         48         18          0         96       1684   Library Totals
        12          0          1          0          0          0   (incl. Padding)

    ----------------------------------------------------------------------

      Code (inc. data)   RO Data    RW Data    ZI Data      Debug   Library Name

      1440         48         17          0         96       1684   c_w.l

    ----------------------------------------------------------------------
      1452         48         18          0         96       1684   Library Totals

    ----------------------------------------------------------------------

==============================================================================


      Code (inc. data)   RO Data    RW Data    ZI Data      Debug   

     24400        976       2316        436       5084     638764   Grand Totals
     24400        976       2316        244       5084     638764   ELF Image Totals (compressed)
     24400        976       2316        244          0          0   ROM Totals

==============================================================================

    Total RO  Size (Code + RO Data)                26716 (  26.09kB)
    Total RW  Size (RW Data + ZI Data)              5520 (   5.39kB)
    Total ROM Size (Code + RO Data + RW Data)      26960 (  26.33kB)

==============================================================================

