Component: ARM Compiler 5.06 update 6 (build 750) Tool: armlink [4d35ed]

==============================================================================

Section Cross References

    startup_stm32f103xb.o(STACK) refers (Special) to heapauxi.o(.text) for __use_two_region_memory
    startup_stm32f103xb.o(HEAP) refers (Special) to heapauxi.o(.text) for __use_two_region_memory
    startup_stm32f103xb.o(RESET) refers (Special) to heapauxi.o(.text) for __use_two_region_memory
    startup_stm32f103xb.o(RESET) refers to startup_stm32f103xb.o(STACK) for __initial_sp
    startup_stm32f103xb.o(RESET) refers to startup_stm32f103xb.o(.text) for Reset_Handler
    startup_stm32f103xb.o(RESET) refers to stm32f1xx_it.o(i.NMI_Handler) for NMI_Handler
    startup_stm32f103xb.o(RESET) refers to stm32f1xx_it.o(i.HardFault_Handler) for HardFault_Handler
    startup_stm32f103xb.o(RESET) refers to stm32f1xx_it.o(i.MemManage_Handler) for MemManage_Handler
    startup_stm32f103xb.o(RESET) refers to stm32f1xx_it.o(i.BusFault_Handler) for BusFault_Handler
    startup_stm32f103xb.o(RESET) refers to stm32f1xx_it.o(i.UsageFault_Handler) for UsageFault_Handler
    startup_stm32f103xb.o(RESET) refers to stm32f1xx_it.o(i.SVC_Handler) for SVC_Handler
    startup_stm32f103xb.o(RESET) refers to stm32f1xx_it.o(i.DebugMon_Handler) for DebugMon_Handler
    startup_stm32f103xb.o(RESET) refers to stm32f1xx_it.o(i.PendSV_Handler) for PendSV_Handler
    startup_stm32f103xb.o(RESET) refers to stm32f1xx_it.o(i.SysTick_Handler) for SysTick_Handler
    startup_stm32f103xb.o(RESET) refers to stm32f1xx_it.o(i.DMA1_Channel1_IRQHandler) for DMA1_Channel1_IRQHandler
    startup_stm32f103xb.o(RESET) refers to stm32f1xx_it.o(i.USB_HP_CAN1_TX_IRQHandler) for USB_HP_CAN1_TX_IRQHandler
    startup_stm32f103xb.o(RESET) refers to stm32f1xx_it.o(i.USB_LP_CAN1_RX0_IRQHandler) for USB_LP_CAN1_RX0_IRQHandler
    startup_stm32f103xb.o(RESET) refers to stm32f1xx_it.o(i.I2C2_EV_IRQHandler) for I2C2_EV_IRQHandler
    startup_stm32f103xb.o(RESET) refers to stm32f1xx_it.o(i.I2C2_ER_IRQHandler) for I2C2_ER_IRQHandler
    startup_stm32f103xb.o(.text) refers (Special) to heapauxi.o(.text) for __use_two_region_memory
    startup_stm32f103xb.o(.text) refers to system_stm32f1xx.o(i.SystemInit) for SystemInit
    startup_stm32f103xb.o(.text) refers to __main.o(!!!main) for __main
    startup_stm32f103xb.o(.text) refers to startup_stm32f103xb.o(HEAP) for Heap_Mem
    startup_stm32f103xb.o(.text) refers to startup_stm32f103xb.o(STACK) for Stack_Mem
    main.o(i.Check_adc_threshold) refers to main.o(.bss) for .bss
    main.o(i.Check_adc_threshold) refers to main.o(.data) for .data
    main.o(i.HID_VolumeControl) refers to main.o(i.Check_adc_threshold) for Check_adc_threshold
    main.o(i.HID_VolumeControl) refers to usbd_customhid.o(i.USBD_CUSTOM_HID_SendReport) for USBD_CUSTOM_HID_SendReport
    main.o(i.HID_VolumeControl) refers to stm32f1xx_hal.o(i.HAL_Delay) for HAL_Delay
    main.o(i.HID_VolumeControl) refers to main.o(.bss) for .bss
    main.o(i.HID_VolumeControl) refers to usb_device.o(.bss) for hUsbDeviceFS
    main.o(i.MX_ADC1_Init) refers to stm32f1xx_hal_adc.o(i.HAL_ADC_Init) for HAL_ADC_Init
    main.o(i.MX_ADC1_Init) refers to stm32f1xx_hal_adc.o(i.HAL_ADC_ConfigChannel) for HAL_ADC_ConfigChannel
    main.o(i.MX_ADC1_Init) refers to main.o(.bss) for .bss
    main.o(i.MX_GPIO_Init) refers to stm32f1xx_hal_gpio.o(i.HAL_GPIO_WritePin) for HAL_GPIO_WritePin
    main.o(i.MX_GPIO_Init) refers to stm32f1xx_hal_gpio.o(i.HAL_GPIO_Init) for HAL_GPIO_Init
    main.o(i.Matrix_key_press_Callback) refers to main.o(i.Send_consumer) for Send_consumer
    main.o(i.Matrix_key_press_Callback) refers to main.o(i.Print_uart) for Print_uart
    main.o(i.Matrix_key_press_Callback) refers to main.o(i.Send_key) for Send_key
    main.o(i.Matrix_key_press_Callback) refers to main.o(.data) for .data
    main.o(i.Oled_display) refers to _printf_pad.o(.text) for _printf_pre_padding
    main.o(i.Oled_display) refers to _printf_percent.o(.ARM.Collect$$_printf_percent$$00000000) for _printf_percent
    main.o(i.Oled_display) refers to _printf_d.o(.ARM.Collect$$_printf_percent$$00000009) for _printf_d
    main.o(i.Oled_display) refers to _printf_dec.o(.text) for _printf_int_dec
    main.o(i.Oled_display) refers to _printf_s.o(.ARM.Collect$$_printf_percent$$00000014) for _printf_s
    main.o(i.Oled_display) refers to _printf_str.o(.text) for _printf_str
    main.o(i.Oled_display) refers to ds1307.o(i.DS1307_read) for DS1307_read
    main.o(i.Oled_display) refers to __2sprintf.o(.text) for __2sprintf
    main.o(i.Oled_display) refers to ssd1306.o(i.SSD1306_GotoXY) for SSD1306_GotoXY
    main.o(i.Oled_display) refers to ssd1306.o(i.SSD1306_Puts) for SSD1306_Puts
    main.o(i.Oled_display) refers to ds1307.o(i.DS1307_get_day_of_week) for DS1307_get_day_of_week
    main.o(i.Oled_display) refers to ssd1306.o(i.SSD1306_UpdateScreen) for SSD1306_UpdateScreen
[...]
    __rt_exit_prels_1                        0x08000269   Thumb Code     0  rtexit2.o(.ARM.Collect$$rtexit$$00000002)
    __rt_exit_exit                           0x0800026d   Thumb Code     0  rtexit2.o(.ARM.Collect$$rtexit$$00000004)
    Reset_Handler                            0x08000275   Thumb Code     8  startup_stm32f103xb.o(.text)
    ADC1_2_IRQHandler                        0x0800028f   Thumb Code     0  startup_stm32f103xb.o(.text)
    CAN1_RX1_IRQHandler                      0x0800028f   Thumb Code     0  startup_stm32f103xb.o(.text)
    CAN1_SCE_IRQHandler                      0x0800028f   Thumb Code     0  startup_stm32f103xb.o(.text)
    DMA1_Channel2_IRQHandler                 0x0800028f   Thumb Code     0  startup_stm32f103xb.o(.text)
    DMA1_Channel3_IRQHandler                 0x0800028f   Thumb Code     0  startup_stm32f103xb.o(.text)
    DMA1_Channel4_IRQHandler                 0x0800028f   Thumb Code     0  startup_stm32f103xb.o(.text)
    DMA1_Channel5_IRQHandler                 0x0800028f   Thumb Code     0  startup_stm32f103xb.o(.text)
    DMA1_Channel6_IRQHandler                 0x0800028f   Thumb Code     0  startup_stm32f103xb.o(.text)
    DMA1_Channel7_IRQHandler                 0x0800028f   Thumb Code     0  startup_stm32f103xb.o(.text)
    EXTI0_IRQHandler                         0x0800028f   Thumb Code     0  startup_stm32f103xb.o(.text)
    EXTI15_10_IRQHandler                     0x0800028f   Thumb Code     0  startup_stm32f103xb.o(.text)
    EXTI1_IRQHandler                         0x0800028f   Thumb Code     0  startup_stm32f103xb.o(.text)
    EXTI2_IRQHandler                         0x0800028f   Thumb Code     0  startup_stm32f103xb.o(.text)
    EXTI3_IRQHandler                         0x0800028f   Thumb Code     0  startup_stm32f103xb.o(.text)
    EXTI4_IRQHandler                         0x0800028f   Thumb Code     0  startup_stm32f103xb.o(.text)
    EXTI9_5_IRQHandler                       0x0800028f   Thumb Code     0  startup_stm32f103xb.o(.text)
    FLASH_IRQHandler                         0x0800028f   Thumb Code     0  startup_stm32f103xb.o(.text)
    I2C1_ER_IRQHandler                       0x0800028f   Thumb Code     0  startup_stm32f103xb.o(.text)
    I2C1_EV_IRQHandler                       0x0800028f   Thumb Code     0  startup_stm32f103xb.o(.text)
    PVD_IRQHandler                           0x0800028f   Thumb Code     0  startup_stm32f103xb.o(.text)
    RCC_IRQHandler                           0x0800028f   Thumb Code     0  startup_stm32f103xb.o(.text)
    RTC_Alarm_IRQHandler                     0x0800028f   Thumb Code     0  startup_stm32f103xb.o(.text)
    RTC_IRQHandler                           0x0800028f   Thumb Code     0  startup_stm32f103xb.o(.text)
    SPI1_IRQHandler                          0x0800028f   Thumb Code     0  startup_stm32f103xb.o(.text)
    SPI2_IRQHandler                          0x0800028f   Thumb Code     0  startup_stm32f103xb.o(.text)
    TAMPER_IRQHandler                        0x0800028f   Thumb Code     0  startup_stm32f103xb.o(.text)
    TIM1_BRK_IRQHandler                      0x0800028f   Thumb Code     0  startup_stm32f103xb.o(.text)
    TIM1_CC_IRQHandler                       0x0800028f   Thumb Code     0  startup_stm32f103xb.o(.text)
    TIM1_TRG_COM_IRQHandler                  0x0800028f   Thumb Code     0  startup_stm32f103xb.o(.text)
    TIM1_UP_IRQHandler                       0x0800028f   Thumb Code     0  startup_stm32f103xb.o(.text)
    TIM2_IRQHandler                          0x0800028f   Thumb Code     0  startup_stm32f103xb.o(.text)
    TIM3_IRQHandler                          0x0800028f   Thumb Code     0  startup_stm32f103xb.o(.text)
    TIM4_IRQHandler                          0x0800028f   Thumb Code     0  startup_stm32f103xb.o(.text)
    USART1_IRQHandler                        0x0800028f   Thumb Code     0  startup_stm32f103xb.o(.text)
    USART2_IRQHandler                        0x0800028f   Thumb Code     0  startup_stm32f103xb.o(.text)
    USART3_IRQHandler                        0x0800028f   Thumb Code     0  startup_stm32f103xb.o(.text)
    USBWakeUp_IRQHandler                     0x0800028f   Thumb Code     0  startup_stm32f103xb.o(.text)
    WWDG_IRQHandler                          0x0800028f   Thumb Code     0  startup_stm32f103xb.o(.text)
    __user_initial_stackheap                 0x08000291   Thumb Code     0  startup_stm32f103xb.o(.text)
    vsnprintf                                0x080002b5   Thumb Code    48  vsnprintf.o(.text)
    __2sprintf                               0x080002e9   Thumb Code    38  __2sprintf.o(.text)
    _printf_pre_padding                      0x08000315   Thumb Code    44  _printf_pad.o(.text)
    _printf_post_padding                     0x08000341   Thumb Code    34  _printf_pad.o(.text)
    _printf_str                              0x08000363   Thumb Code    82  _printf_str.o(.text)
    _printf_int_dec                          0x080003b5   Thumb Code   104  _printf_dec.o(.text)
    __printf                                 0x0800042d   Thumb Code   388  __printf_flags_ss_wp.o(.text)
    __aeabi_memset                           0x080005b5   Thumb Code    16  aeabi_memset.o(.text)
    __aeabi_memclr4                          0x080005c5   Thumb Code     0  rt_memclr_w.o(.text)
    __aeabi_memclr8                          0x080005c5   Thumb Code     0  rt_memclr_w.o(.text)
    __rt_memclr_w                            0x080005c5   Thumb Code    78  rt_memclr_w.o(.text)
    _memset_w                                0x080005c9   Thumb Code     0  rt_memclr_w.o(.text)
    __use_two_region_memory                  0x08000613   Thumb Code     2  heapauxi.o(.text)
    __rt_heap_escrow$2region                 0x08000615   Thumb Code     2  heapauxi.o(.text)
    __rt_heap_expand$2region                 0x08000617   Thumb Code     2  heapauxi.o(.text)
    _printf_truncate_signed                  0x08000619   Thumb Code    18  _printf_truncate.o(.text)
    _printf_truncate_unsigned                0x0800062b   Thumb Code    18  _printf_truncate.o(.text)
    _printf_int_common                       0x0800063d   Thumb Code   178  _printf_intcommon.o(.text)
    _printf_charcount                        0x080006ef   Thumb Code    40  _printf_charcount.o(.text)
    _printf_char_common                      0x08000723   Thumb Code    32  _printf_char_common.o(.text)
    _sputc                                   0x08000749   Thumb Code    10  _sputc.o(.text)
    _snputc                                  0x08000753   Thumb Code    16  _snputc.o(.text)
    _printf_cs_common                        0x08000763   Thumb Code    20  _printf_char.o(.text)
    _printf_char                             0x08000777   Thumb Code    16  _printf_char.o(.text)
    _printf_string                           0x08000787   Thumb Code     8  _printf_char.o(.text)
    _printf_wctomb                           0x08000791   Thumb Code   182  _printf_wctomb.o(.text)
    _printf_longlong_dec                     0x0800084d   Thumb Code   108  _printf_longlong_dec.o(.text)
    _printf_longlong_oct                     0x080008c9   Thumb Code    66  _printf_oct_int_ll.o(.text)
    _printf_int_oct                          0x0800090b   Thumb Code    24  _printf_oct_int_ll.o(.text)
    _printf_ll_oct                           0x08000923   Thumb Code    12  _printf_oct_int_ll.o(.text)
    _printf_longlong_hex                     0x08000939   Thumb Code    86  _printf_hex_int_ll_ptr.o(.text)
    _printf_int_hex                          0x0800098f   Thumb Code    28  _printf_hex_int_ll_ptr.o(.text)
    _printf_ll_hex                           0x080009ab   Thumb Code    12  _printf_hex_int_ll_ptr.o(.text)
    _printf_hex_ptr                          0x080009b7   Thumb Code    18  _printf_hex_int_ll_ptr.o(.text)
    __aeabi_memclr                           0x080009cd   Thumb Code     0  rt_memclr.o(.text)
    __rt_memclr                              0x080009cd   Thumb Code    68  rt_memclr.o(.text)
    _memset                                  0x080009d1   Thumb Code     0  rt_memclr.o(.text)
    _ll_udiv10                               0x08000a11   Thumb Code   138  lludiv10.o(.text)
    __lib_sel_fp_printf                      0x08000a9b   Thumb Code     2  _printf_fp_dec.o(.text)
    _printf_fp_dec_real                      0x08000c4d   Thumb Code   620  _printf_fp_dec.o(.text)
    _printf_fp_hex_real                      0x08000eb9   Thumb Code   756  _printf_fp_hex.o(.text)
    _printf_lcs_common                       0x080011b5   Thumb Code    20  _printf_wchar.o(.text)
    _printf_wchar                            0x080011c9   Thumb Code    16  _printf_wchar.o(.text)
    _printf_wstring                          0x080011d9   Thumb Code     8  _printf_wchar.o(.text)
    _wcrtomb                                 0x080011e1   Thumb Code    64  _wcrtomb.o(.text)
    __user_setup_stackheap                   0x08001221   Thumb Code    74  sys_stackheap_outer.o(.text)
    __rt_ctype_table                         0x0800126d   Thumb Code    16  rt_ctype_table.o(.text)
    __rt_locale                              0x0800127d   Thumb Code     8  rt_locale_intlibspace.o(.text)
    _printf_fp_infnan                        0x08001285   Thumb Code   112  _printf_fp_infnan.o(.text)
    _btod_etento                             0x08001305   Thumb Code   224  bigflt0.o(.text)
    exit                                     0x080013e9   Thumb Code    18  exit.o(.text)
    __user_libspace                          0x080013fd   Thumb Code     8  libspace.o(.text)
    __user_perproc_libspace                  0x080013fd   Thumb Code     0  libspace.o(.text)
    __user_perthread_libspace                0x080013fd   Thumb Code     0  libspace.o(.text)
    strcmp                                   0x08001405   Thumb Code   128  strcmpv7m.o(.text)
    _sys_exit                                0x08001485   Thumb Code     8  sys_exit.o(.text)
    __I$use$semihosting                      0x08001491   Thumb Code     0  use_no_semi.o(.text)
    __use_no_semihosting_swi                 0x08001491   Thumb Code     2  use_no_semi.o(.text)
    __semihosting_library_function           0x08001493   Thumb Code     0  indicate_semi.o(.text)
    _btod_d2e                                0x08001493   Thumb Code    62  btod.o(CL$$btod_d2e)
    _d2e_denorm_low                          0x080014d1   Thumb Code    70  btod.o(CL$$btod_d2e_denorm_low)
    _d2e_norm_op1                            0x08001517   Thumb Code    96  btod.o(CL$$btod_d2e_norm_op1)
    __btod_div_common                        0x08001577   Thumb Code   696  btod.o(CL$$btod_div_common)
    _e2e                                     0x080018af   Thumb Code   220  btod.o(CL$$btod_e2e)
    _btod_ediv                               0x0800198b   Thumb Code    42  btod.o(CL$$btod_ediv)
    _btod_emul                               0x080019b5   Thumb Code    42  btod.o(CL$$btod_emul)
    __btod_mult_common                       0x080019df   Thumb Code   580  btod.o(CL$$btod_mult_common)
    ADC_ConversionStop_Disable               0x08001c25   Thumb Code    86  stm32f1xx_hal_adc.o(i.ADC_ConversionStop_Disable)
    ADC_DMAConvCplt                          0x08001c7b   Thumb Code    78  stm32f1xx_hal_adc.o(i.ADC_DMAConvCplt)
    ADC_DMAError                             0x08001cc9   Thumb Code    26  stm32f1xx_hal_adc.o(i.ADC_DMAError)
    ADC_DMAHalfConvCplt                      0x08001ce3   Thumb Code    10  stm32f1xx_hal_adc.o(i.ADC_DMAHalfConvCplt)
    ADC_Enable                               0x08001ced   Thumb Code   114  stm32f1xx_hal_adc.o(i.ADC_Enable)
    BCD_to_Dec                               0x08001d69   Thumb Code    18  ds1307.o(i.BCD_to_Dec)
    BusFault_Handler                         0x08001d7b   Thumb Code     2  stm32f1xx_it.o(i.BusFault_Handler)
    Check_adc_threshold                      0x08001d89   Thumb Code    56  main.o(i.Check_adc_threshold)
    DMA1_Channel1_IRQHandler                 0x08001dc9   Thumb Code     6  stm32f1xx_it.o(i.DMA1_Channel1_IRQHandler)
    DS1307_Init                              0x08001e01   Thumb Code     6  ds1307.o(i.DS1307_Init)
    DS1307_get_day_of_week                   0x08001e0d   Thumb Code    94  ds1307.o(i.DS1307_get_day_of_week)
    DS1307_read                              0x08001e6d   Thumb Code   114  ds1307.o(i.DS1307_read)
    DebugMon_Handler                         0x08001ee5   Thumb Code     2  stm32f1xx_it.o(i.DebugMon_Handler)
    Error_Handler                            0x08001ee7   Thumb Code     4  main.o(i.Error_Handler)
    HAL_ADCEx_Calibration_Start              0x08001eed   Thumb Code   210  stm32f1xx_hal_adc_ex.o(i.HAL_ADCEx_Calibration_Start)
    HAL_ADC_ConfigChannel                    0x08001fc5   Thumb Code   240  stm32f1xx_hal_adc.o(i.HAL_ADC_ConfigChannel)
    HAL_ADC_ConvCpltCallback                 0x080020c1   Thumb Code     2  stm32f1xx_hal_adc.o(i.HAL_ADC_ConvCpltCallback)
    HAL_ADC_ConvHalfCpltCallback             0x080020c3   Thumb Code     2  stm32f1xx_hal_adc.o(i.HAL_ADC_ConvHalfCpltCallback)
    HAL_ADC_ErrorCallback                    0x080020c5   Thumb Code     2  stm32f1xx_hal_adc.o(i.HAL_ADC_ErrorCallback)
    HAL_ADC_Init                             0x080020c9   Thumb Code   272  stm32f1xx_hal_adc.o(i.HAL_ADC_Init)
    HAL_ADC_MspInit                          0x080021e5   Thumb Code   120  stm32f1xx_hal_msp.o(i.HAL_ADC_MspInit)
    HAL_ADC_Start_DMA                        0x08002271   Thumb Code   246  stm32f1xx_hal_adc.o(i.HAL_ADC_Start_DMA)
    HAL_DMA_Abort_IT                         0x0800237d   Thumb Code   148  stm32f1xx_hal_dma.o(i.HAL_DMA_Abort_IT)
    HAL_DMA_GetState                         0x08002415   Thumb Code     6  stm32f1xx_hal_dma.o(i.HAL_DMA_GetState)
    HAL_DMA_IRQHandler                       0x0800241d   Thumb Code   316  stm32f1xx_hal_dma.o(i.HAL_DMA_IRQHandler)
    HAL_DMA_Init                             0x08002571   Thumb Code    84  stm32f1xx_hal_dma.o(i.HAL_DMA_Init)
    HAL_DMA_Start_IT                         0x080025cd   Thumb Code   112  stm32f1xx_hal_dma.o(i.HAL_DMA_Start_IT)
    HAL_Delay                                0x0800263d   Thumb Code    32  stm32f1xx_hal.o(i.HAL_Delay)
    HAL_GPIO_Init                            0x08002661   Thumb Code   446  stm32f1xx_hal_gpio.o(i.HAL_GPIO_Init)
    HAL_GPIO_ReadPin                         0x08002841   Thumb Code    10  stm32f1xx_hal_gpio.o(i.HAL_GPIO_ReadPin)
    HAL_GPIO_WritePin                        0x0800284b   Thumb Code    10  stm32f1xx_hal_gpio.o(i.HAL_GPIO_WritePin)
    HAL_GetTick                              0x08002855   Thumb Code     6  stm32f1xx_hal.o(i.HAL_GetTick)
    HAL_I2C_AbortCpltCallback                0x08002861   Thumb Code     2  stm32f1xx_hal_i2c.o(i.HAL_I2C_AbortCpltCallback)
    HAL_I2C_AddrCallback                     0x08002863   Thumb Code     2  stm32f1xx_hal_i2c.o(i.HAL_I2C_AddrCallback)
    HAL_I2C_ER_IRQHandler                    0x08002865   Thumb Code   196  stm32f1xx_hal_i2c.o(i.HAL_I2C_ER_IRQHandler)
    HAL_I2C_EV_IRQHandler                    0x08002929   Thumb Code   560  stm32f1xx_hal_i2c.o(i.HAL_I2C_EV_IRQHandler)
    HAL_I2C_ErrorCallback                    0x08002b59   Thumb Code     2  stm32f1xx_hal_i2c.o(i.HAL_I2C_ErrorCallback)
    HAL_I2C_Init                             0x08002b5d   Thumb Code   376  stm32f1xx_hal_i2c.o(i.HAL_I2C_Init)
    HAL_I2C_IsDeviceReady                    0x08002ce5   Thumb Code   354  stm32f1xx_hal_i2c.o(i.HAL_I2C_IsDeviceReady)
    HAL_I2C_ListenCpltCallback               0x08002e51   Thumb Code     2  stm32f1xx_hal_i2c.o(i.HAL_I2C_ListenCpltCallback)
    HAL_I2C_MasterRxCpltCallback             0x08002e53   Thumb Code     2  stm32f1xx_hal_i2c.o(i.HAL_I2C_MasterRxCpltCallback)
    HAL_I2C_MasterTxCpltCallback             0x08002e55   Thumb Code     2  stm32f1xx_hal_i2c.o(i.HAL_I2C_MasterTxCpltCallback)
    HAL_I2C_Master_Receive                   0x08002e59   Thumb Code   576  stm32f1xx_hal_i2c.o(i.HAL_I2C_Master_Receive)
    HAL_I2C_Master_Transmit                  0x080030a9   Thumb Code   290  stm32f1xx_hal_i2c.o(i.HAL_I2C_Master_Transmit)
    HAL_I2C_MemRxCpltCallback                0x080031d5   Thumb Code     2  stm32f1xx_hal_i2c.o(i.HAL_I2C_MemRxCpltCallback)
    HAL_I2C_MemTxCpltCallback                0x080031d7   Thumb Code     2  stm32f1xx_hal_i2c.o(i.HAL_I2C_MemTxCpltCallback)
    HAL_I2C_MspInit                          0x080031d9   Thumb Code   168  stm32f1xx_hal_msp.o(i.HAL_I2C_MspInit)
    HAL_I2C_SlaveRxCpltCallback              0x08003291   Thumb Code     2  stm32f1xx_hal_i2c.o(i.HAL_I2C_SlaveRxCpltCallback)
    HAL_I2C_SlaveTxCpltCallback              0x08003293   Thumb Code     2  stm32f1xx_hal_i2c.o(i.HAL_I2C_SlaveTxCpltCallback)
    HAL_IncTick                              0x08003295   Thumb Code    12  stm32f1xx_hal.o(i.HAL_IncTick)
    HAL_Init                                 0x080032a5   Thumb Code    32  stm32f1xx_hal.o(i.HAL_Init)
    HAL_InitTick                             0x080032c9   Thumb Code    54  stm32f1xx_hal.o(i.HAL_InitTick)
    HAL_MspInit                              0x08003309   Thumb Code    52  stm32f1xx_hal_msp.o(i.HAL_MspInit)
    HAL_NVIC_EnableIRQ                       0x08003345   Thumb Code    26  stm32f1xx_hal_cortex.o(i.HAL_NVIC_EnableIRQ)
    HAL_NVIC_SetPriority                     0x08003361   Thumb Code    60  stm32f1xx_hal_cortex.o(i.HAL_NVIC_SetPriority)
    HAL_NVIC_SetPriorityGrouping             0x080033a1   Thumb Code    26  stm32f1xx_hal_cortex.o(i.HAL_NVIC_SetPriorityGrouping)
    HAL_PCDEx_PMAConfig                      0x080033c5   Thumb Code    60  stm32f1xx_hal_pcd_ex.o(i.HAL_PCDEx_PMAConfig)
    HAL_PCDEx_SetConnectionState             0x08003401   Thumb Code     2  usbd_conf.o(i.HAL_PCDEx_SetConnectionState)
    HAL_PCD_DataInStageCallback              0x08003403   Thumb Code    18  usbd_conf.o(i.HAL_PCD_DataInStageCallback)
    HAL_PCD_DataOutStageCallback             0x08003415   Thumb Code    20  usbd_conf.o(i.HAL_PCD_DataOutStageCallback)
    HAL_PCD_EP_Close                         0x08003429   Thumb Code    74  stm32f1xx_hal_pcd.o(i.HAL_PCD_EP_Close)
    HAL_PCD_EP_ClrStall                      0x08003473   Thumb Code    90  stm32f1xx_hal_pcd.o(i.HAL_PCD_EP_ClrStall)
    HAL_PCD_EP_Open                          0x080038eb   Thumb Code    88  stm32f1xx_hal_pcd.o(i.HAL_PCD_EP_Open)
    HAL_PCD_EP_Receive                       0x08003943   Thumb Code    46  stm32f1xx_hal_pcd.o(i.HAL_PCD_EP_Receive)
    HAL_PCD_EP_SetStall                      0x08003971   Thumb Code   112  stm32f1xx_hal_pcd.o(i.HAL_PCD_EP_SetStall)
    HAL_PCD_EP_Transmit                      0x080039e1   Thumb Code    46  stm32f1xx_hal_pcd.o(i.HAL_PCD_EP_Transmit)
    HAL_PCD_IRQHandler                       0x08003a11   Thumb Code   308  stm32f1xx_hal_pcd.o(i.HAL_PCD_IRQHandler)
    HAL_PCD_Init                             0x08003b45   Thumb Code   186  stm32f1xx_hal_pcd.o(i.HAL_PCD_Init)
    HAL_PCD_MspInit                          0x08003c01   Thumb Code    66  usbd_conf.o(i.HAL_PCD_MspInit)
    HAL_PCD_ResetCallback                    0x08003c4d   Thumb Code    38  usbd_conf.o(i.HAL_PCD_ResetCallback)
    HAL_PCD_ResumeCallback                   0x08003c73   Thumb Code     8  usbd_conf.o(i.HAL_PCD_ResumeCallback)
    HAL_PCD_SOFCallback                      0x08003c7b   Thumb Code     8  usbd_conf.o(i.HAL_PCD_SOFCallback)
    HAL_PCD_SetAddress                       0x08003c83   Thumb Code    38  stm32f1xx_hal_pcd.o(i.HAL_PCD_SetAddress)
    HAL_PCD_SetupStageCallback               0x08003ca9   Thumb Code    14  usbd_conf.o(i.HAL_PCD_SetupStageCallback)
    HAL_PCD_Start                            0x08003cb7   Thumb Code    50  stm32f1xx_hal_pcd.o(i.HAL_PCD_Start)
    HAL_PCD_SuspendCallback                  0x08003ce9   Thumb Code    30  usbd_conf.o(i.HAL_PCD_SuspendCallback)
    HAL_RCCEx_GetPeriphCLKFreq               0x08003d0d   Thumb Code   148  stm32f1xx_hal_rcc_ex.o(i.HAL_RCCEx_GetPeriphCLKFreq)
    HAL_RCCEx_PeriphCLKConfig                0x08003db1   Thumb Code   224  stm32f1xx_hal_rcc_ex.o(i.HAL_RCCEx_PeriphCLKConfig)
    HAL_RCC_ClockConfig                      0x08003e9d   Thumb Code   280  stm32f1xx_hal_rcc.o(i.HAL_RCC_ClockConfig)
    HAL_RCC_GetPCLK1Freq                     0x08003fc9   Thumb Code    20  stm32f1xx_hal_rcc.o(i.HAL_RCC_GetPCLK1Freq)
    HAL_RCC_GetPCLK2Freq                     0x08003fe9   Thumb Code    20  stm32f1xx_hal_rcc.o(i.HAL_RCC_GetPCLK2Freq)
    HAL_RCC_GetSysClockFreq                  0x08004009   Thumb Code    58  stm32f1xx_hal_rcc.o(i.HAL_RCC_GetSysClockFreq)
    HAL_RCC_OscConfig                        0x08004055   Thumb Code   778  stm32f1xx_hal_rcc.o(i.HAL_RCC_OscConfig)
    HAL_SYSTICK_Config                       0x08004375   Thumb Code    40  stm32f1xx_hal_cortex.o(i.HAL_SYSTICK_Config)
    HAL_UART_Init                            0x0800439d   Thumb Code   100  stm32f1xx_hal_uart.o(i.HAL_UART_Init)
    HAL_UART_MspInit                         0x08004401   Thumb Code   100  stm32f1xx_hal_msp.o(i.HAL_UART_MspInit)
    HAL_UART_Transmit                        0x08004471   Thumb Code   160  stm32f1xx_hal_uart.o(i.HAL_UART_Transmit)
    HID_VolumeControl                        0x08004511   Thumb Code   110  main.o(i.HID_VolumeControl)
    HardFault_Handler                        0x08004589   Thumb Code     2  stm32f1xx_it.o(i.HardFault_Handler)
    I2C2_ER_IRQHandler                       0x0800458d   Thumb Code     6  stm32f1xx_it.o(i.I2C2_ER_IRQHandler)
    I2C2_EV_IRQHandler                       0x08004599   Thumb Code     6  stm32f1xx_it.o(i.I2C2_EV_IRQHandler)
    MX_USB_DEVICE_Init                       0x080054f5   Thumb Code    66  usb_device.o(i.MX_USB_DEVICE_Init)
    Matrix_handle                            0x08005549   Thumb Code   270  button_matrix.o(i.Matrix_handle)
    Matrix_key_press_Callback                0x0800565d   Thumb Code    66  main.o(i.Matrix_key_press_Callback)
    MemManage_Handler                        0x080056dd   Thumb Code     2  stm32f1xx_it.o(i.MemManage_Handler)
    NMI_Handler                              0x080056df   Thumb Code     2  stm32f1xx_it.o(i.NMI_Handler)
    Oled_display                             0x080056e1   Thumb Code   150  main.o(i.Oled_display)
    PendSV_Handler                           0x08005b5b   Thumb Code     2  stm32f1xx_it.o(i.PendSV_Handler)
    Print_uart                               0x08005b5d   Thumb Code    54  main.o(i.Print_uart)
    SSD1306_DrawPixel                        0x08005b99   Thumb Code    54  ssd1306.o(i.SSD1306_DrawPixel)
    SSD1306_Fill                             0x08005bd9   Thumb Code    18  ssd1306.o(i.SSD1306_Fill)
    SSD1306_GotoXY                           0x08005bf1   Thumb Code     8  ssd1306.o(i.SSD1306_GotoXY)
    SSD1306_Init                             0x08005bfd   Thumb Code   350  ssd1306.o(i.SSD1306_Init)
    SSD1306_Putc                             0x08005d65   Thumb Code   156  ssd1306.o(i.SSD1306_Putc)
    SSD1306_Puts                             0x08005e05   Thumb Code    40  ssd1306.o(i.SSD1306_Puts)
    SSD1306_UpdateScreen                     0x08005e2d   Thumb Code    66  ssd1306.o(i.SSD1306_UpdateScreen)
    SVC_Handler                              0x08005e75   Thumb Code     2  stm32f1xx_it.o(i.SVC_Handler)
    Send_consumer                            0x08005e79   Thumb Code    70  main.o(i.Send_consumer)
    Send_key                                 0x08005ee1   Thumb Code    84  main.o(i.Send_key)
    SysTick_Handler                          0x08005f65   Thumb Code     4  stm32f1xx_it.o(i.SysTick_Handler)
    SystemClock_Config                       0x08005f69   Thumb Code   124  main.o(i.SystemClock_Config)
    SystemInit                               0x08005fe5   Thumb Code     2  system_stm32f1xx.o(i.SystemInit)
    USBD_CUSTOM_HID_RegisterInterface        0x0800626b   Thumb Code    16  usbd_customhid.o(i.USBD_CUSTOM_HID_RegisterInterface)
    USBD_CUSTOM_HID_SendReport               0x0800627b   Thumb Code    40  usbd_customhid.o(i.USBD_CUSTOM_HID_SendReport)
    USBD_ClrClassConfig                      0x08006385   Thumb Code    14  usbd_core.o(i.USBD_ClrClassConfig)
    USBD_CtlContinueRx                       0x08006393   Thumb Code    16  usbd_ioreq.o(i.USBD_CtlContinueRx)
    USBD_CtlContinueSendData                 0x080063a3   Thumb Code    16  usbd_ioreq.o(i.USBD_CtlContinueSendData)
    USBD_CtlError                            0x080063b3   Thumb Code    22  usbd_ctlreq.o(i.USBD_CtlError)
    USBD_CtlPrepareRx                        0x080063c9   Thumb Code    30  usbd_ioreq.o(i.USBD_CtlPrepareRx)
    USBD_CtlReceiveStatus                    0x080063e7   Thumb Code    22  usbd_ioreq.o(i.USBD_CtlReceiveStatus)
    USBD_CtlSendData                         0x080063fd   Thumb Code    26  usbd_ioreq.o(i.USBD_CtlSendData)
    USBD_CtlSendStatus                       0x08006417   Thumb Code    22  usbd_ioreq.o(i.USBD_CtlSendStatus)
    USBD_FS_ConfigStrDescriptor              0x0800642d   Thumb Code    16  usbd_desc.o(i.USBD_FS_ConfigStrDescriptor)
    USBD_FS_DeviceDescriptor                 0x08006455   Thumb Code     8  usbd_desc.o(i.USBD_FS_DeviceDescriptor)
    USBD_FS_InterfaceStrDescriptor           0x08006461   Thumb Code    16  usbd_desc.o(i.USBD_FS_InterfaceStrDescriptor)
    USBD_FS_LangIDStrDescriptor              0x0800648d   Thumb Code     8  usbd_desc.o(i.USBD_FS_LangIDStrDescriptor)
    USBD_FS_ManufacturerStrDescriptor        0x08006499   Thumb Code    16  usbd_desc.o(i.USBD_FS_ManufacturerStrDescriptor)
    USBD_FS_ProductStrDescriptor             0x080064c1   Thumb Code    16  usbd_desc.o(i.USBD_FS_ProductStrDescriptor)
    USBD_FS_SerialStrDescriptor              0x080064e9   Thumb Code    48  usbd_desc.o(i.USBD_FS_SerialStrDescriptor)
    USBD_GetString                           0x08006609   Thumb Code    72  usbd_ctlreq.o(i.USBD_GetString)
    USBD_Init                                0x08006669   Thumb Code    42  usbd_core.o(i.USBD_Init)
    USBD_LL_ClearStallEP                     0x08006693   Thumb Code    18  usbd_conf.o(i.USBD_LL_ClearStallEP)
    USBD_LL_CloseEP                          0x080066a5   Thumb Code    18  usbd_conf.o(i.USBD_LL_CloseEP)
    USBD_LL_DataInStage                      0x080066b7   Thumb Code   198  usbd_core.o(i.USBD_LL_DataInStage)
    USBD_LL_DataOutStage                     0x0800677d   Thumb Code   130  usbd_core.o(i.USBD_LL_DataOutStage)
    USBD_LL_Init                             0x08006801   Thumb Code   104  usbd_conf.o(i.USBD_LL_Init)
    USBD_LL_IsStallEP                        0x08006871   Thumb Code    30  usbd_conf.o(i.USBD_LL_IsStallEP)
    USBD_LL_OpenEP                           0x0800688f   Thumb Code    24  usbd_conf.o(i.USBD_LL_OpenEP)
    USBD_LL_PrepareReceive                   0x080068a7   Thumb Code    18  usbd_conf.o(i.USBD_LL_PrepareReceive)
    USBD_LL_Reset                            0x080068b9   Thumb Code    80  usbd_core.o(i.USBD_LL_Reset)
    USBD_LL_Resume                           0x08006909   Thumb Code    20  usbd_core.o(i.USBD_LL_Resume)
    USBD_LL_SOF                              0x0800691d   Thumb Code    24  usbd_core.o(i.USBD_LL_SOF)
    USBD_LL_SetSpeed                         0x08006935   Thumb Code     6  usbd_core.o(i.USBD_LL_SetSpeed)
    USBD_LL_SetUSBAddress                    0x0800693b   Thumb Code    18  usbd_conf.o(i.USBD_LL_SetUSBAddress)
    USBD_LL_SetupStage                       0x0800694d   Thumb Code    90  usbd_core.o(i.USBD_LL_SetupStage)
    USBD_LL_StallEP                          0x080069a7   Thumb Code    18  usbd_conf.o(i.USBD_LL_StallEP)
    USBD_LL_Start                            0x080069b9   Thumb Code    18  usbd_conf.o(i.USBD_LL_Start)
    USBD_LL_Suspend                          0x080069cb   Thumb Code    18  usbd_core.o(i.USBD_LL_Suspend)
    USBD_LL_Transmit                         0x080069dd   Thumb Code    18  usbd_conf.o(i.USBD_LL_Transmit)
    USBD_ParseSetupRequest                   0x080069ef   Thumb Code    40  usbd_ctlreq.o(i.USBD_ParseSetupRequest)
    USBD_RegisterClass                       0x08006a17   Thumb Code    16  usbd_core.o(i.USBD_RegisterClass)
    USBD_SetClassConfig                      0x08006a27   Thumb Code    22  usbd_core.o(i.USBD_SetClassConfig)
    USBD_Start                               0x08006ac1   Thumb Code    10  usbd_core.o(i.USBD_Start)
    USBD_StdDevReq                           0x08006acb   Thumb Code   274  usbd_ctlreq.o(i.USBD_StdDevReq)
    USBD_StdEPReq                            0x08006bdd   Thumb Code   336  usbd_ctlreq.o(i.USBD_StdEPReq)
    USBD_StdItfReq                           0x08006d2d   Thumb Code    78  usbd_ctlreq.o(i.USBD_StdItfReq)
    USBD_static_free                         0x08006d7b   Thumb Code     2  usbd_conf.o(i.USBD_static_free)
    USBD_static_malloc                       0x08006d7d   Thumb Code     4  usbd_conf.o(i.USBD_static_malloc)
    USB_ActivateEndpoint                     0x08006d85   Thumb Code   668  stm32f1xx_ll_usb.o(i.USB_ActivateEndpoint)
    USB_CoreInit                             0x08007021   Thumb Code     4  stm32f1xx_ll_usb.o(i.USB_CoreInit)
    USB_DeactivateEndpoint                   0x08007025   Thumb Code   270  stm32f1xx_ll_usb.o(i.USB_DeactivateEndpoint)
    USB_DevConnect                           0x08007133   Thumb Code     4  stm32f1xx_ll_usb.o(i.USB_DevConnect)
    USB_DevDisconnect                        0x08007137   Thumb Code     4  stm32f1xx_ll_usb.o(i.USB_DevDisconnect)
    USB_DevInit                              0x0800713b   Thumb Code    18  stm32f1xx_ll_usb.o(i.USB_DevInit)
    USB_DisableGlobalInt                     0x0800714d   Thumb Code    14  stm32f1xx_ll_usb.o(i.USB_DisableGlobalInt)
    USB_EP0_OutStart                         0x0800715b   Thumb Code     4  stm32f1xx_ll_usb.o(i.USB_EP0_OutStart)
    USB_EPClearStall                         0x0800715f   Thumb Code   120  stm32f1xx_ll_usb.o(i.USB_EPClearStall)
    USB_EPSetStall                           0x080071d7   Thumb Code    50  stm32f1xx_ll_usb.o(i.USB_EPSetStall)
    USB_EPStartXfer                          0x08007209   Thumb Code  1250  stm32f1xx_ll_usb.o(i.USB_EPStartXfer)
    USB_EnableGlobalInt                      0x080076eb   Thumb Code    18  stm32f1xx_ll_usb.o(i.USB_EnableGlobalInt)
    USB_HP_CAN1_TX_IRQHandler                0x080076fd   Thumb Code     6  stm32f1xx_it.o(i.USB_HP_CAN1_TX_IRQHandler)
    USB_LP_CAN1_RX0_IRQHandler               0x08007709   Thumb Code     6  stm32f1xx_it.o(i.USB_LP_CAN1_RX0_IRQHandler)
    USB_ReadInterrupts                       0x08007715   Thumb Code     6  stm32f1xx_ll_usb.o(i.USB_ReadInterrupts)
    USB_ReadPMA                              0x0800771d   Thumb Code    44  stm32f1xx_ll_usb.o(i.USB_ReadPMA)
    USB_SetCurrentMode                       0x08007749   Thumb Code     4  stm32f1xx_ll_usb.o(i.USB_SetCurrentMode)
    USB_SetDevAddress                        0x0800774d   Thumb Code    12  stm32f1xx_ll_usb.o(i.USB_SetDevAddress)
    USB_WritePMA                             0x08007759   Thumb Code    38  stm32f1xx_ll_usb.o(i.USB_WritePMA)
    UsageFault_Handler                       0x0800777f   Thumb Code     2  stm32f1xx_it.o(i.UsageFault_Handler)
    __ARM_fpclassify                         0x08007781   Thumb Code    40  fpclassify.o(i.__ARM_fpclassify)
    _is_digit                                0x080077c9   Thumb Code    14  __printf_wp.o(i._is_digit)
    main                                     0x080077d9   Thumb Code   240  main.o(i.main)
    ssd1306_I2C_Init                         0x080078e9   Thumb Code     8  ssd1306.o(i.ssd1306_I2C_Init)
    ssd1306_I2C_Write                        0x080078f5   Thumb Code    28  ssd1306.o(i.ssd1306_I2C_Write)
    ssd1306_I2C_WriteMulti                   0x08007915   Thumb Code    50  ssd1306.o(i.ssd1306_I2C_WriteMulti)
    _get_lc_numeric                          0x0800794d   Thumb Code    44  lc_numeric_c.o(locale$$code)
    _get_lc_ctype                            0x08007979   Thumb Code    44  lc_ctype_c.o(locale$$code)
    _printf_fp_dec                           0x080079a5   Thumb Code     4  printf1.o(x$fpl$printf1)
    _printf_fp_hex                           0x080079a9   Thumb Code     4  printf2.o(x$fpl$printf2)
    __I$use$fp                               0x080079ac   Number         0  usenofp.o(x$fpl$usenofp)
    dow_arr                                  0x080079ac   Data          70  main.o(.constdata)
    AHBPrescTable                            0x08007a16   Data          16  system_stm32f1xx.o(.constdata)
    APBPrescTable                            0x08007a26   Data           8  system_stm32f1xx.o(.constdata)
    Font7x10                                 0x08007a2e   Data        1900  fonts.o(.constdata)
    Font11x18                                0x0800819a   Data        3420  fonts.o(.constdata)
    Region$$Table$$Base                      0x08008ff4   Number         0  anon$$obj.o(Region$$Table)
    Region$$Table$$Limit                     0x08009014   Number         0  anon$$obj.o(Region$$Table)
    __ctype                                  0x0800903d   Data           0  lc_ctype_c.o(locale$$data)
    rowS                                     0x20000000   Data          32  main.o(.data)
    colS                                     0x20000020   Data          32  main.o(.data)
    time_data                                0x20000048   Data           7  main.o(.data)
    button_matrix                            0x20000050   Data          12  main.o(.data)
    macro_key                                0x2000005c   Data          64  main.o(.data)
    uwTickFreq                               0x2000009c   Data           1  stm32f1xx_hal.o(.data)
    uwTickPrio                               0x200000a0   Data           4  stm32f1xx_hal.o(.data)
    uwTick                                   0x200000a4   Data           4  stm32f1xx_hal.o(.data)
    SystemCoreClock                          0x200000a8   Data           4  system_stm32f1xx.o(.data)
    Font_7x10                                0x200000ac   Data           8  fonts.o(.data)
    Font_11x18                               0x200000b4   Data           8  fonts.o(.data)
    hi2c                                     0x200000c4   Data           4  ds1307.o(.data)
    FS_Desc                                  0x200000c8   Data          28  usbd_desc.o(.data)
    USBD_LangIDDesc                          0x200000e4   Data           4  usbd_desc.o(.data)
    USBD_FS_DeviceDesc                       0x200000e8   Data          18  usbd_desc.o(.data)
    USBD_StringSerial                        0x200000fc   Data          26  usbd_desc.o(.data)
    USBD_CustomHID_fops_FS                   0x20000174   Data          16  usbd_custom_hid_if.o(.data)
    USBD_CUSTOM_HID                          0x20000188   Data          56  usbd_customhid.o(.data)
    hadc1                                    0x2000025c   Data          48  main.o(.bss)
    hi2c1                                    0x2000028c   Data          84  main.o(.bss)
    hi2c2                                    0x200002e0   Data          84  main.o(.bss)
    huart1                                   0x20000334   Data          72  main.o(.bss)
    adc_val                                  0x2000037c   Data          64  main.o(.bss)
    buff_time                                0x200003bc   Data          20  main.o(.bss)
    buff_day                                 0x200003d0   Data          20  main.o(.bss)
    buff_uart                                0x200003e4   Data          40  main.o(.bss)
    hdma_adc1                                0x2000040c   Data          68  main.o(.bss)
    history                                  0x20000850   Data          16  button_matrix.o(.bss)
    stable_state                             0x20000860   Data          16  button_matrix.o(.bss)
    key_x_press_time                         0x20000870   Data          64  button_matrix.o(.bss)
    key_x_spam_time                          0x200008b0   Data          64  button_matrix.o(.bss)
    key_x_spam_active                        0x200008f0   Data          16  button_matrix.o(.bss)
    hUsbDeviceFS                             0x20000900   Data         708  usb_device.o(.bss)
    USBD_StrDesc                             0x20000bc4   Data         512  usbd_desc.o(.bss)
    hpcd_USB_FS                              0x20000de4   Data         728  usbd_conf.o(.bss)
    __libspace_start                         0x200010bc   Data          96  libspace.o(.bss)
    __temporary_stack_top$libspace           0x2000111c   Data           0  libspace.o(.bss)



==============================================================================

Memory Map of the image

  Image Entry point : 0x080000ed

  Load Region LR_IROM1 (Base: 0x08000000, Size: 0x0000939c, Max: 0x00010000, ABSOLUTE, COMPRESSED[0x000092a8])

    Execution Region ER_IROM1 (Exec base: 0x08000000, Load base: 0x08000000, Size: 0x00009140, Max: 0x00010000, ABSOLUTE)

    Exec Addr    Load Addr    Size         Type   Attr      Idx    E Section Name        Object

    0x08000000   0x08000000   0x000000ec   Data   RO            3    RESET               startup_stm32f103xb.o
    0x080000ec   0x080000ec   0x00000008   Code   RO         4184  * !!!main             c_w.l(__main.o)
    0x080000f4   0x080000f4   0x00000034   Code   RO         4480    !!!scatter          c_w.l(__scatter.o)
    0x08000128   0x08000128   0x0000005a   Code   RO         4478    !!dczerorl2         c_w.l(__dczerorl2.o)
    0x08000182   0x08000182   0x00000002   PAD
    0x08000184   0x08000184   0x0000001c   Code   RO         4482    !!handler_zi        c_w.l(__scatter_zi.o)
    0x080001a0   0x080001a0   0x00000000   Code   RO         4175    .ARM.Collect$$_printf_percent$$00000000  c_w.l(_printf_percent.o)
    0x080001a0   0x080001a0   0x00000006   Code   RO         4234    .ARM.Collect$$_printf_percent$$00000001  c_w.l(_printf_n.o)
    0x080001a6   0x080001a6   0x00000006   Code   RO         4236    .ARM.Collect$$_printf_percent$$00000002  c_w.l(_printf_p.o)
    0x080001ac   0x080001ac   0x00000006   Code   RO         4240    .ARM.Collect$$_printf_percent$$00000003  c_w.l(_printf_f.o)
    0x080001b2   0x080001b2   0x00000006   Code   RO         4241    .ARM.Collect$$_printf_percent$$00000004  c_w.l(_printf_e.o)
    0x080001b8   0x080001b8   0x00000006   Code   RO         4242    .ARM.Collect$$_printf_percent$$00000005  c_w.l(_printf_g.o)
    0x080001be   0x080001be   0x00000006   Code   RO         4243    .ARM.Collect$$_printf_percent$$00000006  c_w.l(_printf_a.o)
    0x080001c4   0x080001c4   0x0000000a   Code   RO         4248    .ARM.Collect$$_printf_percent$$00000007  c_w.l(_printf_ll.o)
    0x080001ce   0x080001ce   0x00000006   Code   RO         4238    .ARM.Collect$$_printf_percent$$00000008  c_w.l(_printf_i.o)
    0x080001d4   0x080001d4   0x00000006   Code   RO         4174    .ARM.Collect$$_printf_percent$$00000009  c_w.l(_printf_d.o)
    0x080001da   0x080001da   0x00000006   Code   RO         4239    .ARM.Collect$$_printf_percent$$0000000A  c_w.l(_printf_u.o)
    0x080001e0   0x080001e0   0x00000006   Code   RO         4237    .ARM.Collect$$_printf_percent$$0000000B  c_w.l(_printf_o.o)
    0x080001e6   0x080001e6   0x00000006   Code   RO         4235    .ARM.Collect$$_printf_percent$$0000000C  c_w.l(_printf_x.o)
    0x080001ec   0x080001ec   0x00000006   Code   RO         4245    .ARM.Collect$$_printf_percent$$0000000D  c_w.l(_printf_lli.o)
    0x080001f2   0x080001f2   0x00000006   Code   RO         4246    .ARM.Collect$$_printf_percent$$0000000E  c_w.l(_printf_lld.o)
    0x080001f8   0x080001f8   0x00000006   Code   RO         4247    .ARM.Collect$$_printf_percent$$0000000F  c_w.l(_printf_llu.o)
    0x080001fe   0x080001fe   0x00000006   Code   RO         4252    .ARM.Collect$$_printf_percent$$00000010  c_w.l(_printf_llo.o)
    0x08000204   0x08000204   0x00000006   Code   RO         4253    .ARM.Collect$$_printf_percent$$00000011  c_w.l(_printf_llx.o)
    0x0800020a   0x0800020a   0x0000000a   Code   RO         4249    .ARM.Collect$$_printf_percent$$00000012  c_w.l(_printf_l.o)
    0x08000214   0x08000214   0x00000006   Code   RO         4233    .ARM.Collect$$_printf_percent$$00000013  c_w.l(_printf_c.o)
    0x0800021a   0x0800021a   0x00000006   Code   RO         4173    .ARM.Collect$$_printf_percent$$00000014  c_w.l(_printf_s.o)
    0x08000220   0x08000220   0x00000006   Code   RO         4250    .ARM.Collect$$_printf_percent$$00000015  c_w.l(_printf_lc.o)
    0x08000226   0x08000226   0x00000006   Code   RO         4251    .ARM.Collect$$_printf_percent$$00000016  c_w.l(_printf_ls.o)
    0x0800022c   0x0800022c   0x00000004   Code   RO         4244    .ARM.Collect$$_printf_percent$$00000017  c_w.l(_printf_percent_end.o)
    0x08000230   0x08000230   0x00000002   Code   RO         4338    .ARM.Collect$$libinit$$00000000  c_w.l(libinit.o)
    0x08000232   0x08000232   0x00000000   Code   RO         4355    .ARM.Collect$$libinit$$00000002  c_w.l(libinit2.o)
    0x08000232   0x08000232   0x00000000   Code   RO         4357    .ARM.Collect$$libinit$$00000004  c_w.l(libinit2.o)
    0x08000232   0x08000232   0x00000000   Code   RO         4360    .ARM.Collect$$libinit$$0000000A  c_w.l(libinit2.o)
    0x08000232   0x08000232   0x00000000   Code   RO         4362    .ARM.Collect$$libinit$$0000000C  c_w.l(libinit2.o)
    0x08000232   0x08000232   0x00000000   Code   RO         4364    .ARM.Collect$$libinit$$0000000E  c_w.l(libinit2.o)
    0x08000232   0x08000232   0x00000006   Code   RO         4365    .ARM.Collect$$libinit$$0000000F  c_w.l(libinit2.o)
    0x08000238   0x08000238   0x00000000   Code   RO         4367    .ARM.Collect$$libinit$$00000011  c_w.l(libinit2.o)
    0x08000238   0x08000238   0x0000000c   Code   RO         4368    .ARM.Collect$$libinit$$00000012  c_w.l(libinit2.o)
    0x08000244   0x08000244   0x00000000   Code   RO         4369    .ARM.Collect$$libinit$$00000013  c_w.l(libinit2.o)
    0x08000244   0x08000244   0x00000000   Code   RO         4371    .ARM.Collect$$libinit$$00000015  c_w.l(libinit2.o)
    0x08000244   0x08000244   0x0000000a   Code   RO         4372    .ARM.Collect$$libinit$$00000016  c_w.l(libinit2.o)
    0x0800024e   0x0800024e   0x00000000   Code   RO         4373    .ARM.Collect$$libinit$$00000017  c_w.l(libinit2.o)
    0x0800024e   0x0800024e   0x00000000   Code   RO         4375    .ARM.Collect$$libinit$$00000019  c_w.l(libinit2.o)
    0x0800024e   0x0800024e   0x00000000   Code   RO         4377    .ARM.Collect$$libinit$$0000001B  c_w.l(libinit2.o)
    0x0800024e   0x0800024e   0x00000000   Code   RO         4379    .ARM.Collect$$libinit$$0000001D  c_w.l(libinit2.o)
    0x0800024e   0x0800024e   0x00000000   Code   RO         4381    .ARM.Collect$$libinit$$0000001F  c_w.l(libinit2.o)
    0x0800024e   0x0800024e   0x00000000   Code   RO         4383    .ARM.Collect$$libinit$$00000021  c_w.l(libinit2.o)
    0x0800024e   0x0800024e   0x00000000   Code   RO         4385    .ARM.Collect$$libinit$$00000023  c_w.l(libinit2.o)
    0x0800024e   0x0800024e   0x00000000   Code   RO         4387    .ARM.Collect$$libinit$$00000025  c_w.l(libinit2.o)
    0x0800024e   0x0800024e   0x00000000   Code   RO         4391    .ARM.Collect$$libinit$$0000002C  c_w.l(libinit2.o)
    0x0800024e   0x0800024e   0x00000000   Code   RO         4393    .ARM.Collect$$libinit$$0000002E  c_w.l(libinit2.o)
    0x0800024e   0x0800024e   0x00000000   Code   RO         4395    .ARM.Collect$$libinit$$00000030  c_w.l(libinit2.o)
    0x0800024e   0x0800024e   0x00000000   Code   RO         4397    .ARM.Collect$$libinit$$00000032  c_w.l(libinit2.o)
    0x0800024e   0x0800024e   0x00000002   Code   RO         4398    .ARM.Collect$$libinit$$00000033  c_w.l(libinit2.o)
    0x08000250   0x08000250   0x00000002   Code   RO         4418    .ARM.Collect$$libshutdown$$00000000  c_w.l(libshutdown.o)
    0x08000252   0x08000252   0x00000000   Code   RO         4431    .ARM.Collect$$libshutdown$$00000002  c_w.l(libshutdown2.o)
    0x08000252   0x08000252   0x00000000   Code   RO         4433    .ARM.Collect$$libshutdown$$00000004  c_w.l(libshutdown2.o)
    0x08000252   0x08000252   0x00000000   Code   RO         4436    .ARM.Collect$$libshutdown$$00000007  c_w.l(libshutdown2.o)
    0x08000252   0x08000252   0x00000000   Code   RO         4439    .ARM.Collect$$libshutdown$$0000000A  c_w.l(libshutdown2.o)
    0x08000252   0x08000252   0x00000000   Code   RO         4441    .ARM.Collect$$libshutdown$$0000000C  c_w.l(libshutdown2.o)
    0x08000252   0x08000252   0x00000000   Code   RO         4444    .ARM.Collect$$libshutdown$$0000000F  c_w.l(libshutdown2.o)
    0x08000252   0x08000252   0x00000002   Code   RO         4445    .ARM.Collect$$libshutdown$$00000010  c_w.l(libshutdown2.o)
    0x08000254   0x08000254   0x00000000   Code   RO         4186    .ARM.Collect$$rtentry$$00000000  c_w.l(__rtentry.o)
    0x08000254   0x08000254   0x00000000   Code   RO         4265    .ARM.Collect$$rtentry$$00000002  c_w.l(__rtentry2.o)
    0x08000254   0x08000254   0x00000006   Code   RO         4277    .ARM.Collect$$rtentry$$00000004  c_w.l(__rtentry4.o)
    0x0800025a   0x0800025a   0x00000000   Code   RO         4267    .ARM.Collect$$rtentry$$00000009  c_w.l(__rtentry2.o)
    0x0800025a   0x0800025a   0x00000004   Code   RO         4268    .ARM.Collect$$rtentry$$0000000A  c_w.l(__rtentry2.o)
    0x0800025e   0x0800025e   0x00000000   Code   RO         4270    .ARM.Collect$$rtentry$$0000000C  c_w.l(__rtentry2.o)
    0x0800025e   0x0800025e   0x00000008   Code   RO         4271    .ARM.Collect$$rtentry$$0000000D  c_w.l(__rtentry2.o)
    0x08000266   0x08000266   0x00000002   Code   RO         4347    .ARM.Collect$$rtexit$$00000000  c_w.l(rtexit.o)
    0x08000268   0x08000268   0x00000000   Code   RO         4400    .ARM.Collect$$rtexit$$00000002  c_w.l(rtexit2.o)
    0x08000268   0x08000268   0x00000004   Code   RO         4401    .ARM.Collect$$rtexit$$00000003  c_w.l(rtexit2.o)
    0x0800026c   0x0800026c   0x00000006   Code   RO         4402    .ARM.Collect$$rtexit$$00000004  c_w.l(rtexit2.o)
    0x08000272   0x08000272   0x00000002   PAD
    0x08000274   0x08000274   0x00000040   Code   RO            4    .text               startup_stm32f103xb.o
    0x080002b4   0x080002b4   0x00000034   Code   RO         4139    .text               c_w.l(vsnprintf.o)
    0x080002e8   0x080002e8   0x0000002c   Code   RO         4141    .text               c_w.l(__2sprintf.o)
    0x08000314   0x08000314   0x0000004e   Code   RO         4147    .text               c_w.l(_printf_pad.o)
    0x08000362   0x08000362   0x00000052   Code   RO         4149    .text               c_w.l(_printf_str.o)
    0x080003b4   0x080003b4   0x00000078   Code   RO         4151    .text               c_w.l(_printf_dec.o)
    0x0800042c   0x0800042c   0x00000188   Code   RO         4170    .text               c_w.l(__printf_flags_ss_wp.o)
    0x080005b4   0x080005b4   0x00000010   Code   RO         4178    .text               c_w.l(aeabi_memset.o)
    0x080005c4   0x080005c4   0x0000004e   Code   RO         4180    .text               c_w.l(rt_memclr_w.o)
    0x08000612   0x08000612   0x00000006   Code   RO         4182    .text               c_w.l(heapauxi.o)
    0x08000618   0x08000618   0x00000024   Code   RO         4187    .text               c_w.l(_printf_truncate.o)
    0x0800063c   0x0800063c   0x000000b2   Code   RO         4189    .text               c_w.l(_printf_intcommon.o)
    0x080006ee   0x080006ee   0x00000028   Code   RO         4191    .text               c_w.l(_printf_charcount.o)
    0x08000716   0x08000716   0x00000002   PAD
    0x08000718   0x08000718   0x00000030   Code   RO         4193    .text               c_w.l(_printf_char_common.o)
    0x08000748   0x08000748   0x0000000a   Code   RO         4195    .text               c_w.l(_sputc.o)
    0x08000752   0x08000752   0x00000010   Code   RO         4197    .text               c_w.l(_snputc.o)
    0x08000762   0x08000762   0x0000002c   Code   RO         4199    .text               c_w.l(_printf_char.o)
    0x0800078e   0x0800078e   0x00000002   PAD
    0x08000790   0x08000790   0x000000bc   Code   RO         4201    .text               c_w.l(_printf_wctomb.o)
    0x0800084c   0x0800084c   0x0000007c   Code   RO         4204    .text               c_w.l(_printf_longlong_dec.o)
    0x080008c8   0x080008c8   0x00000070   Code   RO         4210    .text               c_w.l(_printf_oct_int_ll.o)
    0x08000938   0x08000938   0x00000094   Code   RO         4230    .text               c_w.l(_printf_hex_int_ll_ptr.o)
    0x080009cc   0x080009cc   0x00000044   Code   RO         4254    .text               c_w.l(rt_memclr.o)
    0x08000a10   0x08000a10   0x0000008a   Code   RO         4279    .text               c_w.l(lludiv10.o)
    0x08000a9a   0x08000a9a   0x0000041e   Code   RO         4281    .text               c_w.l(_printf_fp_dec.o)
    0x08000eb8   0x08000eb8   0x000002fc   Code   RO         4283    .text               c_w.l(_printf_fp_hex.o)
    0x080011b4   0x080011b4   0x0000002c   Code   RO         4288    .text               c_w.l(_printf_wchar.o)
    0x080011e0   0x080011e0   0x00000040   Code   RO         4290    .text               c_w.l(_wcrtomb.o)
    0x08001220   0x08001220   0x0000004a   Code   RO         4292    .text               c_w.l(sys_stackheap_outer.o)
    0x0800126a   0x0800126a   0x00000002   PAD
    0x0800126c   0x0800126c   0x00000010   Code   RO         4294    .text               c_w.l(rt_ctype_table.o)
    0x0800127c   0x0800127c   0x00000008   Code   RO         4299    .text               c_w.l(rt_locale_intlibspace.o)
    0x08001284   0x08001284   0x00000080   Code   RO         4301    .text               c_w.l(_printf_fp_infnan.o)
    0x08001304   0x08001304   0x000000e4   Code   RO         4303    .text               c_w.l(bigflt0.o)
    0x080013e8   0x080013e8   0x00000012   Code   RO         4331    .text               c_w.l(exit.o)
    0x080013fa   0x080013fa   0x00000002   PAD
    0x080013fc   0x080013fc   0x00000008   Code   RO         4344    .text               c_w.l(libspace.o)
    0x08001404   0x08001404   0x00000080   Code   RO         4352    .text               c_w.l(strcmpv7m.o)
    0x08001484   0x08001484   0x0000000c   Code   RO         4410    .text               c_w.l(sys_exit.o)
    0x08001490   0x08001490   0x00000002   Code   RO         4421    .text               c_w.l(use_no_semi.o)
    0x08001492   0x08001492   0x00000000   Code   RO         4423    .text               c_w.l(indicate_semi.o)
    0x08001492   0x08001492   0x0000003e   Code   RO         4306    CL$$btod_d2e        c_w.l(btod.o)
    0x080014d0   0x080014d0   0x00000046   Code   RO         4308    CL$$btod_d2e_denorm_low  c_w.l(btod.o)
    0x08001516   0x08001516   0x00000060   Code   RO         4307    CL$$btod_d2e_norm_op1  c_w.l(btod.o)
    0x08001576   0x08001576   0x00000338   Code   RO         4316    CL$$btod_div_common  c_w.l(btod.o)
    0x080018ae   0x080018ae   0x000000dc   Code   RO         4313    CL$$btod_e2e        c_w.l(btod.o)
    0x0800198a   0x0800198a   0x0000002a   Code   RO         4310    CL$$btod_ediv       c_w.l(btod.o)
    0x080019b4   0x080019b4   0x0000002a   Code   RO         4309    CL$$btod_emul       c_w.l(btod.o)
    0x080019de   0x080019de   0x00000244   Code   RO         4315    CL$$btod_mult_common  c_w.l(btod.o)
    0x08001c22   0x08001c22   0x00000002   PAD
    0x08001c24   0x08001c24   0x00000056   Code   RO         1908    i.ADC_ConversionStop_Disable  stm32f1xx_hal_adc.o
    0x08001c7a   0x08001c7a   0x0000004e   Code   RO         1909    i.ADC_DMAConvCplt   stm32f1xx_hal_adc.o
    0x08001cc8   0x08001cc8   0x0000001a   Code   RO         1910    i.ADC_DMAError      stm32f1xx_hal_adc.o
    0x08001ce2   0x08001ce2   0x0000000a   Code   RO         1911    i.ADC_DMAHalfConvCplt  stm32f1xx_hal_adc.o
    0x08001cec   0x08001cec   0x0000007c   Code   RO         1912    i.ADC_Enable        stm32f1xx_hal_adc.o
    0x08001d68   0x08001d68   0x00000012   Code   RO         3251    i.BCD_to_Dec        ds1307.o
    0x08001d7a   0x08001d7a   0x00000002   Code   RO          263    i.BusFault_Handler  stm32f1xx_it.o
    0x08001d7c   0x08001d7c   0x00000004   Code   RO         3511    i.CUSTOM_HID_DeInit_FS  usbd_custom_hid_if.o
    0x08001d80   0x08001d80   0x00000004   Code   RO         3512    i.CUSTOM_HID_Init_FS  usbd_custom_hid_if.o
    0x08001d84   0x08001d84   0x00000004   Code   RO         3513    i.CUSTOM_HID_OutEvent_FS  usbd_custom_hid_if.o
    0x08001d88   0x08001d88   0x00000040   Code   RO           13    i.Check_adc_threshold  main.o
    0x08001dc8   0x08001dc8   0x0000000c   Code   RO          264    i.DMA1_Channel1_IRQHandler  stm32f1xx_it.o
    0x08001dd4   0x08001dd4   0x0000002a   Code   RO         1311    i.DMA_SetConfig     stm32f1xx_hal_dma.o
    0x08001dfe   0x08001dfe   0x00000002   PAD
    0x08001e00   0x08001e00   0x0000000c   Code   RO         3252    i.DS1307_Init       ds1307.o
    0x08001e0c   0x08001e0c   0x0000005e   Code   RO         3255    i.DS1307_get_day_of_week  ds1307.o
    0x08001e6a   0x08001e6a   0x00000002   PAD
    0x08001e6c   0x08001e6c   0x00000078   Code   RO         3256    i.DS1307_read       ds1307.o
    0x08001ee4   0x08001ee4   0x00000002   Code   RO          265    i.DebugMon_Handler  stm32f1xx_it.o
    0x08001ee6   0x08001ee6   0x00000004   Code   RO           14    i.Error_Handler     main.o
    0x08001eea   0x08001eea   0x00000002   PAD
    0x08001eec   0x08001eec   0x000000d8   Code   RO         2088    i.HAL_ADCEx_Calibration_Start  stm32f1xx_hal_adc_ex.o
    0x08001fc4   0x08001fc4   0x000000fc   Code   RO         1914    i.HAL_ADC_ConfigChannel  stm32f1xx_hal_adc.o
    0x080020c0   0x080020c0   0x00000002   Code   RO         1915    i.HAL_ADC_ConvCpltCallback  stm32f1xx_hal_adc.o
    0x080020c2   0x080020c2   0x00000002   Code   RO         1916    i.HAL_ADC_ConvHalfCpltCallback  stm32f1xx_hal_adc.o
    0x080020c4   0x080020c4   0x00000002   Code   RO         1918    i.HAL_ADC_ErrorCallback  stm32f1xx_hal_adc.o
    0x080020c6   0x080020c6   0x00000002   PAD
    0x080020c8   0x080020c8   0x0000011c   Code   RO         1923    i.HAL_ADC_Init      stm32f1xx_hal_adc.o
    0x080021e4   0x080021e4   0x0000008c   Code   RO          370    i.HAL_ADC_MspInit   stm32f1xx_hal_msp.o
    0x08002270   0x08002270   0x0000010c   Code   RO         1930    i.HAL_ADC_Start_DMA  stm32f1xx_hal_adc.o
    0x0800237c   0x0800237c   0x00000098   Code   RO         1313    i.HAL_DMA_Abort_IT  stm32f1xx_hal_dma.o
    0x08002414   0x08002414   0x00000006   Code   RO         1316    i.HAL_DMA_GetState  stm32f1xx_hal_dma.o
    0x0800241a   0x0800241a   0x00000002   PAD
    0x0800241c   0x0800241c   0x00000154   Code   RO         1317    i.HAL_DMA_IRQHandler  stm32f1xx_hal_dma.o
    0x08002570   0x08002570   0x0000005c   Code   RO         1318    i.HAL_DMA_Init      stm32f1xx_hal_dma.o
    0x080025cc   0x080025cc   0x00000070   Code   RO         1322    i.HAL_DMA_Start_IT  stm32f1xx_hal_dma.o
    0x0800263c   0x0800263c   0x00000024   Code   RO          938    i.HAL_Delay         stm32f1xx_hal.o
    0x08002660   0x08002660   0x000001e0   Code   RO         1248    i.HAL_GPIO_Init     stm32f1xx_hal_gpio.o
    0x08002840   0x08002840   0x0000000a   Code   RO         1250    i.HAL_GPIO_ReadPin  stm32f1xx_hal_gpio.o
    0x0800284a   0x0800284a   0x0000000a   Code   RO         1252    i.HAL_GPIO_WritePin  stm32f1xx_hal_gpio.o
    0x08002854   0x08002854   0x0000000c   Code   RO          942    i.HAL_GetTick       stm32f1xx_hal.o
    0x08002860   0x08002860   0x00000002   Code   RO         2184    i.HAL_I2C_AbortCpltCallback  stm32f1xx_hal_i2c.o
    0x08002862   0x08002862   0x00000002   Code   RO         2185    i.HAL_I2C_AddrCallback  stm32f1xx_hal_i2c.o
    0x08002864   0x08002864   0x000000c4   Code   RO         2188    i.HAL_I2C_ER_IRQHandler  stm32f1xx_hal_i2c.o
    0x08002928   0x08002928   0x00000230   Code   RO         2189    i.HAL_I2C_EV_IRQHandler  stm32f1xx_hal_i2c.o
    0x08002b58   0x08002b58   0x00000002   Code   RO         2191    i.HAL_I2C_ErrorCallback  stm32f1xx_hal_i2c.o
    0x08002b5a   0x08002b5a   0x00000002   PAD
    0x08002b5c   0x08002b5c   0x00000188   Code   RO         2195    i.HAL_I2C_Init      stm32f1xx_hal_i2c.o
    0x08002ce4   0x08002ce4   0x0000016c   Code   RO         2196    i.HAL_I2C_IsDeviceReady  stm32f1xx_hal_i2c.o
    0x08002e50   0x08002e50   0x00000002   Code   RO         2197    i.HAL_I2C_ListenCpltCallback  stm32f1xx_hal_i2c.o
    0x08002e52   0x08002e52   0x00000002   Code   RO         2198    i.HAL_I2C_MasterRxCpltCallback  stm32f1xx_hal_i2c.o
    0x08002e54   0x08002e54   0x00000002   Code   RO         2199    i.HAL_I2C_MasterTxCpltCallback  stm32f1xx_hal_i2c.o
    0x08002e56   0x08002e56   0x00000002   PAD
    0x08002e58   0x08002e58   0x00000250   Code   RO         2201    i.HAL_I2C_Master_Receive  stm32f1xx_hal_i2c.o
    0x080030a8   0x080030a8   0x0000012c   Code   RO         2208    i.HAL_I2C_Master_Transmit  stm32f1xx_hal_i2c.o
    0x080031d4   0x080031d4   0x00000002   Code   RO         2211    i.HAL_I2C_MemRxCpltCallback  stm32f1xx_hal_i2c.o
    0x080031d6   0x080031d6   0x00000002   Code   RO         2212    i.HAL_I2C_MemTxCpltCallback  stm32f1xx_hal_i2c.o
    0x080031d8   0x080031d8   0x000000b8   Code   RO          372    i.HAL_I2C_MspInit   stm32f1xx_hal_msp.o
    0x08003290   0x08003290   0x00000002   Code   RO         2221    i.HAL_I2C_SlaveRxCpltCallback  stm32f1xx_hal_i2c.o
    0x08003292   0x08003292   0x00000002   Code   RO         2222    i.HAL_I2C_SlaveTxCpltCallback  stm32f1xx_hal_i2c.o
    0x08003294   0x08003294   0x00000010   Code   RO          948    i.HAL_IncTick       stm32f1xx_hal.o
    0x080032a4   0x080032a4   0x00000024   Code   RO          949    i.HAL_Init          stm32f1xx_hal.o
    0x080032c8   0x080032c8   0x00000040   Code   RO          950    i.HAL_InitTick      stm32f1xx_hal.o
    0x08003308   0x08003308   0x0000003c   Code   RO          373    i.HAL_MspInit       stm32f1xx_hal_msp.o
    0x08003344   0x08003344   0x0000001a   Code   RO         1408    i.HAL_NVIC_EnableIRQ  stm32f1xx_hal_cortex.o
    0x0800335e   0x0800335e   0x00000002   PAD
    0x08003360   0x08003360   0x00000040   Code   RO         1414    i.HAL_NVIC_SetPriority  stm32f1xx_hal_cortex.o
    0x080033a0   0x080033a0   0x00000024   Code   RO         1415    i.HAL_NVIC_SetPriorityGrouping  stm32f1xx_hal_cortex.o
    0x080033c4   0x080033c4   0x0000003c   Code   RO          705    i.HAL_PCDEx_PMAConfig  stm32f1xx_hal_pcd_ex.o
    0x08003400   0x08003400   0x00000002   Code   RO         3556    i.HAL_PCDEx_SetConnectionState  usbd_conf.o
    0x08003402   0x08003402   0x00000012   Code   RO         3558    i.HAL_PCD_DataInStageCallback  usbd_conf.o
    0x08003414   0x08003414   0x00000014   Code   RO         3559    i.HAL_PCD_DataOutStageCallback  usbd_conf.o
    0x08003428   0x08003428   0x0000004a   Code   RO          476    i.HAL_PCD_EP_Close  stm32f1xx_hal_pcd.o
    0x08003472   0x08003472   0x0000005a   Code   RO          477    i.HAL_PCD_EP_ClrStall  stm32f1xx_hal_pcd.o
    0x080034cc   0x080034cc   0x000000e6   Code   RO          478    i.HAL_PCD_EP_DB_Receive  stm32f1xx_hal_pcd.o
    0x080035b2   0x080035b2   0x00000338   Code   RO          479    i.HAL_PCD_EP_DB_Transmit  stm32f1xx_hal_pcd.o
    0x080038ea   0x080038ea   0x00000058   Code   RO          482    i.HAL_PCD_EP_Open   stm32f1xx_hal_pcd.o
    0x08003942   0x08003942   0x0000002e   Code   RO          483    i.HAL_PCD_EP_Receive  stm32f1xx_hal_pcd.o
    0x08003970   0x08003970   0x00000070   Code   RO          484    i.HAL_PCD_EP_SetStall  stm32f1xx_hal_pcd.o
    0x080039e0   0x080039e0   0x0000002e   Code   RO          485    i.HAL_PCD_EP_Transmit  stm32f1xx_hal_pcd.o
    0x08003a0e   0x08003a0e   0x00000002   PAD
    0x08003a10   0x08003a10   0x00000134   Code   RO          487    i.HAL_PCD_IRQHandler  stm32f1xx_hal_pcd.o
    0x08003b44   0x08003b44   0x000000ba   Code   RO          490    i.HAL_PCD_Init      stm32f1xx_hal_pcd.o
    0x08003bfe   0x08003bfe   0x00000002   PAD
    0x08003c00   0x08003c00   0x0000004c   Code   RO         3564    i.HAL_PCD_MspInit   usbd_conf.o
    0x08003c4c   0x08003c4c   0x00000026   Code   RO         3565    i.HAL_PCD_ResetCallback  usbd_conf.o
    0x08003c72   0x08003c72   0x00000008   Code   RO         3566    i.HAL_PCD_ResumeCallback  usbd_conf.o
    0x08003c7a   0x08003c7a   0x00000008   Code   RO         3567    i.HAL_PCD_SOFCallback  usbd_conf.o
    0x08003c82   0x08003c82   0x00000026   Code   RO          496    i.HAL_PCD_SetAddress  stm32f1xx_hal_pcd.o
    0x08003ca8   0x08003ca8   0x0000000e   Code   RO         3568    i.HAL_PCD_SetupStageCallback  usbd_conf.o
    0x08003cb6   0x08003cb6   0x00000032   Code   RO          498    i.HAL_PCD_Start     stm32f1xx_hal_pcd.o
    0x08003ce8   0x08003ce8   0x00000024   Code   RO         3569    i.HAL_PCD_SuspendCallback  usbd_conf.o
    0x08003d0c   0x08003d0c   0x000000a4   Code   RO         1209    i.HAL_RCCEx_GetPeriphCLKFreq  stm32f1xx_hal_rcc_ex.o
    0x08003db0   0x08003db0   0x000000ec   Code   RO         1210    i.HAL_RCCEx_PeriphCLKConfig  stm32f1xx_hal_rcc_ex.o
    0x08003e9c   0x08003e9c   0x0000012c   Code   RO         1106    i.HAL_RCC_ClockConfig  stm32f1xx_hal_rcc.o
    0x08003fc8   0x08003fc8   0x00000020   Code   RO         1113    i.HAL_RCC_GetPCLK1Freq  stm32f1xx_hal_rcc.o
    0x08003fe8   0x08003fe8   0x00000020   Code   RO         1114    i.HAL_RCC_GetPCLK2Freq  stm32f1xx_hal_rcc.o
    0x08004008   0x08004008   0x0000004c   Code   RO         1115    i.HAL_RCC_GetSysClockFreq  stm32f1xx_hal_rcc.o
    0x08004054   0x08004054   0x00000320   Code   RO         1118    i.HAL_RCC_OscConfig  stm32f1xx_hal_rcc.o
    0x08004374   0x08004374   0x00000028   Code   RO         1419    i.HAL_SYSTICK_Config  stm32f1xx_hal_cortex.o
    0x0800439c   0x0800439c   0x00000064   Code   RO         2651    i.HAL_UART_Init     stm32f1xx_hal_uart.o
    0x08004400   0x08004400   0x00000070   Code   RO          375    i.HAL_UART_MspInit  stm32f1xx_hal_msp.o
    0x08004470   0x08004470   0x000000a0   Code   RO         2659    i.HAL_UART_Transmit  stm32f1xx_hal_uart.o
    0x08004510   0x08004510   0x00000078   Code   RO           15    i.HID_VolumeControl  main.o
    0x08004588   0x08004588   0x00000002   Code   RO          266    i.HardFault_Handler  stm32f1xx_it.o
    0x0800458a   0x0800458a   0x00000002   PAD
    0x0800458c   0x0800458c   0x0000000c   Code   RO          267    i.I2C2_ER_IRQHandler  stm32f1xx_it.o
    0x08004598   0x08004598   0x0000000c   Code   RO          268    i.I2C2_EV_IRQHandler  stm32f1xx_it.o
    0x080045a4   0x080045a4   0x000000bc   Code   RO         2233    i.I2C_DMAAbort      stm32f1xx_hal_i2c.o
    0x08004660   0x08004660   0x00000010   Code   RO         2236    i.I2C_Flush_DR      stm32f1xx_hal_i2c.o
    0x08004670   0x08004670   0x00000158   Code   RO         2237    i.I2C_ITError       stm32f1xx_hal_i2c.o
    0x080047c8   0x080047c8   0x0000002e   Code   RO         2238    i.I2C_IsAcknowledgeFailed  stm32f1xx_hal_i2c.o
    0x080047f6   0x080047f6   0x000000da   Code   RO         2239    i.I2C_MasterReceive_BTF  stm32f1xx_hal_i2c.o
    0x080048d0   0x080048d0   0x000000f4   Code   RO         2240    i.I2C_MasterReceive_RXNE  stm32f1xx_hal_i2c.o
    0x080049c4   0x080049c4   0x000000ec   Code   RO         2241    i.I2C_MasterRequestRead  stm32f1xx_hal_i2c.o
    0x08004ab0   0x08004ab0   0x0000009c   Code   RO         2242    i.I2C_MasterRequestWrite  stm32f1xx_hal_i2c.o
    0x08004b4c   0x08004b4c   0x00000082   Code   RO         2243    i.I2C_MasterTransmit_BTF  stm32f1xx_hal_i2c.o
    0x08004bce   0x08004bce   0x00000002   PAD
    0x08004bd0   0x08004bd0   0x000000b6   Code   RO         2244    i.I2C_MasterTransmit_TXE  stm32f1xx_hal_i2c.o
    0x08004c86   0x08004c86   0x00000002   PAD
    0x08004c88   0x08004c88   0x00000158   Code   RO         2245    i.I2C_Master_ADDR   stm32f1xx_hal_i2c.o
    0x08004de0   0x08004de0   0x0000008c   Code   RO         2246    i.I2C_Master_SB     stm32f1xx_hal_i2c.o
    0x08004e6c   0x08004e6c   0x000000a8   Code   RO         2247    i.I2C_MemoryTransmit_TXE_BTF  stm32f1xx_hal_i2c.o
    0x08004f14   0x08004f14   0x00000046   Code   RO         2250    i.I2C_Slave_ADDR    stm32f1xx_hal_i2c.o
    0x08004f5a   0x08004f5a   0x00000002   PAD
    0x08004f5c   0x08004f5c   0x00000090   Code   RO         2251    i.I2C_Slave_AF      stm32f1xx_hal_i2c.o
    0x08004fec   0x08004fec   0x0000015c   Code   RO         2252    i.I2C_Slave_STOPF   stm32f1xx_hal_i2c.o
    0x08005148   0x08005148   0x00000056   Code   RO         2253    i.I2C_WaitOnBTFFlagUntilTimeout  stm32f1xx_hal_i2c.o
    0x0800519e   0x0800519e   0x00000002   PAD
    0x080051a0   0x080051a0   0x00000090   Code   RO         2254    i.I2C_WaitOnFlagUntilTimeout  stm32f1xx_hal_i2c.o
    0x08005230   0x08005230   0x000000bc   Code   RO         2255    i.I2C_WaitOnMasterAddressFlagUntilTimeout  stm32f1xx_hal_i2c.o
    0x080052ec   0x080052ec   0x00000070   Code   RO         2256    i.I2C_WaitOnRXNEFlagUntilTimeout  stm32f1xx_hal_i2c.o
    0x0800535c   0x0800535c   0x00000056   Code   RO         2257    i.I2C_WaitOnTXEFlagUntilTimeout  stm32f1xx_hal_i2c.o
    0x080053b2   0x080053b2   0x00000002   PAD
    0x080053b4   0x080053b4   0x00000038   Code   RO         3434    i.IntToUnicode      usbd_desc.o
    0x080053ec   0x080053ec   0x00000050   Code   RO           16    i.MX_ADC1_Init      main.o
    0x0800543c   0x0800543c   0x000000b8   Code   RO           17    i.MX_GPIO_Init      main.o
    0x080054f4   0x080054f4   0x00000054   Code   RO         3395    i.MX_USB_DEVICE_Init  usb_device.o
    0x08005548   0x08005548   0x00000114   Code   RO         3359    i.Matrix_handle     button_matrix.o
    0x0800565c   0x0800565c   0x00000080   Code   RO           18    i.Matrix_key_press_Callback  main.o
    0x080056dc   0x080056dc   0x00000002   Code   RO          269    i.MemManage_Handler  stm32f1xx_it.o
    0x080056de   0x080056de   0x00000002   Code   RO          270    i.NMI_Handler       stm32f1xx_it.o
    0x080056e0   0x080056e0   0x000000d4   Code   RO           19    i.Oled_display      main.o
    0x080057b4   0x080057b4   0x000003a6   Code   RO          502    i.PCD_EP_ISR_Handler  stm32f1xx_hal_pcd.o
    0x08005b5a   0x08005b5a   0x00000002   Code   RO          271    i.PendSV_Handler    stm32f1xx_it.o
    0x08005b5c   0x08005b5c   0x0000003c   Code   RO           20    i.Print_uart        main.o
    0x08005b98   0x08005b98   0x00000040   Code   RO         3064    i.SSD1306_DrawPixel  ssd1306.o
    0x08005bd8   0x08005bd8   0x00000018   Code   RO         3067    i.SSD1306_Fill      ssd1306.o
    0x08005bf0   0x08005bf0   0x0000000c   Code   RO         3068    i.SSD1306_GotoXY    ssd1306.o
    0x08005bfc   0x08005bfc   0x00000168   Code   RO         3069    i.SSD1306_Init      ssd1306.o
    0x08005d64   0x08005d64   0x000000a0   Code   RO         3073    i.SSD1306_Putc      ssd1306.o
    0x08005e04   0x08005e04   0x00000028   Code   RO         3074    i.SSD1306_Puts      ssd1306.o
    0x08005e2c   0x08005e2c   0x00000048   Code   RO         3081    i.SSD1306_UpdateScreen  ssd1306.o
    0x08005e74   0x08005e74   0x00000002   Code   RO          272    i.SVC_Handler       stm32f1xx_it.o
    0x08005e76   0x08005e76   0x00000002   PAD
    0x08005e78   0x08005e78   0x00000068   Code   RO           21    i.Send_consumer     main.o
    0x08005ee0   0x08005ee0   0x00000084   Code   RO           22    i.Send_key          main.o
    0x08005f64   0x08005f64   0x00000004   Code   RO          273    i.SysTick_Handler   stm32f1xx_it.o
    0x08005f68   0x08005f68   0x0000007c   Code   RO           23    i.SystemClock_Config  main.o
    0x08005fe4   0x08005fe4   0x00000002   Code   RO         2985    i.SystemInit        system_stm32f1xx.o
    0x08005fe6   0x08005fe6   0x0000004e   Code   RO         2674    i.UART_EndRxTransfer  stm32f1xx_hal_uart.o
    0x08006034   0x08006034   0x000000b8   Code   RO         2677    i.UART_SetConfig    stm32f1xx_hal_uart.o
    0x080060ec   0x080060ec   0x00000072   Code   RO         2680    i.UART_WaitOnFlagUntilTimeout  stm32f1xx_hal_uart.o
    0x0800615e   0x0800615e   0x0000000c   Code   RO         4047    i.USBD_CUSTOM_HID_DataIn  usbd_customhid.o
    0x0800616a   0x0800616a   0x00000024   Code   RO         4048    i.USBD_CUSTOM_HID_DataOut  usbd_customhid.o
    0x0800618e   0x0800618e   0x00000038   Code   RO         4049    i.USBD_CUSTOM_HID_DeInit  usbd_customhid.o
    0x080061c6   0x080061c6   0x00000022   Code   RO         4050    i.USBD_CUSTOM_HID_EP0_RxReady  usbd_customhid.o
    0x080061e8   0x080061e8   0x0000000c   Code   RO         4051    i.USBD_CUSTOM_HID_GetDeviceQualifierDesc  usbd_customhid.o
    0x080061f4   0x080061f4   0x0000000c   Code   RO         4052    i.USBD_CUSTOM_HID_GetFSCfgDesc  usbd_customhid.o
    0x08006200   0x08006200   0x0000000c   Code   RO         4053    i.USBD_CUSTOM_HID_GetHSCfgDesc  usbd_customhid.o
    0x0800620c   0x0800620c   0x0000000c   Code   RO         4054    i.USBD_CUSTOM_HID_GetOtherSpeedCfgDesc  usbd_customhid.o
    0x08006218   0x08006218   0x00000052   Code   RO         4055    i.USBD_CUSTOM_HID_Init  usbd_customhid.o
    0x0800626a   0x0800626a   0x00000010   Code   RO         4056    i.USBD_CUSTOM_HID_RegisterInterface  usbd_customhid.o
    0x0800627a   0x0800627a   0x00000028   Code   RO         4057    i.USBD_CUSTOM_HID_SendReport  usbd_customhid.o
    0x080062a2   0x080062a2   0x00000002   PAD
    0x080062a4   0x080062a4   0x000000e0   Code   RO         4058    i.USBD_CUSTOM_HID_Setup  usbd_customhid.o
    0x08006384   0x08006384   0x0000000e   Code   RO         3772    i.USBD_ClrClassConfig  usbd_core.o
    0x08006392   0x08006392   0x00000010   Code   RO         3983    i.USBD_CtlContinueRx  usbd_ioreq.o
    0x080063a2   0x080063a2   0x00000010   Code   RO         3984    i.USBD_CtlContinueSendData  usbd_ioreq.o
    0x080063b2   0x080063b2   0x00000016   Code   RO         3914    i.USBD_CtlError     usbd_ctlreq.o
    0x080063c8   0x080063c8   0x0000001e   Code   RO         3985    i.USBD_CtlPrepareRx  usbd_ioreq.o
    0x080063e6   0x080063e6   0x00000016   Code   RO         3986    i.USBD_CtlReceiveStatus  usbd_ioreq.o
    0x080063fc   0x080063fc   0x0000001a   Code   RO         3987    i.USBD_CtlSendData  usbd_ioreq.o
    0x08006416   0x08006416   0x00000016   Code   RO         3988    i.USBD_CtlSendStatus  usbd_ioreq.o
    0x0800642c   0x0800642c   0x00000028   Code   RO         3435    i.USBD_FS_ConfigStrDescriptor  usbd_desc.o
    0x08006454   0x08006454   0x0000000c   Code   RO         3436    i.USBD_FS_DeviceDescriptor  usbd_desc.o
    0x08006460   0x08006460   0x0000002c   Code   RO         3437    i.USBD_FS_InterfaceStrDescriptor  usbd_desc.o
    0x0800648c   0x0800648c   0x0000000c   Code   RO         3438    i.USBD_FS_LangIDStrDescriptor  usbd_desc.o
    0x08006498   0x08006498   0x00000028   Code   RO         3439    i.USBD_FS_ManufacturerStrDescriptor  usbd_desc.o
    0x080064c0   0x080064c0   0x00000028   Code   RO         3440    i.USBD_FS_ProductStrDescriptor  usbd_desc.o
    0x080064e8   0x080064e8   0x00000038   Code   RO         3441    i.USBD_FS_SerialStrDescriptor  usbd_desc.o
    0x08006520   0x08006520   0x000000e8   Code   RO         3915    i.USBD_GetDescriptor  usbd_ctlreq.o
    0x08006608   0x08006608   0x00000048   Code   RO         3916    i.USBD_GetString    usbd_ctlreq.o
    0x08006650   0x08006650   0x00000018   Code   RO         3570    i.USBD_Get_USB_Status  usbd_conf.o
    0x08006668   0x08006668   0x0000002a   Code   RO         3774    i.USBD_Init         usbd_core.o
    0x08006692   0x08006692   0x00000012   Code   RO         3571    i.USBD_LL_ClearStallEP  usbd_conf.o
    0x080066a4   0x080066a4   0x00000012   Code   RO         3572    i.USBD_LL_CloseEP   usbd_conf.o
    0x080066b6   0x080066b6   0x000000c6   Code   RO         3775    i.USBD_LL_DataInStage  usbd_core.o
    0x0800677c   0x0800677c   0x00000082   Code   RO         3776    i.USBD_LL_DataOutStage  usbd_core.o
    0x080067fe   0x080067fe   0x00000002   PAD
    0x08006800   0x08006800   0x00000070   Code   RO         3577    i.USBD_LL_Init      usbd_conf.o
    0x08006870   0x08006870   0x0000001e   Code   RO         3578    i.USBD_LL_IsStallEP  usbd_conf.o
    0x0800688e   0x0800688e   0x00000018   Code   RO         3579    i.USBD_LL_OpenEP    usbd_conf.o
    0x080068a6   0x080068a6   0x00000012   Code   RO         3580    i.USBD_LL_PrepareReceive  usbd_conf.o
    0x080068b8   0x080068b8   0x00000050   Code   RO         3781    i.USBD_LL_Reset     usbd_core.o
    0x08006908   0x08006908   0x00000014   Code   RO         3782    i.USBD_LL_Resume    usbd_core.o
    0x0800691c   0x0800691c   0x00000018   Code   RO         3783    i.USBD_LL_SOF       usbd_core.o
    0x08006934   0x08006934   0x00000006   Code   RO         3784    i.USBD_LL_SetSpeed  usbd_core.o
    0x0800693a   0x0800693a   0x00000012   Code   RO         3581    i.USBD_LL_SetUSBAddress  usbd_conf.o
    0x0800694c   0x0800694c   0x0000005a   Code   RO         3785    i.USBD_LL_SetupStage  usbd_core.o
    0x080069a6   0x080069a6   0x00000012   Code   RO         3582    i.USBD_LL_StallEP   usbd_conf.o
    0x080069b8   0x080069b8   0x00000012   Code   RO         3583    i.USBD_LL_Start     usbd_conf.o
    0x080069ca   0x080069ca   0x00000012   Code   RO         3786    i.USBD_LL_Suspend   usbd_core.o
    0x080069dc   0x080069dc   0x00000012   Code   RO         3585    i.USBD_LL_Transmit  usbd_conf.o
    0x080069ee   0x080069ee   0x00000028   Code   RO         3917    i.USBD_ParseSetupRequest  usbd_ctlreq.o
    0x08006a16   0x08006a16   0x00000010   Code   RO         3787    i.USBD_RegisterClass  usbd_core.o
    0x08006a26   0x08006a26   0x00000016   Code   RO         3789    i.USBD_SetClassConfig  usbd_core.o
    0x08006a3c   0x08006a3c   0x00000084   Code   RO         3918    i.USBD_SetConfig    usbd_ctlreq.o
    0x08006ac0   0x08006ac0   0x0000000a   Code   RO         3790    i.USBD_Start        usbd_core.o
    0x08006aca   0x08006aca   0x00000112   Code   RO         3919    i.USBD_StdDevReq    usbd_ctlreq.o
    0x08006bdc   0x08006bdc   0x00000150   Code   RO         3920    i.USBD_StdEPReq     usbd_ctlreq.o
    0x08006d2c   0x08006d2c   0x0000004e   Code   RO         3921    i.USBD_StdItfReq    usbd_ctlreq.o
    0x08006d7a   0x08006d7a   0x00000002   Code   RO         3586    i.USBD_static_free  usbd_conf.o
    0x08006d7c   0x08006d7c   0x00000008   Code   RO         3587    i.USBD_static_malloc  usbd_conf.o
    0x08006d84   0x08006d84   0x0000029c   Code   RO          745    i.USB_ActivateEndpoint  stm32f1xx_ll_usb.o
    0x08007020   0x08007020   0x00000004   Code   RO          748    i.USB_CoreInit      stm32f1xx_ll_usb.o
    0x08007024   0x08007024   0x0000010e   Code   RO          750    i.USB_DeactivateEndpoint  stm32f1xx_ll_usb.o
    0x08007132   0x08007132   0x00000004   Code   RO          751    i.USB_DevConnect    stm32f1xx_ll_usb.o
    0x08007136   0x08007136   0x00000004   Code   RO          752    i.USB_DevDisconnect  stm32f1xx_ll_usb.o
    0x0800713a   0x0800713a   0x00000012   Code   RO          753    i.USB_DevInit       stm32f1xx_ll_usb.o
    0x0800714c   0x0800714c   0x0000000e   Code   RO          754    i.USB_DisableGlobalInt  stm32f1xx_ll_usb.o
    0x0800715a   0x0800715a   0x00000004   Code   RO          755    i.USB_EP0_OutStart  stm32f1xx_ll_usb.o
    0x0800715e   0x0800715e   0x00000078   Code   RO          756    i.USB_EPClearStall  stm32f1xx_ll_usb.o
    0x080071d6   0x080071d6   0x00000032   Code   RO          757    i.USB_EPSetStall    stm32f1xx_ll_usb.o
    0x08007208   0x08007208   0x000004e2   Code   RO          758    i.USB_EPStartXfer   stm32f1xx_ll_usb.o
    0x080076ea   0x080076ea   0x00000012   Code   RO          760    i.USB_EnableGlobalInt  stm32f1xx_ll_usb.o
    0x080076fc   0x080076fc   0x0000000c   Code   RO          274    i.USB_HP_CAN1_TX_IRQHandler  stm32f1xx_it.o
    0x08007708   0x08007708   0x0000000c   Code   RO          275    i.USB_LP_CAN1_RX0_IRQHandler  stm32f1xx_it.o
    0x08007714   0x08007714   0x00000006   Code   RO          767    i.USB_ReadInterrupts  stm32f1xx_ll_usb.o
    0x0800771a   0x0800771a   0x00000002   PAD
    0x0800771c   0x0800771c   0x0000002c   Code   RO          768    i.USB_ReadPMA       stm32f1xx_ll_usb.o
    0x08007748   0x08007748   0x00000004   Code   RO          769    i.USB_SetCurrentMode  stm32f1xx_ll_usb.o
    0x0800774c   0x0800774c   0x0000000c   Code   RO          770    i.USB_SetDevAddress  stm32f1xx_ll_usb.o
    0x08007758   0x08007758   0x00000026   Code   RO          772    i.USB_WritePMA      stm32f1xx_ll_usb.o
    0x0800777e   0x0800777e   0x00000002   Code   RO          276    i.UsageFault_Handler  stm32f1xx_it.o
    0x08007780   0x08007780   0x00000028   Code   RO         4342    i.__ARM_fpclassify  m_ws.l(fpclassify.o)
    0x080077a8   0x080077a8   0x00000020   Code   RO         1421    i.__NVIC_SetPriority  stm32f1xx_hal_cortex.o
    0x080077c8   0x080077c8   0x0000000e   Code   RO         4163    i._is_digit         c_w.l(__printf_wp.o)
    0x080077d6   0x080077d6   0x00000002   PAD
    0x080077d8   0x080077d8   0x00000110   Code   RO           24    i.main              main.o
    0x080078e8   0x080078e8   0x0000000c   Code   RO         3082    i.ssd1306_I2C_Init  ssd1306.o
    0x080078f4   0x080078f4   0x00000020   Code   RO         3083    i.ssd1306_I2C_Write  ssd1306.o
    0x08007914   0x08007914   0x00000038   Code   RO         3084    i.ssd1306_I2C_WriteMulti  ssd1306.o
    0x0800794c   0x0800794c   0x0000002c   Code   RO         4329    locale$$code        c_w.l(lc_numeric_c.o)
    0x08007978   0x08007978   0x0000002c   Code   RO         4350    locale$$code        c_w.l(lc_ctype_c.o)
    0x080079a4   0x080079a4   0x00000004   Code   RO         4256    x$fpl$printf1       fz_ws.l(printf1.o)
    0x080079a8   0x080079a8   0x00000004   Code   RO         4258    x$fpl$printf2       fz_ws.l(printf2.o)
    0x080079ac   0x080079ac   0x00000000   Code   RO         4341    x$fpl$usenofp       fz_ws.l(usenofp.o)
    0x080079ac   0x080079ac   0x00000046   Data   RO           27    .constdata          main.o
    0x080079f2   0x080079f2   0x00000012   Data   RO         1119    .constdata          stm32f1xx_hal_rcc.o
    0x08007a04   0x08007a04   0x00000012   Data   RO         1211    .constdata          stm32f1xx_hal_rcc_ex.o
    0x08007a16   0x08007a16   0x00000010   Data   RO         2986    .constdata          system_stm32f1xx.o
    0x08007a26   0x08007a26   0x00000008   Data   RO         2987    .constdata          system_stm32f1xx.o
    0x08007a2e   0x08007a2e   0x0000076c   Data   RO         3023    .constdata          fonts.o
    0x0800819a   0x0800819a   0x00000d5c   Data   RO         3024    .constdata          fonts.o
    0x08008ef6   0x08008ef6   0x00000011   Data   RO         4171    .constdata          c_w.l(__printf_flags_ss_wp.o)
    0x08008f07   0x08008f07   0x00000001   PAD
    0x08008f08   0x08008f08   0x00000008   Data   RO         4202    .constdata          c_w.l(_printf_wctomb.o)
    0x08008f10   0x08008f10   0x00000028   Data   RO         4231    .constdata          c_w.l(_printf_hex_int_ll_ptr.o)
    0x08008f38   0x08008f38   0x00000026   Data   RO         4284    .constdata          c_w.l(_printf_fp_hex.o)
    0x08008f5e   0x08008f5e   0x00000002   PAD
    0x08008f60   0x08008f60   0x00000094   Data   RO         4304    .constdata          c_w.l(bigflt0.o)
    0x08008ff4   0x08008ff4   0x00000020   Data   RO         4476    Region$$Table       anon$$obj.o
    0x08009014   0x08009014   0x0000001c   Data   RO         4328    locale$$data        c_w.l(lc_numeric_c.o)
    0x08009030   0x08009030   0x00000110   Data   RO         4349    locale$$data        c_w.l(lc_ctype_c.o)


    Execution Region RW_IRAM1 (Exec base: 0x20000000, Load base: 0x08009140, Size: 0x00001720, Max: 0x00005000, ABSOLUTE, COMPRESSED[0x00000168])

    Exec Addr    Load Addr    Size         Type   Attr      Idx    E Section Name        Object

    0x20000000   COMPRESSED   0x00000020   Data   RW           30    .data               main.o
    0x20000020   COMPRESSED   0x00000020   Data   RW           31    .data               main.o
    0x20000040   COMPRESSED   0x0000005c   Data   RW           32    .data               main.o
    0x2000009c   COMPRESSED   0x0000000c   Data   RW          956    .data               stm32f1xx_hal.o
    0x200000a8   COMPRESSED   0x00000004   Data   RW         2988    .data               system_stm32f1xx.o
    0x200000ac   COMPRESSED   0x00000008   Data   RW         3026    .data               fonts.o
    0x200000b4   COMPRESSED   0x00000008   Data   RW         3027    .data               fonts.o
    0x200000bc   COMPRESSED   0x00000006   Data   RW         3086    .data               ssd1306.o
    0x200000c2   COMPRESSED   0x00000002   PAD
    0x200000c4   COMPRESSED   0x00000004   Data   RW         3259    .data               ds1307.o
    0x200000c8   COMPRESSED   0x0000001c   Data   RW         3443    .data               usbd_desc.o
    0x200000e4   COMPRESSED   0x00000032   Data   RW         3444    .data               usbd_desc.o
    0x20000116   COMPRESSED   0x00000002   PAD
    0x20000118   COMPRESSED   0x0000005a   Data   RW         3514    .data               usbd_custom_hid_if.o
    0x20000172   COMPRESSED   0x00000002   PAD
    0x20000174   COMPRESSED   0x00000010   Data   RW         3515    .data               usbd_custom_hid_if.o
    0x20000184   COMPRESSED   0x00000001   Data   RW         3922    .data               usbd_ctlreq.o
    0x20000185   COMPRESSED   0x00000003   PAD
    0x20000188   COMPRESSED   0x00000038   Data   RW         4059    .data               usbd_customhid.o
    0x200001c0   COMPRESSED   0x0000009a   Data   RW         4060    .data               usbd_customhid.o
    0x2000025a   COMPRESSED   0x00000002   PAD
    0x2000025c        -       0x000001b0   Zero   RW           25    .bss                main.o
    0x2000040c        -       0x00000044   Zero   RW           26    .bss                main.o
    0x20000450        -       0x00000400   Zero   RW         3085    .bss                ssd1306.o
    0x20000850        -       0x000000b0   Zero   RW         3361    .bss                button_matrix.o
    0x20000900        -       0x000002c4   Zero   RW         3396    .bss                usb_device.o
    0x20000bc4        -       0x00000200   Zero   RW         3442    .bss                usbd_desc.o
    0x20000dc4        -       0x000002f8   Zero   RW         3588    .bss                usbd_conf.o
    0x200010bc        -       0x00000060   Zero   RW         4345    .bss                c_w.l(libspace.o)
    0x2000111c   COMPRESSED   0x00000004   PAD
    0x20001120        -       0x00000200   Zero   RW            2    HEAP                startup_stm32f103xb.o
    0x20001320        -       0x00000400   Zero   RW            1    STACK               startup_stm32f103xb.o


==============================================================================

Image component sizes


      Code (inc. data)   RO Data    RW Data    ZI Data      Debug   Object Name

       276          6          0          0        176       2490   button_matrix.o
       244         12          0          4          0       3227   ds1307.o
         0          0       5320         16          0       1311   fonts.o
      1484        286         70        156        500     453183   main.o
       832         54          0          6       1024       8276   ssd1306.o
        64         26        236          0       1536        792   startup_stm32f103xb.o
       164         28          0         12          0       5873   stm32f1xx_hal.o
      1134         56          0          0          0       8422   stm32f1xx_hal_adc.o
       216          6          0          0          0       1518   stm32f1xx_hal_adc_ex.o
       198         14          0          0          0      28855   stm32f1xx_hal_cortex.o
       744         36          0          0          0       4869   stm32f1xx_hal_dma.o
       500         34          0          0          0       3563   stm32f1xx_hal_gpio.o
      6014        104          0          0          0      32940   stm32f1xx_hal_i2c.o
       496         56          0          0          0       3205   stm32f1xx_hal_msp.o
      3026          0          0          0          0      13505   stm32f1xx_hal_pcd.o
        60          0          0          0          0       1258   stm32f1xx_hal_pcd_ex.o
      1240         84         18          0          0       5120   stm32f1xx_hal_rcc.o
       400         28         18          0          0       2533   stm32f1xx_hal_rcc_ex.o
       636          6          0          0          0       4648   stm32f1xx_hal_uart.o
        80         30          0          0          0       5828   stm32f1xx_it.o
      2528          0          0          0          0      15899   stm32f1xx_ll_usb.o
         2          0         24          4          0       1183   system_stm32f1xx.o
        84         18          0          0        708        756   usb_device.o
       546         28          0          0        760      13341   usbd_conf.o
       670          0          0          0          0       9319   usbd_core.o
      1186         28          0          1          0       7868   usbd_ctlreq.o
        12          0          0        106          0       2104   usbd_custom_hid_if.o
       548         32          0        210          0      10615   usbd_customhid.o
       300        116          0         78        512       5873   usbd_desc.o
       132          0          0          0          0       4312   usbd_ioreq.o

    ----------------------------------------------------------------------
     23856       1088       5718        604       5216     662686   Object Totals
         0          0         32          0          0          0   (incl. Generated)
        40          0          0         11          0          0   (incl. Padding)

    ----------------------------------------------------------------------

      Code (inc. data)   RO Data    RW Data    ZI Data      Debug   Library Member Name

        44          6          0          0          0         84   __2sprintf.o
        90          0          0          0          0          0   __dczerorl2.o
         8          0          0          0          0         68   __main.o
       392          4         17          0          0         92   __printf_flags_ss_wp.o
        14          0          0          0          0         68   __printf_wp.o
         0          0          0          0          0          0   __rtentry.o
        12          0          0          0          0          0   __rtentry2.o
         6          0          0          0          0          0   __rtentry4.o
        52          8          0          0          0          0   __scatter.o
        28          0          0          0          0          0   __scatter_zi.o
         6          0          0          0          0          0   _printf_a.o
         6          0          0          0          0          0   _printf_c.o
        44          0          0          0          0        108   _printf_char.o
        48          6          0          0          0         96   _printf_char_common.o
        40          0          0          0          0         68   _printf_charcount.o
         6          0          0          0          0          0   _printf_d.o
       120         16          0          0          0         92   _printf_dec.o
         6          0          0          0          0          0   _printf_e.o
         6          0          0          0          0          0   _printf_f.o
      1054          0          0          0          0        216   _printf_fp_dec.o
       764          8         38          0          0        100   _printf_fp_hex.o
       128         16          0          0          0         84   _printf_fp_infnan.o
         6          0          0          0          0          0   _printf_g.o
       148          4         40          0          0        160   _printf_hex_int_ll_ptr.o
         6          0          0          0          0          0   _printf_i.o
       178          0          0          0          0         88   _printf_intcommon.o
        10          0          0          0          0          0   _printf_l.o
         6          0          0          0          0          0   _printf_lc.o
        10          0          0          0          0          0   _printf_ll.o
         6          0          0          0          0          0   _printf_lld.o
         6          0          0          0          0          0   _printf_lli.o
         6          0          0          0          0          0   _printf_llo.o
         6          0          0          0          0          0   _printf_llu.o
         6          0          0          0          0          0   _printf_llx.o
       124         16          0          0          0         92   _printf_longlong_dec.o
         6          0          0          0          0          0   _printf_ls.o
         6          0          0          0          0          0   _printf_n.o
         6          0          0          0          0          0   _printf_o.o
       112         10          0          0          0        124   _printf_oct_int_ll.o
         6          0          0          0          0          0   _printf_p.o
        78          0          0          0          0        108   _printf_pad.o
         0          0          0          0          0          0   _printf_percent.o
         4          0          0          0          0          0   _printf_percent_end.o
         6          0          0          0          0          0   _printf_s.o
        82          0          0          0          0         80   _printf_str.o
        36          0          0          0          0         84   _printf_truncate.o
         6          0          0          0          0          0   _printf_u.o
        44          0          0          0          0        108   _printf_wchar.o
       188          6          8          0          0         92   _printf_wctomb.o
         6          0          0          0          0          0   _printf_x.o
        16          0          0          0          0         68   _snputc.o
        10          0          0          0          0         68   _sputc.o
        64          0          0          0          0         92   _wcrtomb.o
        16          0          0          0          0         68   aeabi_memset.o
       228          4        148          0          0         96   bigflt0.o
      1936        128          0          0          0        672   btod.o
        18          0          0          0          0         80   exit.o
         6          0          0          0          0        152   heapauxi.o
         0          0          0          0          0          0   indicate_semi.o
        44         10        272          0          0         76   lc_ctype_c.o
        44         10         28          0          0         76   lc_numeric_c.o
         2          0          0          0          0          0   libinit.o
        30          0          0          0          0          0   libinit2.o
         2          0          0          0          0          0   libshutdown.o
         2          0          0          0          0          0   libshutdown2.o
         8          4          0          0         96         68   libspace.o
       138          0          0          0          0         80   lludiv10.o
        16          4          0          0          0         76   rt_ctype_table.o
         8          4          0          0          0         68   rt_locale_intlibspace.o
        68          0          0          0          0         68   rt_memclr.o
        78          0          0          0          0         80   rt_memclr_w.o
         2          0          0          0          0          0   rtexit.o
        10          0          0          0          0          0   rtexit2.o
       128          0          0          0          0         68   strcmpv7m.o
        12          4          0          0          0         68   sys_exit.o
        74          0          0          0          0         80   sys_stackheap_outer.o
         2          0          0          0          0         68   use_no_semi.o
        52          4          0          0          0         80   vsnprintf.o
         4          0          0          0          0         68   printf1.o
         4          0          0          0          0         68   printf2.o
         0          0          0          0          0          0   usenofp.o
        40          0          0          0          0         68   fpclassify.o

    ----------------------------------------------------------------------
      7056        272        554          0        100       4468   Library Totals
        16          0          3          0          4          0   (incl. Padding)

    ----------------------------------------------------------------------

      Code (inc. data)   RO Data    RW Data    ZI Data      Debug   Library Name

      6992        272        551          0         96       4264   c_w.l
         8          0          0          0          0        136   fz_ws.l
        40          0          0          0          0         68   m_ws.l

    ----------------------------------------------------------------------
      7056        272        554          0        100       4468   Library Totals

    ----------------------------------------------------------------------

==============================================================================


      Code (inc. data)   RO Data    RW Data    ZI Data      Debug   

     30912       1360       6272        604       5316     653006   Grand Totals
     30912       1360       6272        360       5316     653006   ELF Image Totals (compressed)
     30912       1360       6272        360          0          0   ROM Totals

==============================================================================

    Total RO  Size (Code + RO Data)                37184 (  36.31kB)
    Total RW  Size (RW Data + ZI Data)              5920 (   5.78kB)
    Total ROM Size (Code + RO Data + RW Data)      37544 (  36.66kB)

==============================================================================

